Step 08 Prototype 5a refined: FFT-II known-two-target fair compare
Routes: baseline / proto4 / proto4b / proto4e / Root-MUSIC / FFT-II refined
Fairness rule: each (sep_factor, snr_db, metkl_num) uses an independent fixed RNG seed.
base_seed=20260521
snr_list=[14 16 18 20 22 24 26 28], Metkl=200, T_snap=260, tol_deg_abs=0.100, tol_rel_ratio=0.250
sep_factor_list=[7 8 9 10]
Route B settings: K_fbss=56, M_full=48, center_beam_count=37, search_scale_B=4.00, Nfft_spatial=4096
FFT-II settings: D=2, max_outer_iter=6, max_iter_refine=60, angle_tol_stop_deg=0.001, residual_change_tol=0.001, local_refine_step=0.0050

=== sep_factor = 7, theta_sep = 0.4000 deg ===
SNR=14 dB | baseline(abs=0.815 rel=0.815) proto4(abs=0.515 rel=0.515) proto4b(abs=0.570 rel=0.570) proto4e(abs=0.565 rel=0.565) root(abs=0.995 rel=0.995) fftii(abs=0.065 rel=0.065) | fft_err_mean=-2.8488 std=24.3482 | fwhm_mean=2.3014 std=0.7335 | fftii_outer_mean=2.94 pres_final=5.1762e-04
sample metkl=1 | center_true=13.0000 center_fft=12.8049 err_fft=-0.1951 fwhm=2.0994 | init_mode=single_peak_fallback theta_init=[12.6049 13.0049] alpha1=[9.2960e-03-2.6486e-03j] root=[12.8628 13.1654] fftii=[12.6654 13.0683] pres_final=4.8243e-04
SNR=16 dB | baseline(abs=1.000 rel=1.000) proto4(abs=0.855 rel=0.855) proto4b(abs=0.880 rel=0.880) proto4e(abs=0.870 rel=0.870) root(abs=1.000 rel=1.000) fftii(abs=0.080 rel=0.080) | fft_err_mean=-2.2043 std=14.7153 | fwhm_mean=2.1402 std=0.5195 | fftii_outer_mean=3.04 pres_final=3.3128e-04
sample metkl=1 | center_true=13.0000 center_fft=-6.6619 err_fft=-19.6619 fwhm=1.6167 | init_mode=single_peak_fallback theta_init=[-6.8619 -6.4619] alpha1=[1.4197e-03-6.1883e-03j] root=[12.8246 13.2136] fftii=[-6.7512 -6.5252] pres_final=2.8432e-04
SNR=18 dB | baseline(abs=1.000 rel=1.000) proto4(abs=0.955 rel=0.955) proto4b(abs=0.985 rel=0.985) proto4e(abs=0.985 rel=0.985) root(abs=1.000 rel=1.000) fftii(abs=0.150 rel=0.150) | fft_err_mean=-0.3495 std=4.3588 | fwhm_mean=1.9794 std=0.2102 | fftii_outer_mean=2.65 pres_final=2.1257e-04
sample metkl=1 | center_true=13.0000 center_fft=13.0424 err_fft=0.0424 fwhm=1.8595 | init_mode=single_peak_fallback theta_init=[12.8424 13.2424] alpha1=[7.1071e-03+1.5519e-03j] root=[12.7811 13.1707] fftii=[12.8589 13.1864] pres_final=2.3605e-04
SNR=20 dB | baseline(abs=1.000 rel=1.000) proto4(abs=1.000 rel=1.000) proto4b(abs=1.000 rel=1.000) proto4e(abs=1.000 rel=1.000) root(abs=1.000 rel=1.000) fftii(abs=0.190 rel=0.190) | fft_err_mean=-0.0053 std=0.1873 | fwhm_mean=1.9774 std=0.1627 | fftii_outer_mean=2.94 pres_final=1.3344e-04
sample metkl=1 | center_true=13.0000 center_fft=12.9745 err_fft=-0.0255 fwhm=2.2849 | init_mode=single_peak_fallback theta_init=[12.7745 13.1745] alpha1=[5.8908e-03+1.1101e-03j] root=[12.7737 13.1711] fftii=[11.4802 13.4736] pres_final=1.1611e-04
SNR=22 dB | baseline(abs=1.000 rel=1.000) proto4(abs=1.000 rel=1.000) proto4b(abs=1.000 rel=1.000) proto4e(abs=1.000 rel=1.000) root(abs=1.000 rel=1.000) fftii(abs=0.285 rel=0.285) | fft_err_mean=0.0056 std=0.1400 | fwhm_mean=1.9615 std=0.1184 | fftii_outer_mean=2.84 pres_final=8.3710e-05
sample metkl=1 | center_true=13.0000 center_fft=13.1442 err_fft=0.1442 fwhm=1.9268 | init_mode=single_peak_fallback theta_init=[12.9442 13.3442] alpha1=[7.6255e-03+1.7434e-03j] root=[12.7965 13.1944] fftii=[12.9634 13.3349] pres_final=8.4325e-05
SNR=24 dB | baseline(abs=1.000 rel=1.000) proto4(abs=1.000 rel=1.000) proto4b(abs=1.000 rel=1.000) proto4e(abs=1.000 rel=1.000) root(abs=1.000 rel=1.000) fftii(abs=0.370 rel=0.370) | fft_err_mean=-0.0135 std=0.1061 | fwhm_mean=1.9568 std=0.0816 | fftii_outer_mean=2.90 pres_final=5.2397e-05
sample metkl=1 | center_true=13.0000 center_fft=13.0084 err_fft=0.0084 fwhm=2.0359 | init_mode=single_peak_fallback theta_init=[12.8084 13.2084] alpha1=[6.9054e-03+8.0631e-04j] root=[12.8027 13.1989] fftii=[12.7429 13.2606] pres_final=5.2020e-05
SNR=26 dB | baseline(abs=1.000 rel=1.000) proto4(abs=1.000 rel=1.000) proto4b(abs=1.000 rel=1.000) proto4e(abs=1.000 rel=1.000) root(abs=1.000 rel=1.000) fftii(abs=0.475 rel=0.475) | fft_err_mean=-0.0014 std=0.0911 | fwhm_mean=1.9371 std=0.0691 | fftii_outer_mean=2.59 pres_final=3.3435e-05
sample metkl=1 | center_true=13.0000 center_fft=13.0084 err_fft=0.0084 fwhm=1.8899 | init_mode=single_peak_fallback theta_init=[12.8084 13.2084] alpha1=[8.1220e-03+6.8739e-04j] root=[12.7941 13.1983] fftii=[12.8408 13.1740] pres_final=3.8916e-05
SNR=28 dB | baseline(abs=1.000 rel=1.000) proto4(abs=1.000 rel=1.000) proto4b(abs=1.000 rel=1.000) proto4e(abs=1.000 rel=1.000) root(abs=1.000 rel=1.000) fftii(abs=0.585 rel=0.585) | fft_err_mean=0.0005 std=0.0703 | fwhm_mean=1.9397 std=0.0534 | fftii_outer_mean=2.56 pres_final=2.1701e-05
sample metkl=1 | center_true=13.0000 center_fft=13.0424 err_fft=0.0424 fwhm=1.9640 | init_mode=single_peak_fallback theta_init=[12.8424 13.2424] alpha1=[7.4217e-03+4.1060e-04j] root=[12.8006 13.2017] fftii=[12.8092 13.2281] pres_final=1.9934e-05

=== sep_factor = 8, theta_sep = 0.3500 deg ===
SNR=14 dB | baseline(abs=0.210 rel=0.190) proto4(abs=0.120 rel=0.110) proto4b(abs=0.135 rel=0.120) proto4e(abs=0.135 rel=0.125) root(abs=0.615 rel=0.495) fftii(abs=0.090 rel=0.070) | fft_err_mean=-3.5881 std=19.6289 | fwhm_mean=2.2734 std=0.6902 | fftii_outer_mean=2.96 pres_final=5.3897e-04
sample metkl=1 | center_true=13.0000 center_fft=12.8049 err_fft=-0.1951 fwhm=1.6701 | init_mode=single_peak_fallback theta_init=[12.6299 12.9799] alpha1=[9.3976e-03-8.0713e-03j] root=[12.8944 13.1097] fftii=[12.6837 12.8831] pres_final=7.1714e-04
SNR=16 dB | baseline(abs=0.590 rel=0.545) proto4(abs=0.495 rel=0.435) proto4b(abs=0.545 rel=0.470) proto4e(abs=0.530 rel=0.485) root(abs=0.935 rel=0.855) fftii(abs=0.130 rel=0.100) | fft_err_mean=-1.2262 std=12.9150 | fwhm_mean=2.1219 std=0.6489 | fftii_outer_mean=2.75 pres_final=3.4213e-04
sample metkl=1 | center_true=13.0000 center_fft=12.9745 err_fft=-0.0255 fwhm=1.7252 | init_mode=single_peak_fallback theta_init=[12.7995 13.1495] alpha1=[1.1465e-02-1.5378e-03j] root=[12.8564 13.1696] fftii=[12.8910 13.0664] pres_final=3.0471e-04
SNR=18 dB | baseline(abs=0.930 rel=0.920) proto4(abs=0.925 rel=0.915) proto4b(abs=0.935 rel=0.920) proto4e(abs=0.930 rel=0.910) root(abs=0.990 rel=0.980) fftii(abs=0.210 rel=0.155) | fft_err_mean=-0.0129 std=0.2146 | fwhm_mean=2.0060 std=0.2164 | fftii_outer_mean=2.87 pres_final=2.1506e-04
sample metkl=1 | center_true=13.0000 center_fft=13.5180 err_fft=0.5180 fwhm=1.8707 | init_mode=single_peak_fallback theta_init=[13.3430 13.6930] alpha1=[7.6388e-03+8.1252e-03j] root=[12.8212 13.1430] fftii=[13.3768 13.6747] pres_final=2.2621e-04
SNR=20 dB | baseline(abs=1.000 rel=1.000) proto4(abs=0.985 rel=0.985) proto4b(abs=1.000 rel=1.000) proto4e(abs=1.000 rel=1.000) root(abs=1.000 rel=0.995) fftii(abs=0.195 rel=0.160) | fft_err_mean=-0.0010 std=0.2008 | fwhm_mean=1.9789 std=0.1657 | fftii_outer_mean=2.67 pres_final=1.3667e-04
sample metkl=1 | center_true=13.0000 center_fft=13.1442 err_fft=0.1442 fwhm=1.9870 | init_mode=single_peak_fallback theta_init=[12.9692 13.3192] alpha1=[8.0091e-03+1.3596e-03j] root=[12.8598 13.2078] fftii=[12.9161 13.3159] pres_final=1.3282e-04
SNR=22 dB | baseline(abs=1.000 rel=1.000) proto4(abs=1.000 rel=1.000) proto4b(abs=1.000 rel=1.000) proto4e(abs=1.000 rel=1.000) root(abs=1.000 rel=1.000) fftii(abs=0.350 rel=0.285) | fft_err_mean=-0.0106 std=0.1302 | fwhm_mean=1.9550 std=0.0993 | fftii_outer_mean=2.62 pres_final=8.5771e-05
sample metkl=1 | center_true=13.0000 center_fft=12.9405 err_fft=-0.0595 fwhm=1.9124 | init_mode=single_peak_fallback theta_init=[12.7655 13.1155] alpha1=[9.3362e-03+4.7796e-04j] root=[12.8465 13.2142] fftii=[12.7804 13.1074] pres_final=9.2477e-05
SNR=24 dB | baseline(abs=1.000 rel=1.000) proto4(abs=1.000 rel=1.000) proto4b(abs=1.000 rel=1.000) proto4e(abs=1.000 rel=1.000) root(abs=1.000 rel=1.000) fftii(abs=0.455 rel=0.420) | fft_err_mean=0.0144 std=0.1055 | fwhm_mean=1.9412 std=0.0872 | fftii_outer_mean=2.58 pres_final=5.4847e-05
sample metkl=1 | center_true=13.0000 center_fft=12.9745 err_fft=-0.0255 fwhm=1.9398 | init_mode=single_peak_fallback theta_init=[12.7995 13.1495] alpha1=[7.5956e-03+6.2976e-04j] root=[12.7957 13.1578] fftii=[12.9328 13.4233] pres_final=5.9448e-05
SNR=26 dB | baseline(abs=1.000 rel=1.000) proto4(abs=1.000 rel=1.000) proto4b(abs=1.000 rel=1.000) proto4e(abs=1.000 rel=1.000) root(abs=1.000 rel=1.000) fftii(abs=0.530 rel=0.465) | fft_err_mean=0.0098 std=0.0891 | fwhm_mean=1.9395 std=0.0709 | fftii_outer_mean=2.50 pres_final=3.4612e-05
sample metkl=1 | center_true=13.0000 center_fft=13.0084 err_fft=0.0084 fwhm=1.9594 | init_mode=single_peak_fallback theta_init=[12.8334 13.1834] alpha1=[7.4522e-03+5.8225e-05j] root=[12.8245 13.1839] fftii=[12.8137 13.1960] pres_final=3.2475e-05
SNR=28 dB | baseline(abs=1.000 rel=1.000) proto4(abs=1.000 rel=1.000) proto4b(abs=1.000 rel=1.000) proto4e(abs=1.000 rel=1.000) root(abs=1.000 rel=1.000) fftii(abs=0.645 rel=0.580) | fft_err_mean=0.0013 std=0.0750 | fwhm_mean=1.9408 std=0.0563 | fftii_outer_mean=2.51 pres_final=2.1842e-05
sample metkl=1 | center_true=13.0000 center_fft=12.9745 err_fft=-0.0255 fwhm=1.9250 | init_mode=single_peak_fallback theta_init=[12.7995 13.1495] alpha1=[7.9150e-03-1.0718e-04j] root=[12.8185 13.1654] fftii=[12.8061 13.1437] pres_final=2.5808e-05

=== sep_factor = 9, theta_sep = 0.3111 deg ===
SNR=14 dB | baseline(abs=0.005 rel=0.000) proto4(abs=0.000 rel=0.000) proto4b(abs=0.000 rel=0.000) proto4e(abs=0.000 rel=0.000) root(abs=0.095 rel=0.040) fftii(abs=0.105 rel=0.090) | fft_err_mean=-0.9224 std=23.4664 | fwhm_mean=2.3691 std=1.5783 | fftii_outer_mean=2.43 pres_final=5.4431e-04
sample metkl=1 | center_true=13.0000 center_fft=12.8727 err_fft=-0.1273 fwhm=2.0103 | init_mode=single_peak_fallback theta_init=[12.7171 13.0282] alpha1=[8.1388e-03-2.3246e-03j] root=[12.9794 13.1097] fftii=[12.6958 13.0969] pres_final=4.3189e-04
SNR=16 dB | baseline(abs=0.060 rel=0.050) proto4(abs=0.045 rel=0.025) proto4b(abs=0.055 rel=0.040) proto4e(abs=0.055 rel=0.035) root(abs=0.515 rel=0.295) fftii(abs=0.155 rel=0.110) | fft_err_mean=-2.1122 std=11.3246 | fwhm_mean=2.0624 std=0.3506 | fftii_outer_mean=2.74 pres_final=3.4594e-04
sample metkl=1 | center_true=13.0000 center_fft=12.7709 err_fft=-0.2291 fwhm=1.8521 | init_mode=single_peak_fallback theta_init=[12.6154 12.9265] alpha1=[9.3208e-03-8.4445e-04j] root=[12.9152 13.0465] fftii=[12.6367 12.8928] pres_final=2.3855e-04
SNR=18 dB | baseline(abs=0.425 rel=0.395) proto4(abs=0.425 rel=0.370) proto4b(abs=0.425 rel=0.380) proto4e(abs=0.435 rel=0.380) root(abs=0.890 rel=0.725) fftii(abs=0.215 rel=0.160) | fft_err_mean=-0.1651 std=2.4609 | fwhm_mean=1.9902 std=0.1905 | fftii_outer_mean=2.63 pres_final=2.1852e-04
sample metkl=1 | center_true=13.0000 center_fft=12.9745 err_fft=-0.0255 fwhm=2.0722 | init_mode=single_peak_fallback theta_init=[12.8189 13.1300] alpha1=[6.9826e-03-1.8028e-03j] root=[12.8478 13.1068] fftii=[12.7225 13.2429] pres_final=2.1323e-04
SNR=20 dB | baseline(abs=0.840 rel=0.810) proto4(abs=0.835 rel=0.785) proto4b(abs=0.820 rel=0.780) proto4e(abs=0.835 rel=0.795) root(abs=0.990 rel=0.960) fftii(abs=0.265 rel=0.190) | fft_err_mean=0.0119 std=0.1660 | fwhm_mean=1.9535 std=0.1420 | fftii_outer_mean=2.58 pres_final=1.3926e-04
sample metkl=1 | center_true=13.0000 center_fft=12.9066 err_fft=-0.0934 fwhm=1.8992 | init_mode=single_peak_fallback theta_init=[12.7511 13.0622] alpha1=[6.3883e-03-3.0051e-03j] root=[12.8897 13.1301] fftii=[12.7800 13.0701] pres_final=1.6207e-04
SNR=22 dB | baseline(abs=0.995 rel=0.990) proto4(abs=0.995 rel=0.990) proto4b(abs=0.995 rel=0.990) proto4e(abs=0.995 rel=0.990) root(abs=1.000 rel=1.000) fftii(abs=0.410 rel=0.295) | fft_err_mean=0.0110 std=0.1312 | fwhm_mean=1.9382 std=0.1075 | fftii_outer_mean=2.38 pres_final=8.8172e-05
sample metkl=1 | center_true=13.0000 center_fft=13.0424 err_fft=0.0424 fwhm=1.8448 | init_mode=single_peak_fallback theta_init=[12.8868 13.1979] alpha1=[6.9573e-03-1.5394e-03j] root=[12.8316 13.1439] fftii=[12.9611 13.2286] pres_final=8.8254e-05
SNR=24 dB | baseline(abs=1.000 rel=1.000) proto4(abs=1.000 rel=1.000) proto4b(abs=1.000 rel=1.000) proto4e(abs=1.000 rel=1.000) root(abs=1.000 rel=0.995) fftii(abs=0.470 rel=0.360) | fft_err_mean=0.0027 std=0.1159 | fwhm_mean=1.9407 std=0.0798 | fftii_outer_mean=2.34 pres_final=5.4373e-05
sample metkl=1 | center_true=13.0000 center_fft=13.0424 err_fft=0.0424 fwhm=1.8536 | init_mode=single_peak_fallback theta_init=[12.8868 13.1979] alpha1=[8.5738e-03+6.8426e-04j] root=[12.8432 13.1350] fftii=[12.9219 13.1521] pres_final=4.5808e-05
SNR=26 dB | baseline(abs=1.000 rel=1.000) proto4(abs=1.000 rel=1.000) proto4b(abs=1.000 rel=1.000) proto4e(abs=1.000 rel=1.000) root(abs=1.000 rel=1.000) fftii(abs=0.505 rel=0.405) | fft_err_mean=0.0047 std=0.0878 | fwhm_mean=1.9379 std=0.0695 | fftii_outer_mean=2.47 pres_final=3.5307e-05
sample metkl=1 | center_true=13.0000 center_fft=12.9745 err_fft=-0.0255 fwhm=1.8528 | init_mode=single_peak_fallback theta_init=[12.8189 13.1300] alpha1=[6.7063e-03-1.3380e-03j] root=[12.8648 13.1697] fftii=[12.8594 13.0952] pres_final=3.8508e-05
SNR=28 dB | baseline(abs=1.000 rel=1.000) proto4(abs=1.000 rel=1.000) proto4b(abs=1.000 rel=1.000) proto4e(abs=1.000 rel=1.000) root(abs=1.000 rel=1.000) fftii(abs=0.705 rel=0.545) | fft_err_mean=-0.0043 std=0.0677 | fwhm_mean=1.9330 std=0.0532 | fftii_outer_mean=2.38 pres_final=2.2117e-05
sample metkl=1 | center_true=13.0000 center_fft=13.1103 err_fft=0.1103 fwhm=1.9748 | init_mode=single_peak_fallback theta_init=[12.9547 13.2658] alpha1=[7.9594e-03+1.4161e-03j] root=[12.8493 13.1593] fftii=[12.9298 13.2931] pres_final=2.3272e-05

=== sep_factor = 10, theta_sep = 0.2800 deg ===
SNR=14 dB | baseline(abs=0.000 rel=0.000) proto4(abs=0.000 rel=0.000) proto4b(abs=0.000 rel=0.000) proto4e(abs=0.000 rel=0.000) root(abs=0.000 rel=0.000) fftii(abs=0.090 rel=0.065) | fft_err_mean=-1.7378 std=20.6942 | fwhm_mean=2.1848 std=0.8197 | fftii_outer_mean=2.46 pres_final=5.5776e-04
sample metkl=1 | center_true=13.0000 center_fft=12.3982 err_fft=-0.6018 fwhm=2.0300 | init_mode=single_peak_fallback theta_init=[12.2582 12.5382] alpha1=[3.1761e-04-1.0658e-02j] root=[12.5546 13.0158] fftii=[12.1879 12.6204] pres_final=5.2679e-04
SNR=16 dB | baseline(abs=0.000 rel=0.000) proto4(abs=0.000 rel=0.000) proto4b(abs=0.000 rel=0.000) proto4e(abs=0.000 rel=0.000) root(abs=0.145 rel=0.010) fftii(abs=0.155 rel=0.105) | fft_err_mean=-0.1320 std=12.6923 | fwhm_mean=2.1398 std=0.7727 | fftii_outer_mean=2.44 pres_final=3.5402e-04
sample metkl=1 | center_true=13.0000 center_fft=12.9745 err_fft=-0.0255 fwhm=1.8228 | init_mode=single_peak_fallback theta_init=[12.8345 13.1145] alpha1=[6.8308e-03-1.8236e-03j] root=[12.9631 13.2133] fftii=[13.1334 14.0325] pres_final=4.0711e-04
SNR=18 dB | baseline(abs=0.035 rel=0.030) proto4(abs=0.030 rel=0.020) proto4b(abs=0.025 rel=0.025) proto4e(abs=0.025 rel=0.025) root(abs=0.565 rel=0.200) fftii(abs=0.215 rel=0.105) | fft_err_mean=0.0003 std=0.3618 | fwhm_mean=1.9861 std=0.1930 | fftii_outer_mean=2.40 pres_final=2.2243e-04
sample metkl=1 | center_true=13.0000 center_fft=12.8727 err_fft=-0.1273 fwhm=1.9574 | init_mode=single_peak_fallback theta_init=[12.7327 13.0127] alpha1=[9.0512e-03-2.7848e-03j] root=[12.9229 13.1900] fftii=[12.7511 13.0295] pres_final=2.1003e-04
SNR=20 dB | baseline(abs=0.305 rel=0.235) proto4(abs=0.300 rel=0.260) proto4b(abs=0.300 rel=0.250) proto4e(abs=0.305 rel=0.255) root(abs=0.880 rel=0.590) fftii(abs=0.325 rel=0.195) | fft_err_mean=0.0076 std=0.1755 | fwhm_mean=1.9552 std=0.1266 | fftii_outer_mean=2.50 pres_final=1.3937e-04
sample metkl=1 | center_true=13.0000 center_fft=12.7031 err_fft=-0.2969 fwhm=2.0153 | init_mode=single_peak_fallback theta_init=[12.5631 12.8431] alpha1=[4.5772e-03-3.6405e-03j] root=[12.9018 13.0939] fftii=[11.2381 12.6505] pres_final=1.3294e-04
SNR=22 dB | baseline(abs=0.745 rel=0.685) proto4(abs=0.745 rel=0.715) proto4b(abs=0.735 rel=0.705) proto4e(abs=0.735 rel=0.710) root(abs=1.000 rel=0.940) fftii(abs=0.385 rel=0.275) | fft_err_mean=-0.0009 std=0.1535 | fwhm_mean=1.9349 std=0.1040 | fftii_outer_mean=2.31 pres_final=8.8335e-05
sample metkl=1 | center_true=13.0000 center_fft=12.9066 err_fft=-0.0934 fwhm=2.0442 | init_mode=single_peak_fallback theta_init=[12.7666 13.0466] alpha1=[8.3718e-03-1.5023e-03j] root=[12.8405 13.1059] fftii=[12.6810 13.1145] pres_final=9.3001e-05
SNR=24 dB | baseline(abs=0.960 rel=0.950) proto4(abs=0.960 rel=0.960) proto4b(abs=0.955 rel=0.955) proto4e(abs=0.955 rel=0.955) root(abs=1.000 rel=0.995) fftii(abs=0.425 rel=0.275) | fft_err_mean=-0.0084 std=0.1160 | fwhm_mean=1.9421 std=0.0872 | fftii_outer_mean=2.30 pres_final=5.6376e-05
sample metkl=1 | center_true=13.0000 center_fft=13.0084 err_fft=0.0084 fwhm=1.9723 | init_mode=single_peak_fallback theta_init=[12.8684 13.1484] alpha1=[6.0591e-03+1.6260e-03j] root=[12.8809 13.1585] fftii=[12.8822 13.1762] pres_final=5.5101e-05
SNR=26 dB | baseline(abs=1.000 rel=1.000) proto4(abs=1.000 rel=1.000) proto4b(abs=1.000 rel=1.000) proto4e(abs=1.000 rel=1.000) root(abs=1.000 rel=1.000) fftii(abs=0.580 rel=0.410) | fft_err_mean=0.0074 std=0.0848 | fwhm_mean=1.9417 std=0.0688 | fftii_outer_mean=2.35 pres_final=3.5266e-05
sample metkl=1 | center_true=13.0000 center_fft=13.1782 err_fft=0.1782 fwhm=1.7871 | init_mode=single_peak_fallback theta_init=[13.0382 13.3182] alpha1=[4.9768e-03+9.9007e-04j] root=[12.8598 13.1241] fftii=[13.0665 13.2926] pres_final=3.2823e-05
SNR=28 dB | baseline(abs=1.000 rel=1.000) proto4(abs=1.000 rel=1.000) proto4b(abs=1.000 rel=1.000) proto4e(abs=1.000 rel=1.000) root(abs=1.000 rel=1.000) fftii(abs=0.675 rel=0.505) | fft_err_mean=-0.0024 std=0.0696 | fwhm_mean=1.9318 std=0.0563 | fftii_outer_mean=2.36 pres_final=2.2553e-05
sample metkl=1 | center_true=13.0000 center_fft=13.0424 err_fft=0.0424 fwhm=1.8455 | init_mode=single_peak_fallback theta_init=[12.9024 13.1824] alpha1=[7.6045e-03+5.0862e-04j] root=[12.8570 13.1342] fftii=[12.9380 13.1410] pres_final=1.9734e-05

SNR90 summary abs01 | bw/7 baseline=16 dB proto4=18 dB proto4b=18 dB proto4e=18 dB root=14 dB fftii=NaN
SNR90 summary rel025 | bw/7 baseline=16 dB proto4=18 dB proto4b=18 dB proto4e=18 dB root=14 dB fftii=NaN
SNR90 summary abs01 | bw/8 baseline=18 dB proto4=18 dB proto4b=18 dB proto4e=18 dB root=16 dB fftii=NaN
SNR90 summary rel025 | bw/8 baseline=18 dB proto4=18 dB proto4b=18 dB proto4e=18 dB root=18 dB fftii=NaN
SNR90 summary abs01 | bw/9 baseline=22 dB proto4=22 dB proto4b=22 dB proto4e=22 dB root=20 dB fftii=NaN
SNR90 summary rel025 | bw/9 baseline=22 dB proto4=22 dB proto4b=22 dB proto4e=22 dB root=20 dB fftii=NaN
SNR90 summary abs01 | bw/10 baseline=24 dB proto4=24 dB proto4b=24 dB proto4e=24 dB root=22 dB fftii=NaN
SNR90 summary rel025 | bw/10 baseline=24 dB proto4=24 dB proto4b=24 dB proto4e=24 dB root=22 dB fftii=NaN
