Step 7.5 Route B full SNR resolution-limit scan
Route B only: element-domain covariance -> element-domain FBSS -> centerT beamspace -> 1D MUSIC.
Common experiment settings:
snr_list=[-4 -2 0 2 4 6 8 10 12 14 16 18 20 22 24 26 28 30], Metkl=200, T_snap=260, tol_deg=0.100
sep_factor_list=[1 2 3 4 5 6 7 8 9 10]
Route B internal settings: K_fbss=56, M_full=48, center_beam_count=37, search_scale_B=4.00

=== sep_factor = 1, theta_sep = 2.8000 deg ===
SNR=-4 dB | raw=200 tol=200 raw_rate=1.000 tol_rate=1.000 RMSE=0.0268 mean_num_peaks=4.00
SNR=-2 dB | raw=200 tol=200 raw_rate=1.000 tol_rate=1.000 RMSE=0.0193 mean_num_peaks=4.00
SNR=0 dB | raw=200 tol=200 raw_rate=1.000 tol_rate=1.000 RMSE=0.0153 mean_num_peaks=4.00
SNR=2 dB | raw=200 tol=200 raw_rate=1.000 tol_rate=1.000 RMSE=0.0119 mean_num_peaks=4.00
SNR=4 dB | raw=200 tol=200 raw_rate=1.000 tol_rate=1.000 RMSE=0.0098 mean_num_peaks=4.00
SNR=6 dB | raw=200 tol=200 raw_rate=1.000 tol_rate=1.000 RMSE=0.0079 mean_num_peaks=4.00
SNR=8 dB | raw=200 tol=200 raw_rate=1.000 tol_rate=1.000 RMSE=0.0064 mean_num_peaks=4.00
SNR=10 dB | raw=200 tol=200 raw_rate=1.000 tol_rate=1.000 RMSE=0.0053 mean_num_peaks=4.00
SNR=12 dB | raw=200 tol=200 raw_rate=1.000 tol_rate=1.000 RMSE=0.0041 mean_num_peaks=4.00
SNR=14 dB | raw=200 tol=200 raw_rate=1.000 tol_rate=1.000 RMSE=0.0027 mean_num_peaks=4.00
SNR=16 dB | raw=200 tol=200 raw_rate=1.000 tol_rate=1.000 RMSE=0.0017 mean_num_peaks=4.00
SNR=18 dB | raw=200 tol=200 raw_rate=1.000 tol_rate=1.000 RMSE=0.0007 mean_num_peaks=4.00
SNR=20 dB | raw=200 tol=200 raw_rate=1.000 tol_rate=1.000 RMSE=0.0005 mean_num_peaks=4.00
SNR=22 dB | raw=200 tol=200 raw_rate=1.000 tol_rate=1.000 RMSE=0.0000 mean_num_peaks=4.00
SNR=24 dB | raw=200 tol=200 raw_rate=1.000 tol_rate=1.000 RMSE=0.0000 mean_num_peaks=4.00
SNR=26 dB | raw=200 tol=200 raw_rate=1.000 tol_rate=1.000 RMSE=0.0000 mean_num_peaks=4.00
SNR=28 dB | raw=200 tol=200 raw_rate=1.000 tol_rate=1.000 RMSE=0.0000 mean_num_peaks=4.00
SNR=30 dB | raw=200 tol=200 raw_rate=1.000 tol_rate=1.000 RMSE=0.0000 mean_num_peaks=4.00

=== sep_factor = 2, theta_sep = 1.4000 deg ===
SNR=-4 dB | raw=200 tol=199 raw_rate=1.000 tol_rate=0.995 RMSE=0.0341 mean_num_peaks=2.00
SNR=-2 dB | raw=200 tol=200 raw_rate=1.000 tol_rate=1.000 RMSE=0.0274 mean_num_peaks=2.00
SNR=0 dB | raw=200 tol=200 raw_rate=1.000 tol_rate=1.000 RMSE=0.0212 mean_num_peaks=2.00
SNR=2 dB | raw=200 tol=200 raw_rate=1.000 tol_rate=1.000 RMSE=0.0165 mean_num_peaks=2.00
SNR=4 dB | raw=200 tol=200 raw_rate=1.000 tol_rate=1.000 RMSE=0.0128 mean_num_peaks=2.00
SNR=6 dB | raw=200 tol=200 raw_rate=1.000 tol_rate=1.000 RMSE=0.0110 mean_num_peaks=2.00
SNR=8 dB | raw=200 tol=200 raw_rate=1.000 tol_rate=1.000 RMSE=0.0085 mean_num_peaks=2.00
SNR=10 dB | raw=200 tol=200 raw_rate=1.000 tol_rate=1.000 RMSE=0.0075 mean_num_peaks=2.00
SNR=12 dB | raw=200 tol=200 raw_rate=1.000 tol_rate=1.000 RMSE=0.0059 mean_num_peaks=2.00
SNR=14 dB | raw=200 tol=200 raw_rate=1.000 tol_rate=1.000 RMSE=0.0048 mean_num_peaks=2.00
SNR=16 dB | raw=200 tol=200 raw_rate=1.000 tol_rate=1.000 RMSE=0.0036 mean_num_peaks=2.00
SNR=18 dB | raw=200 tol=200 raw_rate=1.000 tol_rate=1.000 RMSE=0.0021 mean_num_peaks=2.00
SNR=20 dB | raw=200 tol=200 raw_rate=1.000 tol_rate=1.000 RMSE=0.0014 mean_num_peaks=2.00
SNR=22 dB | raw=200 tol=200 raw_rate=1.000 tol_rate=1.000 RMSE=0.0000 mean_num_peaks=2.00
SNR=24 dB | raw=200 tol=200 raw_rate=1.000 tol_rate=1.000 RMSE=0.0000 mean_num_peaks=2.00
SNR=26 dB | raw=200 tol=200 raw_rate=1.000 tol_rate=1.000 RMSE=0.0000 mean_num_peaks=2.00
SNR=28 dB | raw=200 tol=200 raw_rate=1.000 tol_rate=1.000 RMSE=0.0000 mean_num_peaks=2.00
SNR=30 dB | raw=200 tol=200 raw_rate=1.000 tol_rate=1.000 RMSE=0.0000 mean_num_peaks=2.00

=== sep_factor = 3, theta_sep = 0.9333 deg ===
SNR=-4 dB | raw=200 tol=143 raw_rate=1.000 tol_rate=0.715 RMSE=0.0755 mean_num_peaks=2.00
SNR=-2 dB | raw=200 tol=184 raw_rate=1.000 tol_rate=0.920 RMSE=0.0502 mean_num_peaks=2.00
SNR=0 dB | raw=200 tol=198 raw_rate=1.000 tol_rate=0.990 RMSE=0.0381 mean_num_peaks=2.00
SNR=2 dB | raw=200 tol=200 raw_rate=1.000 tol_rate=1.000 RMSE=0.0318 mean_num_peaks=2.00
SNR=4 dB | raw=200 tol=200 raw_rate=1.000 tol_rate=1.000 RMSE=0.0237 mean_num_peaks=2.00
SNR=6 dB | raw=200 tol=200 raw_rate=1.000 tol_rate=1.000 RMSE=0.0175 mean_num_peaks=2.00
SNR=8 dB | raw=200 tol=200 raw_rate=1.000 tol_rate=1.000 RMSE=0.0145 mean_num_peaks=2.00
SNR=10 dB | raw=200 tol=200 raw_rate=1.000 tol_rate=1.000 RMSE=0.0119 mean_num_peaks=2.00
SNR=12 dB | raw=200 tol=200 raw_rate=1.000 tol_rate=1.000 RMSE=0.0097 mean_num_peaks=2.00
SNR=14 dB | raw=200 tol=200 raw_rate=1.000 tol_rate=1.000 RMSE=0.0078 mean_num_peaks=2.00
SNR=16 dB | raw=200 tol=200 raw_rate=1.000 tol_rate=1.000 RMSE=0.0063 mean_num_peaks=2.00
SNR=18 dB | raw=200 tol=200 raw_rate=1.000 tol_rate=1.000 RMSE=0.0054 mean_num_peaks=2.00
SNR=20 dB | raw=200 tol=200 raw_rate=1.000 tol_rate=1.000 RMSE=0.0046 mean_num_peaks=2.00
SNR=22 dB | raw=200 tol=200 raw_rate=1.000 tol_rate=1.000 RMSE=0.0036 mean_num_peaks=2.00
SNR=24 dB | raw=200 tol=200 raw_rate=1.000 tol_rate=1.000 RMSE=0.0034 mean_num_peaks=2.00
SNR=26 dB | raw=200 tol=200 raw_rate=1.000 tol_rate=1.000 RMSE=0.0029 mean_num_peaks=2.00
SNR=28 dB | raw=200 tol=200 raw_rate=1.000 tol_rate=1.000 RMSE=0.0029 mean_num_peaks=2.00
SNR=30 dB | raw=200 tol=200 raw_rate=1.000 tol_rate=1.000 RMSE=0.0025 mean_num_peaks=2.00

=== sep_factor = 4, theta_sep = 0.7000 deg ===
SNR=-4 dB | raw=7 tol=0 raw_rate=0.035 tol_rate=0.000 RMSE=0.1516 mean_num_peaks=1.03
SNR=-2 dB | raw=69 tol=19 raw_rate=0.345 tol_rate=0.095 RMSE=0.1238 mean_num_peaks=1.34
SNR=0 dB | raw=148 tol=74 raw_rate=0.740 tol_rate=0.370 RMSE=0.0966 mean_num_peaks=1.74
SNR=2 dB | raw=199 tol=157 raw_rate=0.995 tol_rate=0.785 RMSE=0.0685 mean_num_peaks=2.00
SNR=4 dB | raw=200 tol=191 raw_rate=1.000 tol_rate=0.955 RMSE=0.0482 mean_num_peaks=2.00
SNR=6 dB | raw=200 tol=200 raw_rate=1.000 tol_rate=1.000 RMSE=0.0339 mean_num_peaks=2.00
SNR=8 dB | raw=200 tol=200 raw_rate=1.000 tol_rate=1.000 RMSE=0.0248 mean_num_peaks=2.00
SNR=10 dB | raw=200 tol=200 raw_rate=1.000 tol_rate=1.000 RMSE=0.0210 mean_num_peaks=2.00
SNR=12 dB | raw=200 tol=200 raw_rate=1.000 tol_rate=1.000 RMSE=0.0160 mean_num_peaks=2.00
SNR=14 dB | raw=200 tol=200 raw_rate=1.000 tol_rate=1.000 RMSE=0.0132 mean_num_peaks=2.00
SNR=16 dB | raw=200 tol=200 raw_rate=1.000 tol_rate=1.000 RMSE=0.0100 mean_num_peaks=2.00
SNR=18 dB | raw=200 tol=200 raw_rate=1.000 tol_rate=1.000 RMSE=0.0085 mean_num_peaks=2.00
SNR=20 dB | raw=200 tol=200 raw_rate=1.000 tol_rate=1.000 RMSE=0.0070 mean_num_peaks=2.00
SNR=22 dB | raw=200 tol=200 raw_rate=1.000 tol_rate=1.000 RMSE=0.0054 mean_num_peaks=2.00
SNR=24 dB | raw=200 tol=200 raw_rate=1.000 tol_rate=1.000 RMSE=0.0049 mean_num_peaks=2.00
SNR=26 dB | raw=200 tol=200 raw_rate=1.000 tol_rate=1.000 RMSE=0.0030 mean_num_peaks=2.00
SNR=28 dB | raw=200 tol=200 raw_rate=1.000 tol_rate=1.000 RMSE=0.0021 mean_num_peaks=2.00
SNR=30 dB | raw=200 tol=200 raw_rate=1.000 tol_rate=1.000 RMSE=0.0005 mean_num_peaks=2.00

=== sep_factor = 5, theta_sep = 0.5600 deg ===
SNR=-4 dB | raw=0 tol=0 raw_rate=0.000 tol_rate=0.000 RMSE=NaN mean_num_peaks=1.00
SNR=-2 dB | raw=0 tol=0 raw_rate=0.000 tol_rate=0.000 RMSE=NaN mean_num_peaks=1.00
SNR=0 dB | raw=1 tol=1 raw_rate=0.005 tol_rate=0.005 RMSE=0.0474 mean_num_peaks=1.00
SNR=2 dB | raw=13 tol=6 raw_rate=0.065 tol_rate=0.030 RMSE=0.0976 mean_num_peaks=1.06
SNR=4 dB | raw=90 tol=35 raw_rate=0.450 tol_rate=0.175 RMSE=0.0988 mean_num_peaks=1.45
SNR=6 dB | raw=178 tol=135 raw_rate=0.890 tol_rate=0.675 RMSE=0.0703 mean_num_peaks=1.89
SNR=8 dB | raw=198 tol=189 raw_rate=0.990 tol_rate=0.945 RMSE=0.0522 mean_num_peaks=1.99
SNR=10 dB | raw=200 tol=199 raw_rate=1.000 tol_rate=0.995 RMSE=0.0361 mean_num_peaks=2.00
SNR=12 dB | raw=200 tol=200 raw_rate=1.000 tol_rate=1.000 RMSE=0.0249 mean_num_peaks=2.00
SNR=14 dB | raw=200 tol=200 raw_rate=1.000 tol_rate=1.000 RMSE=0.0196 mean_num_peaks=2.00
SNR=16 dB | raw=200 tol=200 raw_rate=1.000 tol_rate=1.000 RMSE=0.0174 mean_num_peaks=2.00
SNR=18 dB | raw=200 tol=200 raw_rate=1.000 tol_rate=1.000 RMSE=0.0126 mean_num_peaks=2.00
SNR=20 dB | raw=200 tol=200 raw_rate=1.000 tol_rate=1.000 RMSE=0.0093 mean_num_peaks=2.00
SNR=22 dB | raw=200 tol=200 raw_rate=1.000 tol_rate=1.000 RMSE=0.0081 mean_num_peaks=2.00
SNR=24 dB | raw=200 tol=200 raw_rate=1.000 tol_rate=1.000 RMSE=0.0067 mean_num_peaks=2.00
SNR=26 dB | raw=200 tol=200 raw_rate=1.000 tol_rate=1.000 RMSE=0.0054 mean_num_peaks=2.00
SNR=28 dB | raw=200 tol=200 raw_rate=1.000 tol_rate=1.000 RMSE=0.0042 mean_num_peaks=2.00
SNR=30 dB | raw=200 tol=200 raw_rate=1.000 tol_rate=1.000 RMSE=0.0029 mean_num_peaks=2.00

=== sep_factor = 6, theta_sep = 0.4667 deg ===
SNR=-4 dB | raw=0 tol=0 raw_rate=0.000 tol_rate=0.000 RMSE=NaN mean_num_peaks=1.00
SNR=-2 dB | raw=0 tol=0 raw_rate=0.000 tol_rate=0.000 RMSE=NaN mean_num_peaks=1.00
SNR=0 dB | raw=0 tol=0 raw_rate=0.000 tol_rate=0.000 RMSE=NaN mean_num_peaks=1.00
SNR=2 dB | raw=0 tol=0 raw_rate=0.000 tol_rate=0.000 RMSE=NaN mean_num_peaks=1.00
SNR=4 dB | raw=0 tol=0 raw_rate=0.000 tol_rate=0.000 RMSE=NaN mean_num_peaks=1.00
SNR=6 dB | raw=10 tol=7 raw_rate=0.050 tol_rate=0.035 RMSE=0.0798 mean_num_peaks=1.05
SNR=8 dB | raw=65 tol=50 raw_rate=0.325 tol_rate=0.250 RMSE=0.0772 mean_num_peaks=1.32
SNR=10 dB | raw=162 tol=139 raw_rate=0.810 tol_rate=0.695 RMSE=0.0638 mean_num_peaks=1.81
SNR=12 dB | raw=198 tol=194 raw_rate=0.990 tol_rate=0.970 RMSE=0.0437 mean_num_peaks=1.99
SNR=14 dB | raw=200 tol=200 raw_rate=1.000 tol_rate=1.000 RMSE=0.0342 mean_num_peaks=2.00
SNR=16 dB | raw=200 tol=200 raw_rate=1.000 tol_rate=1.000 RMSE=0.0237 mean_num_peaks=2.00
SNR=18 dB | raw=200 tol=200 raw_rate=1.000 tol_rate=1.000 RMSE=0.0166 mean_num_peaks=2.00
SNR=20 dB | raw=200 tol=200 raw_rate=1.000 tol_rate=1.000 RMSE=0.0145 mean_num_peaks=2.00
SNR=22 dB | raw=200 tol=200 raw_rate=1.000 tol_rate=1.000 RMSE=0.0120 mean_num_peaks=2.00
SNR=24 dB | raw=200 tol=200 raw_rate=1.000 tol_rate=1.000 RMSE=0.0084 mean_num_peaks=2.00
SNR=26 dB | raw=200 tol=200 raw_rate=1.000 tol_rate=1.000 RMSE=0.0076 mean_num_peaks=2.00
SNR=28 dB | raw=200 tol=200 raw_rate=1.000 tol_rate=1.000 RMSE=0.0062 mean_num_peaks=2.00
SNR=30 dB | raw=200 tol=200 raw_rate=1.000 tol_rate=1.000 RMSE=0.0051 mean_num_peaks=2.00

=== sep_factor = 7, theta_sep = 0.4000 deg ===
SNR=-4 dB | raw=0 tol=0 raw_rate=0.000 tol_rate=0.000 RMSE=NaN mean_num_peaks=1.00
SNR=-2 dB | raw=0 tol=0 raw_rate=0.000 tol_rate=0.000 RMSE=NaN mean_num_peaks=1.00
SNR=0 dB | raw=0 tol=0 raw_rate=0.000 tol_rate=0.000 RMSE=NaN mean_num_peaks=1.00
SNR=2 dB | raw=0 tol=0 raw_rate=0.000 tol_rate=0.000 RMSE=NaN mean_num_peaks=1.00
SNR=4 dB | raw=0 tol=0 raw_rate=0.000 tol_rate=0.000 RMSE=NaN mean_num_peaks=1.00
SNR=6 dB | raw=0 tol=0 raw_rate=0.000 tol_rate=0.000 RMSE=NaN mean_num_peaks=1.00
SNR=8 dB | raw=1 tol=1 raw_rate=0.005 tol_rate=0.005 RMSE=0.0806 mean_num_peaks=1.00
SNR=10 dB | raw=18 tol=16 raw_rate=0.090 tol_rate=0.080 RMSE=0.0746 mean_num_peaks=1.09
SNR=12 dB | raw=91 tol=82 raw_rate=0.455 tol_rate=0.410 RMSE=0.0655 mean_num_peaks=1.46
SNR=14 dB | raw=169 tol=160 raw_rate=0.845 tol_rate=0.800 RMSE=0.0559 mean_num_peaks=1.84
SNR=16 dB | raw=198 tol=198 raw_rate=0.990 tol_rate=0.990 RMSE=0.0386 mean_num_peaks=1.99
SNR=18 dB | raw=200 tol=200 raw_rate=1.000 tol_rate=1.000 RMSE=0.0289 mean_num_peaks=2.00
SNR=20 dB | raw=200 tol=200 raw_rate=1.000 tol_rate=1.000 RMSE=0.0198 mean_num_peaks=2.00
SNR=22 dB | raw=200 tol=200 raw_rate=1.000 tol_rate=1.000 RMSE=0.0152 mean_num_peaks=2.00
SNR=24 dB | raw=200 tol=200 raw_rate=1.000 tol_rate=1.000 RMSE=0.0133 mean_num_peaks=2.00
SNR=26 dB | raw=200 tol=200 raw_rate=1.000 tol_rate=1.000 RMSE=0.0099 mean_num_peaks=2.00
SNR=28 dB | raw=200 tol=200 raw_rate=1.000 tol_rate=1.000 RMSE=0.0084 mean_num_peaks=2.00
SNR=30 dB | raw=200 tol=200 raw_rate=1.000 tol_rate=1.000 RMSE=0.0069 mean_num_peaks=2.00

=== sep_factor = 8, theta_sep = 0.3500 deg ===
SNR=-4 dB | raw=0 tol=0 raw_rate=0.000 tol_rate=0.000 RMSE=NaN mean_num_peaks=1.00
SNR=-2 dB | raw=0 tol=0 raw_rate=0.000 tol_rate=0.000 RMSE=NaN mean_num_peaks=1.00
SNR=0 dB | raw=0 tol=0 raw_rate=0.000 tol_rate=0.000 RMSE=NaN mean_num_peaks=1.00
SNR=2 dB | raw=0 tol=0 raw_rate=0.000 tol_rate=0.000 RMSE=NaN mean_num_peaks=1.00
SNR=4 dB | raw=0 tol=0 raw_rate=0.000 tol_rate=0.000 RMSE=NaN mean_num_peaks=1.00
SNR=6 dB | raw=0 tol=0 raw_rate=0.000 tol_rate=0.000 RMSE=NaN mean_num_peaks=1.00
SNR=8 dB | raw=0 tol=0 raw_rate=0.000 tol_rate=0.000 RMSE=NaN mean_num_peaks=1.00
SNR=10 dB | raw=0 tol=0 raw_rate=0.000 tol_rate=0.000 RMSE=NaN mean_num_peaks=1.00
SNR=12 dB | raw=3 tol=3 raw_rate=0.015 tol_rate=0.015 RMSE=0.0608 mean_num_peaks=1.01
SNR=14 dB | raw=30 tol=25 raw_rate=0.150 tol_rate=0.125 RMSE=0.0659 mean_num_peaks=1.15
SNR=16 dB | raw=113 tol=108 raw_rate=0.565 tol_rate=0.540 RMSE=0.0566 mean_num_peaks=1.56
SNR=18 dB | raw=187 tol=186 raw_rate=0.935 tol_rate=0.930 RMSE=0.0428 mean_num_peaks=1.94
SNR=20 dB | raw=200 tol=200 raw_rate=1.000 tol_rate=1.000 RMSE=0.0292 mean_num_peaks=2.00
SNR=22 dB | raw=200 tol=200 raw_rate=1.000 tol_rate=1.000 RMSE=0.0226 mean_num_peaks=2.00
SNR=24 dB | raw=200 tol=200 raw_rate=1.000 tol_rate=1.000 RMSE=0.0169 mean_num_peaks=2.00
SNR=26 dB | raw=200 tol=200 raw_rate=1.000 tol_rate=1.000 RMSE=0.0127 mean_num_peaks=2.00
SNR=28 dB | raw=200 tol=200 raw_rate=1.000 tol_rate=1.000 RMSE=0.0102 mean_num_peaks=2.00
SNR=30 dB | raw=200 tol=200 raw_rate=1.000 tol_rate=1.000 RMSE=0.0082 mean_num_peaks=2.00

=== sep_factor = 9, theta_sep = 0.3111 deg ===
SNR=-4 dB | raw=0 tol=0 raw_rate=0.000 tol_rate=0.000 RMSE=NaN mean_num_peaks=1.00
SNR=-2 dB | raw=0 tol=0 raw_rate=0.000 tol_rate=0.000 RMSE=NaN mean_num_peaks=1.00
SNR=0 dB | raw=0 tol=0 raw_rate=0.000 tol_rate=0.000 RMSE=NaN mean_num_peaks=1.00
SNR=2 dB | raw=0 tol=0 raw_rate=0.000 tol_rate=0.000 RMSE=NaN mean_num_peaks=1.00
SNR=4 dB | raw=0 tol=0 raw_rate=0.000 tol_rate=0.000 RMSE=NaN mean_num_peaks=1.00
SNR=6 dB | raw=0 tol=0 raw_rate=0.000 tol_rate=0.000 RMSE=NaN mean_num_peaks=1.00
SNR=8 dB | raw=0 tol=0 raw_rate=0.000 tol_rate=0.000 RMSE=NaN mean_num_peaks=1.00
SNR=10 dB | raw=0 tol=0 raw_rate=0.000 tol_rate=0.000 RMSE=NaN mean_num_peaks=1.00
SNR=12 dB | raw=0 tol=0 raw_rate=0.000 tol_rate=0.000 RMSE=NaN mean_num_peaks=1.00
SNR=14 dB | raw=0 tol=0 raw_rate=0.000 tol_rate=0.000 RMSE=NaN mean_num_peaks=1.00
SNR=16 dB | raw=15 tol=13 raw_rate=0.075 tol_rate=0.065 RMSE=0.0735 mean_num_peaks=1.07
SNR=18 dB | raw=88 tol=86 raw_rate=0.440 tol_rate=0.430 RMSE=0.0487 mean_num_peaks=1.44
SNR=20 dB | raw=158 tol=158 raw_rate=0.790 tol_rate=0.790 RMSE=0.0412 mean_num_peaks=1.79
SNR=22 dB | raw=197 tol=197 raw_rate=0.985 tol_rate=0.985 RMSE=0.0322 mean_num_peaks=1.99
SNR=24 dB | raw=200 tol=200 raw_rate=1.000 tol_rate=1.000 RMSE=0.0228 mean_num_peaks=2.00
SNR=26 dB | raw=200 tol=200 raw_rate=1.000 tol_rate=1.000 RMSE=0.0172 mean_num_peaks=2.00
SNR=28 dB | raw=200 tol=200 raw_rate=1.000 tol_rate=1.000 RMSE=0.0132 mean_num_peaks=2.00
SNR=30 dB | raw=200 tol=200 raw_rate=1.000 tol_rate=1.000 RMSE=0.0099 mean_num_peaks=2.00

=== sep_factor = 10, theta_sep = 0.2800 deg ===
SNR=-4 dB | raw=0 tol=0 raw_rate=0.000 tol_rate=0.000 RMSE=NaN mean_num_peaks=1.00
SNR=-2 dB | raw=0 tol=0 raw_rate=0.000 tol_rate=0.000 RMSE=NaN mean_num_peaks=1.00
SNR=0 dB | raw=0 tol=0 raw_rate=0.000 tol_rate=0.000 RMSE=NaN mean_num_peaks=1.00
SNR=2 dB | raw=0 tol=0 raw_rate=0.000 tol_rate=0.000 RMSE=NaN mean_num_peaks=1.00
SNR=4 dB | raw=0 tol=0 raw_rate=0.000 tol_rate=0.000 RMSE=NaN mean_num_peaks=1.00
SNR=6 dB | raw=0 tol=0 raw_rate=0.000 tol_rate=0.000 RMSE=NaN mean_num_peaks=1.00
SNR=8 dB | raw=0 tol=0 raw_rate=0.000 tol_rate=0.000 RMSE=NaN mean_num_peaks=1.00
SNR=10 dB | raw=0 tol=0 raw_rate=0.000 tol_rate=0.000 RMSE=NaN mean_num_peaks=1.00
SNR=12 dB | raw=0 tol=0 raw_rate=0.000 tol_rate=0.000 RMSE=NaN mean_num_peaks=1.00
SNR=14 dB | raw=0 tol=0 raw_rate=0.000 tol_rate=0.000 RMSE=NaN mean_num_peaks=1.00
SNR=16 dB | raw=1 tol=1 raw_rate=0.005 tol_rate=0.005 RMSE=0.0354 mean_num_peaks=1.00
SNR=18 dB | raw=6 tol=6 raw_rate=0.030 tol_rate=0.030 RMSE=0.0564 mean_num_peaks=1.03
SNR=20 dB | raw=57 tol=57 raw_rate=0.285 tol_rate=0.285 RMSE=0.0496 mean_num_peaks=1.28
SNR=22 dB | raw=142 tol=141 raw_rate=0.710 tol_rate=0.705 RMSE=0.0422 mean_num_peaks=1.71
SNR=24 dB | raw=185 tol=185 raw_rate=0.925 tol_rate=0.925 RMSE=0.0314 mean_num_peaks=1.93
SNR=26 dB | raw=200 tol=200 raw_rate=1.000 tol_rate=1.000 RMSE=0.0221 mean_num_peaks=2.00
SNR=28 dB | raw=200 tol=200 raw_rate=1.000 tol_rate=1.000 RMSE=0.0172 mean_num_peaks=2.00
SNR=30 dB | raw=200 tol=200 raw_rate=1.000 tol_rate=1.000 RMSE=0.0128 mean_num_peaks=2.00

