compare_step07_AB_only
Generated at: 2026-05-15 09:08:46

Active routes:
- Route A: legacy beam-index smoothing MUSIC
- Route B: current new-route centerT / beamspace MUSIC

Paused routes:
- Route C: 2D pair-MUSIC backend, archived
- Route D: ESPRIT reference comparison, archived or skipped

This run does not modify or evaluate Route C/D.

Parameter summary:
array_num=64, subarray_num=59, snr=12.00, Metkl=50
T_snap_list=[130 520]
center_beam_count=25, M_full=32, search_scale=4.00, tol_deg=0.100
bw_index_list=[8 9 10]
Note: full experiment should use bw_index_list = 1:10; default run stays on bw/8~bw/10.
Frontend note: current Route B still uses mssp(Rxx, subarray_num), i.e. degraded mssp / forward-backward averaging -> centerT -> beamspace.

=== T_snap = 130 ===
bw/8 | A raw=50 tol=50 RMSE=0.0000 | B raw=50 tol=47 RMSE=0.0418
bw/9 | A raw=50 tol=50 RMSE=0.0008 | B raw=50 tol=47 RMSE=0.0495
bw/10 | A raw=50 tol=50 RMSE=0.0000 | B raw=47 tol=41 RMSE=0.0582

=== T_snap = 520 ===
bw/8 | A raw=50 tol=50 RMSE=0.0000 | B raw=50 tol=50 RMSE=0.0212
bw/9 | A raw=50 tol=50 RMSE=0.0008 | B raw=50 tol=50 RMSE=0.0247
bw/10 | A raw=50 tol=50 RMSE=0.0000 | B raw=50 tol=50 RMSE=0.0273

Summary conclusions:
Route B tol_success_rate delta from 130 to 520 = [0.06;0.06;0.18]
Route B RMSE delta from 130 to 520 = [-0.02061;-0.02471;-0.03089]
