Copyright 1986-2022 Xilinx, Inc. All Rights Reserved. Copyright 2022-2024 Advanced Micro Devices, Inc. All Rights Reserved.
------------------------------------------------------------------------------------------------------------------------------------------------------------------------------------------------------
| Tool Version : Vivado v.2024.2 (win64) Build 5239630 Fri Nov 08 22:35:27 MST 2024
| Date         : Sun Jun 21 09:09:46 2026
| Host         : Aurora running 64-bit major release  (build 9200)
| Command      : report_drc -file <STEP14_DIR>/results_step14_dbf_ip_soc_integration/ip_synth/packaged_ip_drc_optimized.rpt
| Design       : dbf_axis_0
| Device       : xc7z020clg400-1
| Speed File   : -1
| Design State : Synthesized
------------------------------------------------------------------------------------------------------------------------------------------------------------------------------------------------------

Report DRC

Table of Contents
-----------------
1. REPORT SUMMARY
2. REPORT DETAILS

1. REPORT SUMMARY
-----------------
            Netlist: dbf_axis_0
          Floorplan: design_1
      Design limits: <entire design considered>
           Ruledeck: default
             Max checks: <unlimited>
             Checks found: 15
+--------+----------+------------------------+--------+
| Rule   | Severity | Description            | Checks |
+--------+----------+------------------------+--------+
| DPOP-1 | Warning  | PREG Output pipelining | 14     |
| ZPS7-1 | Warning  | PS7 block required     | 1      |
+--------+----------+------------------------+--------+

2. REPORT DETAILS
-----------------
DPOP-1#1 Warning
PREG Output pipelining  
DSP inst/u_system/u_datapath/u_core/gen_lane[0].u_lane/u_accum/next_sum_im output inst/u_system/u_datapath/u_core/gen_lane[0].u_lane/u_accum/next_sum_im/P[47:0] is not pipelined (PREG=0). Pipelining the DSP48 output will improve performance and often saves power so it is suggested whenever possible to fully pipeline this function.  If this DSP48 function was inferred, it is suggested to describe an additional register stage after this function.  If the DSP48 was instantiated in the design, it is suggested to set the PREG attribute to 1.
Related violations: <none>

DPOP-1#2 Warning
PREG Output pipelining  
DSP inst/u_system/u_datapath/u_core/gen_lane[0].u_lane/u_accum/next_sum_re output inst/u_system/u_datapath/u_core/gen_lane[0].u_lane/u_accum/next_sum_re/P[47:0] is not pipelined (PREG=0). Pipelining the DSP48 output will improve performance and often saves power so it is suggested whenever possible to fully pipeline this function.  If this DSP48 function was inferred, it is suggested to describe an additional register stage after this function.  If the DSP48 was instantiated in the design, it is suggested to set the PREG attribute to 1.
Related violations: <none>

DPOP-1#3 Warning
PREG Output pipelining  
DSP inst/u_system/u_datapath/u_core/gen_lane[1].u_lane/u_accum/next_sum_im output inst/u_system/u_datapath/u_core/gen_lane[1].u_lane/u_accum/next_sum_im/P[47:0] is not pipelined (PREG=0). Pipelining the DSP48 output will improve performance and often saves power so it is suggested whenever possible to fully pipeline this function.  If this DSP48 function was inferred, it is suggested to describe an additional register stage after this function.  If the DSP48 was instantiated in the design, it is suggested to set the PREG attribute to 1.
Related violations: <none>

DPOP-1#4 Warning
PREG Output pipelining  
DSP inst/u_system/u_datapath/u_core/gen_lane[1].u_lane/u_accum/next_sum_re output inst/u_system/u_datapath/u_core/gen_lane[1].u_lane/u_accum/next_sum_re/P[47:0] is not pipelined (PREG=0). Pipelining the DSP48 output will improve performance and often saves power so it is suggested whenever possible to fully pipeline this function.  If this DSP48 function was inferred, it is suggested to describe an additional register stage after this function.  If the DSP48 was instantiated in the design, it is suggested to set the PREG attribute to 1.
Related violations: <none>

DPOP-1#5 Warning
PREG Output pipelining  
DSP inst/u_system/u_datapath/u_core/gen_lane[2].u_lane/u_accum/next_sum_im output inst/u_system/u_datapath/u_core/gen_lane[2].u_lane/u_accum/next_sum_im/P[47:0] is not pipelined (PREG=0). Pipelining the DSP48 output will improve performance and often saves power so it is suggested whenever possible to fully pipeline this function.  If this DSP48 function was inferred, it is suggested to describe an additional register stage after this function.  If the DSP48 was instantiated in the design, it is suggested to set the PREG attribute to 1.
Related violations: <none>

DPOP-1#6 Warning
PREG Output pipelining  
DSP inst/u_system/u_datapath/u_core/gen_lane[2].u_lane/u_accum/next_sum_re output inst/u_system/u_datapath/u_core/gen_lane[2].u_lane/u_accum/next_sum_re/P[47:0] is not pipelined (PREG=0). Pipelining the DSP48 output will improve performance and often saves power so it is suggested whenever possible to fully pipeline this function.  If this DSP48 function was inferred, it is suggested to describe an additional register stage after this function.  If the DSP48 was instantiated in the design, it is suggested to set the PREG attribute to 1.
Related violations: <none>

DPOP-1#7 Warning
PREG Output pipelining  
DSP inst/u_system/u_datapath/u_core/gen_lane[3].u_lane/u_accum/next_sum_im output inst/u_system/u_datapath/u_core/gen_lane[3].u_lane/u_accum/next_sum_im/P[47:0] is not pipelined (PREG=0). Pipelining the DSP48 output will improve performance and often saves power so it is suggested whenever possible to fully pipeline this function.  If this DSP48 function was inferred, it is suggested to describe an additional register stage after this function.  If the DSP48 was instantiated in the design, it is suggested to set the PREG attribute to 1.
Related violations: <none>

DPOP-1#8 Warning
PREG Output pipelining  
DSP inst/u_system/u_datapath/u_core/gen_lane[3].u_lane/u_accum/next_sum_re output inst/u_system/u_datapath/u_core/gen_lane[3].u_lane/u_accum/next_sum_re/P[47:0] is not pipelined (PREG=0). Pipelining the DSP48 output will improve performance and often saves power so it is suggested whenever possible to fully pipeline this function.  If this DSP48 function was inferred, it is suggested to describe an additional register stage after this function.  If the DSP48 was instantiated in the design, it is suggested to set the PREG attribute to 1.
Related violations: <none>

DPOP-1#9 Warning
PREG Output pipelining  
DSP inst/u_system/u_datapath/u_core/gen_lane[4].u_lane/u_accum/next_sum_im output inst/u_system/u_datapath/u_core/gen_lane[4].u_lane/u_accum/next_sum_im/P[47:0] is not pipelined (PREG=0). Pipelining the DSP48 output will improve performance and often saves power so it is suggested whenever possible to fully pipeline this function.  If this DSP48 function was inferred, it is suggested to describe an additional register stage after this function.  If the DSP48 was instantiated in the design, it is suggested to set the PREG attribute to 1.
Related violations: <none>

DPOP-1#10 Warning
PREG Output pipelining  
DSP inst/u_system/u_datapath/u_core/gen_lane[4].u_lane/u_accum/next_sum_re output inst/u_system/u_datapath/u_core/gen_lane[4].u_lane/u_accum/next_sum_re/P[47:0] is not pipelined (PREG=0). Pipelining the DSP48 output will improve performance and often saves power so it is suggested whenever possible to fully pipeline this function.  If this DSP48 function was inferred, it is suggested to describe an additional register stage after this function.  If the DSP48 was instantiated in the design, it is suggested to set the PREG attribute to 1.
Related violations: <none>

DPOP-1#11 Warning
PREG Output pipelining  
DSP inst/u_system/u_datapath/u_core/gen_lane[5].u_lane/u_accum/next_sum_im output inst/u_system/u_datapath/u_core/gen_lane[5].u_lane/u_accum/next_sum_im/P[47:0] is not pipelined (PREG=0). Pipelining the DSP48 output will improve performance and often saves power so it is suggested whenever possible to fully pipeline this function.  If this DSP48 function was inferred, it is suggested to describe an additional register stage after this function.  If the DSP48 was instantiated in the design, it is suggested to set the PREG attribute to 1.
Related violations: <none>

DPOP-1#12 Warning
PREG Output pipelining  
DSP inst/u_system/u_datapath/u_core/gen_lane[5].u_lane/u_accum/next_sum_re output inst/u_system/u_datapath/u_core/gen_lane[5].u_lane/u_accum/next_sum_re/P[47:0] is not pipelined (PREG=0). Pipelining the DSP48 output will improve performance and often saves power so it is suggested whenever possible to fully pipeline this function.  If this DSP48 function was inferred, it is suggested to describe an additional register stage after this function.  If the DSP48 was instantiated in the design, it is suggested to set the PREG attribute to 1.
Related violations: <none>

DPOP-1#13 Warning
PREG Output pipelining  
DSP inst/u_system/u_datapath/u_core/gen_lane[6].u_lane/u_accum/next_sum_im output inst/u_system/u_datapath/u_core/gen_lane[6].u_lane/u_accum/next_sum_im/P[47:0] is not pipelined (PREG=0). Pipelining the DSP48 output will improve performance and often saves power so it is suggested whenever possible to fully pipeline this function.  If this DSP48 function was inferred, it is suggested to describe an additional register stage after this function.  If the DSP48 was instantiated in the design, it is suggested to set the PREG attribute to 1.
Related violations: <none>

DPOP-1#14 Warning
PREG Output pipelining  
DSP inst/u_system/u_datapath/u_core/gen_lane[6].u_lane/u_accum/next_sum_re output inst/u_system/u_datapath/u_core/gen_lane[6].u_lane/u_accum/next_sum_re/P[47:0] is not pipelined (PREG=0). Pipelining the DSP48 output will improve performance and often saves power so it is suggested whenever possible to fully pipeline this function.  If this DSP48 function was inferred, it is suggested to describe an additional register stage after this function.  If the DSP48 was instantiated in the design, it is suggested to set the PREG attribute to 1.
Related violations: <none>

ZPS7-1#1 Warning
PS7 block required  
The PS7 cell must be used in this Zynq design in order to enable correct default configuration.
Related violations: <none>


