Copyright 1986-2022 Xilinx, Inc. All Rights Reserved. Copyright 2022-2024 Advanced Micro Devices, Inc. All Rights Reserved.
----------------------------------------------------------------------------------------------------------------------------------------------------------------------------------------------------------------------------
| Tool Version : Vivado v.2024.2 (win64) Build 5239630 Fri Nov 08 22:35:27 MST 2024
| Date         : Sun Jun 21 09:09:45 2026
| Host         : Aurora running 64-bit major release  (build 9200)
| Command      : report_timing_summary -file <STEP14_DIR>/results_step14_dbf_ip_soc_integration/ip_synth/packaged_ip_timing_summary_optimized.rpt
| Design       : dbf_axis_0
| Device       : 7z020-clg400
| Speed File   : -1  PRODUCTION 1.12 2019-11-22
| Design State : Synthesized
----------------------------------------------------------------------------------------------------------------------------------------------------------------------------------------------------------------------------

Timing Summary Report

------------------------------------------------------------------------------------------------
| Timer Settings
| --------------
------------------------------------------------------------------------------------------------

  Enable Multi Corner Analysis               :  Yes
  Enable Pessimism Removal                   :  Yes
  Pessimism Removal Resolution               :  Nearest Common Node
  Enable Input Delay Default Clock           :  No
  Enable Preset / Clear Arcs                 :  No
  Disable Flight Delays                      :  No
  Ignore I/O Paths                           :  No
  Timing Early Launch at Borrowing Latches   :  No
  Borrow Time for Max Delay Exceptions       :  Yes
  Merge Timing Exceptions                    :  Yes
  Inter-SLR Compensation                     :  Conservative

  Corner  Analyze    Analyze    
  Name    Max Paths  Min Paths  
  ------  ---------  ---------  
  Slow    Yes        Yes        
  Fast    Yes        Yes        


------------------------------------------------------------------------------------------------
| Report Methodology
| ------------------
------------------------------------------------------------------------------------------------

No report available as report_methodology has not been run prior. Run report_methodology on the current design for the summary of methodology violations.



check_timing report

Table of Contents
-----------------
1. checking no_clock (0)
2. checking constant_clock (0)
3. checking pulse_width_clock (0)
4. checking unconstrained_internal_endpoints (0)
5. checking no_input_delay (40)
6. checking no_output_delay (97)
7. checking multiple_clock (0)
8. checking generated_clocks (0)
9. checking loops (0)
10. checking partial_input_delay (0)
11. checking partial_output_delay (0)
12. checking latch_loops (0)

1. checking no_clock (0)
------------------------
 There are 0 register/latch pins with no clock.


2. checking constant_clock (0)
------------------------------
 There are 0 register/latch pins with constant_clock.


3. checking pulse_width_clock (0)
---------------------------------
 There are 0 register/latch pins which need pulse_width check


4. checking unconstrained_internal_endpoints (0)
------------------------------------------------
 There are 0 pins that are not constrained for maximum delay.

 There are 0 pins that are not constrained for maximum delay due to constant clock.


5. checking no_input_delay (40)
-------------------------------
 There are 40 input ports with no input delay specified. (HIGH)

 There are 0 input ports with no input delay but user has a false path constraint.


6. checking no_output_delay (97)
--------------------------------
 There are 97 ports with no output delay specified. (HIGH)

 There are 0 ports with no output delay but user has a false path constraint

 There are 0 ports with no output delay but with a timing clock defined on it or propagating through it


7. checking multiple_clock (0)
------------------------------
 There are 0 register/latch pins with multiple clocks.


8. checking generated_clocks (0)
--------------------------------
 There are 0 generated clocks that are not connected to a clock source.


9. checking loops (0)
---------------------
 There are 0 combinational loops in the design.


10. checking partial_input_delay (0)
------------------------------------
 There are 0 input ports with partial input delay specified.


11. checking partial_output_delay (0)
-------------------------------------
 There are 0 ports with partial output delay specified.


12. checking latch_loops (0)
----------------------------
 There are 0 combinational latch loops in the design through latch input



------------------------------------------------------------------------------------------------
| Design Timing Summary
| ---------------------
------------------------------------------------------------------------------------------------

    WNS(ns)      TNS(ns)  TNS Failing Endpoints  TNS Total Endpoints      WHS(ns)      THS(ns)  THS Failing Endpoints  THS Total Endpoints     WPWS(ns)     TPWS(ns)  TPWS Failing Endpoints  TPWS Total Endpoints  
    -------      -------  ---------------------  -------------------      -------      -------  ---------------------  -------------------     --------     --------  ----------------------  --------------------  
      0.377        0.000                      0                12338        0.252        0.000                      0                12338        1.116        0.000                       0                  4737  


All user specified timing constraints are met.


------------------------------------------------------------------------------------------------
| Clock Summary
| -------------
------------------------------------------------------------------------------------------------

Clock  Waveform(ns)         Period(ns)      Frequency(MHz)
-----  ------------         ----------      --------------
aclk   {0.000 2.500}        5.000           200.000         


------------------------------------------------------------------------------------------------
| Intra Clock Table
| -----------------
------------------------------------------------------------------------------------------------

Clock             WNS(ns)      TNS(ns)  TNS Failing Endpoints  TNS Total Endpoints      WHS(ns)      THS(ns)  THS Failing Endpoints  THS Total Endpoints     WPWS(ns)     TPWS(ns)  TPWS Failing Endpoints  TPWS Total Endpoints  
-----             -------      -------  ---------------------  -------------------      -------      -------  ---------------------  -------------------     --------     --------  ----------------------  --------------------  
aclk                0.377        0.000                      0                12338        0.252        0.000                      0                12338        1.116        0.000                       0                  4737  


------------------------------------------------------------------------------------------------
| Inter Clock Table
| -----------------
------------------------------------------------------------------------------------------------

From Clock    To Clock          WNS(ns)      TNS(ns)  TNS Failing Endpoints  TNS Total Endpoints      WHS(ns)      THS(ns)  THS Failing Endpoints  THS Total Endpoints  
----------    --------          -------      -------  ---------------------  -------------------      -------      -------  ---------------------  -------------------  


------------------------------------------------------------------------------------------------
| Other Path Groups Table
| -----------------------
------------------------------------------------------------------------------------------------

Path Group    From Clock    To Clock          WNS(ns)      TNS(ns)  TNS Failing Endpoints  TNS Total Endpoints      WHS(ns)      THS(ns)  THS Failing Endpoints  THS Total Endpoints  
----------    ----------    --------          -------      -------  ---------------------  -------------------      -------      -------  ---------------------  -------------------  


------------------------------------------------------------------------------------------------
| Timing Details
| --------------
------------------------------------------------------------------------------------------------


---------------------------------------------------------------------------------------------------
From Clock:  aclk
  To Clock:  aclk

Setup :            0  Failing Endpoints,  Worst Slack        0.377ns,  Total Violation        0.000ns
Hold  :            0  Failing Endpoints,  Worst Slack        0.252ns,  Total Violation        0.000ns
PW    :            0  Failing Endpoints,  Worst Slack        1.116ns,  Total Violation        0.000ns
---------------------------------------------------------------------------------------------------


Max Delay Paths
--------------------------------------------------------------------------------------
Slack (MET) :             0.377ns  (required time - arrival time)
  Source:                 inst/u_system/u_w_provider/u_im0/u_main_sprom/xpm_memory_base_inst/gen_rd_a.gen_rd_a_synth_template.gen_rf_narrow_reg.douta_reg_reg/CLKARDCLK
                            (rising edge-triggered cell RAMB36E1 clocked by aclk  {rise@0.000ns fall@2.500ns period=5.000ns})
  Destination:            inst/u_system/u_datapath/u_core/gen_lane[0].u_lane/u_accum/u_mac/p_im_reg/A[0]
                            (rising edge-triggered cell DSP48E1 clocked by aclk  {rise@0.000ns fall@2.500ns period=5.000ns})
  Path Group:             aclk
  Path Type:              Setup (Max at Slow Process Corner)
  Requirement:            5.000ns  (aclk rise@5.000ns - aclk rise@0.000ns)
  Data Path Delay:        4.177ns  (logic 2.578ns (61.713%)  route 1.599ns (38.287%))
  Logic Levels:           1  (LUT5=1)
  Clock Path Skew:        -0.049ns (DCD - SCD + CPR)
    Destination Clock Delay (DCD):    0.924ns = ( 5.924 - 5.000 ) 
    Source Clock Delay      (SCD):    0.973ns
    Clock Pessimism Removal (CPR):    0.000ns
  Clock Uncertainty:      0.035ns  ((TSJ^2 + TIJ^2)^1/2 + DJ) / 2 + PE
    Total System Jitter     (TSJ):    0.071ns
    Total Input Jitter      (TIJ):    0.000ns
    Discrete Jitter          (DJ):    0.000ns
    Phase Error              (PE):    0.000ns

    Location             Delay type                Incr(ns)  Path(ns)    Netlist Resource(s)
  -------------------------------------------------------------------    -------------------
                         (clock aclk rise edge)       0.000     0.000 r  
                                                      0.000     0.000 r  aclk (IN)
                         net (fo=4750, unset)         0.973     0.973    inst/u_system/u_w_provider/u_im0/u_main_sprom/xpm_memory_base_inst/clka
                         RAMB36E1                                     r  inst/u_system/u_w_provider/u_im0/u_main_sprom/xpm_memory_base_inst/gen_rd_a.gen_rd_a_synth_template.gen_rf_narrow_reg.douta_reg_reg/CLKARDCLK
  -------------------------------------------------------------------    -------------------
                         RAMB36E1 (Prop_ramb36e1_CLKARDCLK_DOADO[0])
                                                      2.454     3.427 r  inst/u_system/u_w_provider/u_im0/u_main_sprom/xpm_memory_base_inst/gen_rd_a.gen_rd_a_synth_template.gen_rf_narrow_reg.douta_reg_reg/DOADO[0]
                         net (fo=1, unplaced)         0.800     4.227    inst/u_system/u_w_provider/u_im0/u_main_sprom/main_dout[0]
                         LUT5 (Prop_lut5_I2_O)        0.124     4.351 r  inst/u_system/u_w_provider/u_im0/u_main_sprom/p_re_reg_i_18__2/O
                         net (fo=2, unplaced)         0.800     5.150    inst/u_system/u_datapath/u_core/gen_lane[0].u_lane/u_accum/u_mac/w_im_bus[0]
                         DSP48E1                                      r  inst/u_system/u_datapath/u_core/gen_lane[0].u_lane/u_accum/u_mac/p_im_reg/A[0]
  -------------------------------------------------------------------    -------------------

                         (clock aclk rise edge)       5.000     5.000 r  
                                                      0.000     5.000 r  aclk (IN)
                         net (fo=4750, unset)         0.924     5.924    inst/u_system/u_datapath/u_core/gen_lane[0].u_lane/u_accum/u_mac/aclk
                         DSP48E1                                      r  inst/u_system/u_datapath/u_core/gen_lane[0].u_lane/u_accum/u_mac/p_im_reg/CLK
                         clock pessimism              0.000     5.924    
                         clock uncertainty           -0.035     5.889    
                         DSP48E1 (Setup_dsp48e1_CLK_A[0])
                                                     -0.362     5.527    inst/u_system/u_datapath/u_core/gen_lane[0].u_lane/u_accum/u_mac/p_im_reg
  -------------------------------------------------------------------
                         required time                          5.527    
                         arrival time                          -5.150    
  -------------------------------------------------------------------
                         slack                                  0.377    





Min Delay Paths
--------------------------------------------------------------------------------------
Slack (MET) :             0.252ns  (arrival time - required time)
  Source:                 inst/u_system/u_datapath/u_core/gen_lane[0].u_lane/u_quant_im/neg_word_s4_reg[0]/C
                            (rising edge-triggered cell FDRE clocked by aclk  {rise@0.000ns fall@2.500ns period=5.000ns})
  Destination:            inst/u_system/u_datapath/u_core/gen_lane[0].u_lane/u_quant_im/z_out_reg[0]/D
                            (rising edge-triggered cell FDRE clocked by aclk  {rise@0.000ns fall@2.500ns period=5.000ns})
  Path Group:             aclk
  Path Type:              Hold (Min at Fast Process Corner)
  Requirement:            0.000ns  (aclk rise@0.000ns - aclk rise@0.000ns)
  Data Path Delay:        0.393ns  (logic 0.262ns (66.651%)  route 0.131ns (33.349%))
  Logic Levels:           1  (LUT4=1)
  Clock Path Skew:        0.022ns (DCD - SCD - CPR)
    Destination Clock Delay (DCD):    0.432ns
    Source Clock Delay      (SCD):    0.410ns
    Clock Pessimism Removal (CPR):    -0.000ns

    Location             Delay type                Incr(ns)  Path(ns)    Netlist Resource(s)
  -------------------------------------------------------------------    -------------------
                         (clock aclk rise edge)       0.000     0.000 r  
                                                      0.000     0.000 r  aclk (IN)
                         net (fo=4750, unset)         0.410     0.410    inst/u_system/u_datapath/u_core/gen_lane[0].u_lane/u_quant_im/aclk
                         FDRE                                         r  inst/u_system/u_datapath/u_core/gen_lane[0].u_lane/u_quant_im/neg_word_s4_reg[0]/C
  -------------------------------------------------------------------    -------------------
                         FDRE (Prop_fdre_C_Q)         0.164     0.574 r  inst/u_system/u_datapath/u_core/gen_lane[0].u_lane/u_quant_im/neg_word_s4_reg[0]/Q
                         net (fo=1, unplaced)         0.131     0.705    inst/u_system/u_datapath/u_core/gen_lane[0].u_lane/u_quant_im/neg_word_s4_reg_n_0_[0]
                         LUT4 (Prop_lut4_I3_O)        0.098     0.803 r  inst/u_system/u_datapath/u_core/gen_lane[0].u_lane/u_quant_im/z_out[0]_i_1/O
                         net (fo=1, unplaced)         0.000     0.803    inst/u_system/u_datapath/u_core/gen_lane[0].u_lane/u_quant_im/z_out[0]_i_1_n_0
                         FDRE                                         r  inst/u_system/u_datapath/u_core/gen_lane[0].u_lane/u_quant_im/z_out_reg[0]/D
  -------------------------------------------------------------------    -------------------

                         (clock aclk rise edge)       0.000     0.000 r  
                                                      0.000     0.000 r  aclk (IN)
                         net (fo=4750, unset)         0.432     0.432    inst/u_system/u_datapath/u_core/gen_lane[0].u_lane/u_quant_im/aclk
                         FDRE                                         r  inst/u_system/u_datapath/u_core/gen_lane[0].u_lane/u_quant_im/z_out_reg[0]/C
                         clock pessimism              0.000     0.432    
                         FDRE (Hold_fdre_C_D)         0.120     0.552    inst/u_system/u_datapath/u_core/gen_lane[0].u_lane/u_quant_im/z_out_reg[0]
  -------------------------------------------------------------------
                         required time                         -0.552    
                         arrival time                           0.803    
  -------------------------------------------------------------------
                         slack                                  0.252    





Pulse Width Checks
--------------------------------------------------------------------------------------
Clock Name:         aclk
Waveform(ns):       { 0.000 2.500 }
Period(ns):         5.000
Sources:            { aclk }

Check Type        Corner  Lib Pin      Reference Pin  Required(ns)  Actual(ns)  Slack(ns)  Location  Pin
Min Period        n/a     DSP48E1/CLK  n/a            3.884         5.000       1.116                inst/u_system/u_datapath/u_core/gen_lane[0].u_lane/u_accum/u_mac/wr_yi_s1_reg/CLK
Low Pulse Width   Slow    FDRE/C       n/a            0.500         2.500       2.000                inst/u_system/u_datapath/FSM_sequential_state_reg[0]/C
High Pulse Width  Slow    FDRE/C       n/a            0.500         2.500       2.000                inst/u_system/u_datapath/FSM_sequential_state_reg[0]/C



