Copyright 1986-2022 Xilinx, Inc. All Rights Reserved. Copyright 2022-2024 Advanced Micro Devices, Inc. All Rights Reserved.
------------------------------------------------------------------------------------------------------------------------------------------------------------------------------------------------------------------
| Tool Version : Vivado v.2024.2 (win64) Build 5239630 Fri Nov 08 22:35:27 MST 2024
| Date         : Sat Jun 20 21:20:25 2026
| Host         : Aurora running 64-bit major release  (build 9200)
| Command      : report_timing_summary -file <STEP14_DIR>/results_step14_dbf_ip_soc_integration/ip_synth/packaged_ip_timing_summary.rpt
| Design       : dbf_axis_0
| Device       : 7z020-clg400
| Speed File   : -1  PRODUCTION 1.12 2019-11-22
| Design State : Synthesized
------------------------------------------------------------------------------------------------------------------------------------------------------------------------------------------------------------------

Timing Summary Report

------------------------------------------------------------------------------------------------
| Timer Settings
| --------------
------------------------------------------------------------------------------------------------

  Enable Multi Corner Analysis               :  Yes
  Enable Pessimism Removal                   :  Yes
  Pessimism Removal Resolution               :  Nearest Common Node
  Enable Input Delay Default Clock           :  No
  Enable Preset / Clear Arcs                 :  No
  Disable Flight Delays                      :  No
  Ignore I/O Paths                           :  No
  Timing Early Launch at Borrowing Latches   :  No
  Borrow Time for Max Delay Exceptions       :  Yes
  Merge Timing Exceptions                    :  Yes
  Inter-SLR Compensation                     :  Conservative

  Corner  Analyze    Analyze    
  Name    Max Paths  Min Paths  
  ------  ---------  ---------  
  Slow    Yes        Yes        
  Fast    Yes        Yes        


------------------------------------------------------------------------------------------------
| Report Methodology
| ------------------
------------------------------------------------------------------------------------------------

No report available as report_methodology has not been run prior. Run report_methodology on the current design for the summary of methodology violations.



check_timing report

Table of Contents
-----------------
1. checking no_clock (0)
2. checking constant_clock (0)
3. checking pulse_width_clock (0)
4. checking unconstrained_internal_endpoints (0)
5. checking no_input_delay (40)
6. checking no_output_delay (97)
7. checking multiple_clock (0)
8. checking generated_clocks (0)
9. checking loops (0)
10. checking partial_input_delay (0)
11. checking partial_output_delay (0)
12. checking latch_loops (0)

1. checking no_clock (0)
------------------------
 There are 0 register/latch pins with no clock.


2. checking constant_clock (0)
------------------------------
 There are 0 register/latch pins with constant_clock.


3. checking pulse_width_clock (0)
---------------------------------
 There are 0 register/latch pins which need pulse_width check


4. checking unconstrained_internal_endpoints (0)
------------------------------------------------
 There are 0 pins that are not constrained for maximum delay.

 There are 0 pins that are not constrained for maximum delay due to constant clock.


5. checking no_input_delay (40)
-------------------------------
 There are 40 input ports with no input delay specified. (HIGH)

 There are 0 input ports with no input delay but user has a false path constraint.


6. checking no_output_delay (97)
--------------------------------
 There are 97 ports with no output delay specified. (HIGH)

 There are 0 ports with no output delay but user has a false path constraint

 There are 0 ports with no output delay but with a timing clock defined on it or propagating through it


7. checking multiple_clock (0)
------------------------------
 There are 0 register/latch pins with multiple clocks.


8. checking generated_clocks (0)
--------------------------------
 There are 0 generated clocks that are not connected to a clock source.


9. checking loops (0)
---------------------
 There are 0 combinational loops in the design.


10. checking partial_input_delay (0)
------------------------------------
 There are 0 input ports with partial input delay specified.


11. checking partial_output_delay (0)
-------------------------------------
 There are 0 ports with partial output delay specified.


12. checking latch_loops (0)
----------------------------
 There are 0 combinational latch loops in the design through latch input



------------------------------------------------------------------------------------------------
| Design Timing Summary
| ---------------------
------------------------------------------------------------------------------------------------

    WNS(ns)      TNS(ns)  TNS Failing Endpoints  TNS Total Endpoints      WHS(ns)      THS(ns)  THS Failing Endpoints  THS Total Endpoints     WPWS(ns)     TPWS(ns)  TPWS Failing Endpoints  TPWS Total Endpoints  
    -------      -------  ---------------------  -------------------      -------      -------  ---------------------  -------------------     --------     --------  ----------------------  --------------------  
     -8.586   -11799.352                   1746                 4669        0.256        0.000                      0                 4669        2.000        0.000                       0                  1838  


Timing constraints are not met.


------------------------------------------------------------------------------------------------
| Clock Summary
| -------------
------------------------------------------------------------------------------------------------

Clock  Waveform(ns)         Period(ns)      Frequency(MHz)
-----  ------------         ----------      --------------
aclk   {0.000 2.500}        5.000           200.000         


------------------------------------------------------------------------------------------------
| Intra Clock Table
| -----------------
------------------------------------------------------------------------------------------------

Clock             WNS(ns)      TNS(ns)  TNS Failing Endpoints  TNS Total Endpoints      WHS(ns)      THS(ns)  THS Failing Endpoints  THS Total Endpoints     WPWS(ns)     TPWS(ns)  TPWS Failing Endpoints  TPWS Total Endpoints  
-----             -------      -------  ---------------------  -------------------      -------      -------  ---------------------  -------------------     --------     --------  ----------------------  --------------------  
aclk               -8.586   -11799.352                   1746                 4669        0.256        0.000                      0                 4669        2.000        0.000                       0                  1838  


------------------------------------------------------------------------------------------------
| Inter Clock Table
| -----------------
------------------------------------------------------------------------------------------------

From Clock    To Clock          WNS(ns)      TNS(ns)  TNS Failing Endpoints  TNS Total Endpoints      WHS(ns)      THS(ns)  THS Failing Endpoints  THS Total Endpoints  
----------    --------          -------      -------  ---------------------  -------------------      -------      -------  ---------------------  -------------------  


------------------------------------------------------------------------------------------------
| Other Path Groups Table
| -----------------------
------------------------------------------------------------------------------------------------

Path Group    From Clock    To Clock          WNS(ns)      TNS(ns)  TNS Failing Endpoints  TNS Total Endpoints      WHS(ns)      THS(ns)  THS Failing Endpoints  THS Total Endpoints  
----------    ----------    --------          -------      -------  ---------------------  -------------------      -------      -------  ---------------------  -------------------  


------------------------------------------------------------------------------------------------
| Timing Details
| --------------
------------------------------------------------------------------------------------------------


---------------------------------------------------------------------------------------------------
From Clock:  aclk
  To Clock:  aclk

Setup :         1746  Failing Endpoints,  Worst Slack       -8.586ns,  Total Violation   -11799.351ns
Hold  :            0  Failing Endpoints,  Worst Slack        0.256ns,  Total Violation        0.000ns
PW    :            0  Failing Endpoints,  Worst Slack        2.000ns,  Total Violation        0.000ns
---------------------------------------------------------------------------------------------------


Max Delay Paths
--------------------------------------------------------------------------------------
Slack (VIOLATED) :        -8.586ns  (required time - arrival time)
  Source:                 inst/u_system/u_w_provider/u_w_re_b0/u_xpm_sprom/xpm_memory_base_inst/gen_rd_a.gen_rd_a_synth_template.gen_rf_narrow_reg.douta_reg_reg_1/CLKARDCLK
                            (rising edge-triggered cell RAMB36E1 clocked by aclk  {rise@0.000ns fall@2.500ns period=5.000ns})
  Destination:            inst/u_system/u_datapath/u_core/gen_lane[0].u_lane/u_accum/acc_im_reg[45]/D
                            (rising edge-triggered cell FDRE clocked by aclk  {rise@0.000ns fall@2.500ns period=5.000ns})
  Path Group:             aclk
  Path Type:              Setup (Max at Slow Process Corner)
  Requirement:            5.000ns  (aclk rise@5.000ns - aclk rise@0.000ns)
  Data Path Delay:        13.611ns  (logic 10.403ns (76.432%)  route 3.208ns (23.568%))
  Logic Levels:           16  (CARRY4=12 DSP48E1=2 LUT2=1 LUT3=1)
  Clock Path Skew:        -0.049ns (DCD - SCD + CPR)
    Destination Clock Delay (DCD):    0.924ns = ( 5.924 - 5.000 ) 
    Source Clock Delay      (SCD):    0.973ns
    Clock Pessimism Removal (CPR):    0.000ns
  Clock Uncertainty:      0.035ns  ((TSJ^2 + TIJ^2)^1/2 + DJ) / 2 + PE
    Total System Jitter     (TSJ):    0.071ns
    Total Input Jitter      (TIJ):    0.000ns
    Discrete Jitter          (DJ):    0.000ns
    Phase Error              (PE):    0.000ns

    Location             Delay type                Incr(ns)  Path(ns)    Netlist Resource(s)
  -------------------------------------------------------------------    -------------------
                         (clock aclk rise edge)       0.000     0.000 r  
                                                      0.000     0.000 r  aclk (IN)
                         net (fo=1865, unset)         0.973     0.973    inst/u_system/u_w_provider/u_w_re_b0/u_xpm_sprom/xpm_memory_base_inst/clka
                         RAMB36E1                                     r  inst/u_system/u_w_provider/u_w_re_b0/u_xpm_sprom/xpm_memory_base_inst/gen_rd_a.gen_rd_a_synth_template.gen_rf_narrow_reg.douta_reg_reg_1/CLKARDCLK
  -------------------------------------------------------------------    -------------------
                         RAMB36E1 (Prop_ramb36e1_CLKARDCLK_DOPADOP[0])
                                                      2.454     3.427 r  inst/u_system/u_w_provider/u_w_re_b0/u_xpm_sprom/xpm_memory_base_inst/gen_rd_a.gen_rd_a_synth_template.gen_rf_narrow_reg.douta_reg_reg_1/DOPADOP[0]
                         net (fo=1, unplaced)         0.800     4.227    inst/u_system/u_w_provider/u_w_re_b0/u_xpm_sprom/w_re_b0_dout[17]
                         LUT3 (Prop_lut3_I0_O)        0.124     4.351 r  inst/u_system/u_w_provider/u_w_re_b0/u_xpm_sprom/wr_yr_i_2__5/O
                         net (fo=26, unplaced)        0.800     5.150    inst/u_system/u_datapath/u_core/gen_lane[0].u_lane/u_accum/u_mac/w_re_bus[17]
                         DSP48E1 (Prop_dsp48e1_A[29]_P[33])
                                                      3.841     8.991 r  inst/u_system/u_datapath/u_core/gen_lane[0].u_lane/u_accum/u_mac/wr_yi/P[33]
                         net (fo=2, unplaced)         0.800     9.791    inst/u_system/u_datapath/u_core/gen_lane[0].u_lane/u_accum/u_mac/wr_yi__0[33]
                         DSP48E1 (Prop_dsp48e1_C[34]_P[1])
                                                      1.820    11.611 r  inst/u_system/u_datapath/u_core/gen_lane[0].u_lane/u_accum/u_mac/p_im/P[1]
                         net (fo=3, unplaced)         0.800    12.411    inst/u_system/u_datapath/u_core/gen_lane[0].u_lane/u_accum/u_mac/p_im_n_104
                         LUT2 (Prop_lut2_I1_O)        0.124    12.535 r  inst/u_system/u_datapath/u_core/gen_lane[0].u_lane/u_accum/u_mac/next_sum_im_carry_i_3/O
                         net (fo=1, unplaced)         0.000    12.535    inst/u_system/u_datapath/u_core/gen_lane[0].u_lane/u_accum/u_mac_n_140
                         CARRY4 (Prop_carry4_S[1]_CO[3])
                                                      0.533    13.068 r  inst/u_system/u_datapath/u_core/gen_lane[0].u_lane/u_accum/next_sum_im_carry/CO[3]
                         net (fo=1, unplaced)         0.009    13.077    inst/u_system/u_datapath/u_core/gen_lane[0].u_lane/u_accum/next_sum_im_carry_n_0
                         CARRY4 (Prop_carry4_CI_CO[3])
                                                      0.117    13.194 r  inst/u_system/u_datapath/u_core/gen_lane[0].u_lane/u_accum/next_sum_im_carry__0/CO[3]
                         net (fo=1, unplaced)         0.000    13.194    inst/u_system/u_datapath/u_core/gen_lane[0].u_lane/u_accum/next_sum_im_carry__0_n_0
                         CARRY4 (Prop_carry4_CI_CO[3])
                                                      0.117    13.311 r  inst/u_system/u_datapath/u_core/gen_lane[0].u_lane/u_accum/next_sum_im_carry__1/CO[3]
                         net (fo=1, unplaced)         0.000    13.311    inst/u_system/u_datapath/u_core/gen_lane[0].u_lane/u_accum/next_sum_im_carry__1_n_0
                         CARRY4 (Prop_carry4_CI_CO[3])
                                                      0.117    13.428 r  inst/u_system/u_datapath/u_core/gen_lane[0].u_lane/u_accum/next_sum_im_carry__2/CO[3]
                         net (fo=1, unplaced)         0.000    13.428    inst/u_system/u_datapath/u_core/gen_lane[0].u_lane/u_accum/next_sum_im_carry__2_n_0
                         CARRY4 (Prop_carry4_CI_CO[3])
                                                      0.117    13.545 r  inst/u_system/u_datapath/u_core/gen_lane[0].u_lane/u_accum/next_sum_im_carry__3/CO[3]
                         net (fo=1, unplaced)         0.000    13.545    inst/u_system/u_datapath/u_core/gen_lane[0].u_lane/u_accum/next_sum_im_carry__3_n_0
                         CARRY4 (Prop_carry4_CI_CO[3])
                                                      0.117    13.662 r  inst/u_system/u_datapath/u_core/gen_lane[0].u_lane/u_accum/next_sum_im_carry__4/CO[3]
                         net (fo=1, unplaced)         0.000    13.662    inst/u_system/u_datapath/u_core/gen_lane[0].u_lane/u_accum/next_sum_im_carry__4_n_0
                         CARRY4 (Prop_carry4_CI_CO[3])
                                                      0.117    13.779 r  inst/u_system/u_datapath/u_core/gen_lane[0].u_lane/u_accum/next_sum_im_carry__5/CO[3]
                         net (fo=1, unplaced)         0.000    13.779    inst/u_system/u_datapath/u_core/gen_lane[0].u_lane/u_accum/next_sum_im_carry__5_n_0
                         CARRY4 (Prop_carry4_CI_CO[3])
                                                      0.117    13.896 r  inst/u_system/u_datapath/u_core/gen_lane[0].u_lane/u_accum/next_sum_im_carry__6/CO[3]
                         net (fo=1, unplaced)         0.000    13.896    inst/u_system/u_datapath/u_core/gen_lane[0].u_lane/u_accum/next_sum_im_carry__6_n_0
                         CARRY4 (Prop_carry4_CI_CO[3])
                                                      0.117    14.013 r  inst/u_system/u_datapath/u_core/gen_lane[0].u_lane/u_accum/next_sum_im_carry__7/CO[3]
                         net (fo=1, unplaced)         0.000    14.013    inst/u_system/u_datapath/u_core/gen_lane[0].u_lane/u_accum/next_sum_im_carry__7_n_0
                         CARRY4 (Prop_carry4_CI_CO[3])
                                                      0.117    14.130 r  inst/u_system/u_datapath/u_core/gen_lane[0].u_lane/u_accum/next_sum_im_carry__8/CO[3]
                         net (fo=1, unplaced)         0.000    14.130    inst/u_system/u_datapath/u_core/gen_lane[0].u_lane/u_accum/next_sum_im_carry__8_n_0
                         CARRY4 (Prop_carry4_CI_CO[3])
                                                      0.117    14.247 r  inst/u_system/u_datapath/u_core/gen_lane[0].u_lane/u_accum/next_sum_im_carry__9/CO[3]
                         net (fo=1, unplaced)         0.000    14.247    inst/u_system/u_datapath/u_core/gen_lane[0].u_lane/u_accum/next_sum_im_carry__9_n_0
                         CARRY4 (Prop_carry4_CI_O[1])
                                                      0.337    14.584 r  inst/u_system/u_datapath/u_core/gen_lane[0].u_lane/u_accum/next_sum_im_carry__10/O[1]
                         net (fo=1, unplaced)         0.000    14.584    inst/u_system/u_datapath/u_core/gen_lane[0].u_lane/u_accum/next_sum_im[45]
                         FDRE                                         r  inst/u_system/u_datapath/u_core/gen_lane[0].u_lane/u_accum/acc_im_reg[45]/D
  -------------------------------------------------------------------    -------------------

                         (clock aclk rise edge)       5.000     5.000 r  
                                                      0.000     5.000 r  aclk (IN)
                         net (fo=1865, unset)         0.924     5.924    inst/u_system/u_datapath/u_core/gen_lane[0].u_lane/u_accum/aclk
                         FDRE                                         r  inst/u_system/u_datapath/u_core/gen_lane[0].u_lane/u_accum/acc_im_reg[45]/C
                         clock pessimism              0.000     5.924    
                         clock uncertainty           -0.035     5.889    
                         FDRE (Setup_fdre_C_D)        0.109     5.998    inst/u_system/u_datapath/u_core/gen_lane[0].u_lane/u_accum/acc_im_reg[45]
  -------------------------------------------------------------------
                         required time                          5.998    
                         arrival time                         -14.584    
  -------------------------------------------------------------------
                         slack                                 -8.586    





Min Delay Paths
--------------------------------------------------------------------------------------
Slack (MET) :             0.256ns  (arrival time - required time)
  Source:                 inst/u_system/u_datapath/pipe_expected_last_reg/C
                            (rising edge-triggered cell FDRE clocked by aclk  {rise@0.000ns fall@2.500ns period=5.000ns})
  Destination:            inst/u_system/u_datapath/u_core/gen_lane[6].u_lane/u_accum/out_valid_reg/D
                            (rising edge-triggered cell FDRE clocked by aclk  {rise@0.000ns fall@2.500ns period=5.000ns})
  Path Group:             aclk
  Path Type:              Hold (Min at Fast Process Corner)
  Requirement:            0.000ns  (aclk rise@0.000ns - aclk rise@0.000ns)
  Data Path Delay:        0.398ns  (logic 0.262ns (65.874%)  route 0.136ns (34.126%))
  Logic Levels:           1  (LUT2=1)
  Clock Path Skew:        0.022ns (DCD - SCD - CPR)
    Destination Clock Delay (DCD):    0.432ns
    Source Clock Delay      (SCD):    0.410ns
    Clock Pessimism Removal (CPR):    -0.000ns

    Location             Delay type                Incr(ns)  Path(ns)    Netlist Resource(s)
  -------------------------------------------------------------------    -------------------
                         (clock aclk rise edge)       0.000     0.000 r  
                                                      0.000     0.000 r  aclk (IN)
                         net (fo=1865, unset)         0.410     0.410    inst/u_system/u_datapath/aclk
                         FDRE                                         r  inst/u_system/u_datapath/pipe_expected_last_reg/C
  -------------------------------------------------------------------    -------------------
                         FDRE (Prop_fdre_C_Q)         0.164     0.574 r  inst/u_system/u_datapath/pipe_expected_last_reg/Q
                         net (fo=2, unplaced)         0.136     0.710    inst/u_system/u_datapath/pipe_expected_last
                         LUT2 (Prop_lut2_I1_O)        0.098     0.808 r  inst/u_system/u_datapath/acc_re[47]_i_1/O
                         net (fo=673, unplaced)       0.000     0.808    inst/u_system/u_datapath/u_core/gen_lane[6].u_lane/u_accum/E[0]
                         FDRE                                         r  inst/u_system/u_datapath/u_core/gen_lane[6].u_lane/u_accum/out_valid_reg/D
  -------------------------------------------------------------------    -------------------

                         (clock aclk rise edge)       0.000     0.000 r  
                                                      0.000     0.000 r  aclk (IN)
                         net (fo=1865, unset)         0.432     0.432    inst/u_system/u_datapath/u_core/gen_lane[6].u_lane/u_accum/aclk
                         FDRE                                         r  inst/u_system/u_datapath/u_core/gen_lane[6].u_lane/u_accum/out_valid_reg/C
                         clock pessimism              0.000     0.432    
                         FDRE (Hold_fdre_C_D)         0.120     0.552    inst/u_system/u_datapath/u_core/gen_lane[6].u_lane/u_accum/out_valid_reg
  -------------------------------------------------------------------
                         required time                         -0.552    
                         arrival time                           0.808    
  -------------------------------------------------------------------
                         slack                                  0.256    





Pulse Width Checks
--------------------------------------------------------------------------------------
Clock Name:         aclk
Waveform(ns):       { 0.000 2.500 }
Period(ns):         5.000
Sources:            { aclk }

Check Type        Corner  Lib Pin             Reference Pin  Required(ns)  Actual(ns)  Slack(ns)  Location  Pin
Min Period        n/a     RAMB36E1/CLKARDCLK  n/a            2.576         5.000       2.424                inst/u_system/u_w_provider/u_w_im_b0/u_xpm_sprom/xpm_memory_base_inst/gen_rd_a.gen_rd_a_synth_template.gen_rf_narrow_reg.douta_reg_reg_0/CLKARDCLK
Low Pulse Width   Slow    FDRE/C              n/a            0.500         2.500       2.000                inst/u_system/u_datapath/FSM_sequential_state_reg[0]/C
High Pulse Width  Slow    FDRE/C              n/a            0.500         2.500       2.000                inst/u_system/u_datapath/FSM_sequential_state_reg[0]/C



