[2026-06-05 16:49:43] Step11.3 Stage1 coarse-to-fine sanity starts
[2026-06-05 16:49:43] Script: E:\matlab_code\bishe_quanxi\stepwise_signal_model\steps\step_11_3_beamspace_ml_search_acceleration\stage1_coarse_to_fine_sanity\run_stage1_coarse_to_fine_sanity
[2026-06-05 16:49:43] Result directory: E:\matlab_code\bishe_quanxi\stepwise_signal_model\steps\step_11_3_beamspace_ml_search_acceleration\results_step11_3_stage1_coarse_to_fine_sanity
[2026-06-05 16:49:44] Using W=Step11.2 recommended greedy_combined_B7 W reconstructed locally, B=7, projection_loss=0.556786, max_corr=0.253389, cond_WHW=8.32058
[2026-06-05 16:49:44] Scenarios=5, Metkl=5, L=64, base_seed=20260624
[2026-06-05 16:49:44] Full fine steps: az=0.080, el=0.120
[2026-06-05 16:49:44] Coarse steps: az=0.160, el=0.240, topK=5
[2026-06-05 16:49:44] Refine steps: az=0.040, el=0.060, local half=[0.160 0.240]
[2026-06-05 16:49:48] Evaluation finished: trial rows=75, summary rows=15, elapsed 4.39 s
[2026-06-05 16:49:56] Wrote trial CSV: E:\matlab_code\bishe_quanxi\stepwise_signal_model\steps\step_11_3_beamspace_ml_search_acceleration\results_step11_3_stage1_coarse_to_fine_sanity\step11_3_stage1_trial.csv
[2026-06-05 16:49:56] Wrote summary CSV: E:\matlab_code\bishe_quanxi\stepwise_signal_model\steps\step_11_3_beamspace_ml_search_acceleration\results_step11_3_stage1_coarse_to_fine_sanity\step11_3_stage1_summary.csv
[2026-06-05 16:49:56] Wrote keypoints CSV: E:\matlab_code\bishe_quanxi\stepwise_signal_model\steps\step_11_3_beamspace_ml_search_acceleration\results_step11_3_stage1_coarse_to_fine_sanity\step11_3_stage1_keypoints.csv
[2026-06-05 16:49:56] Wrote result MAT: E:\matlab_code\bishe_quanxi\stepwise_signal_model\steps\step_11_3_beamspace_ml_search_acceleration\results_step11_3_stage1_coarse_to_fine_sanity\step11_3_stage1_result.mat
[2026-06-05 16:49:56] Wrote plot: E:\matlab_code\bishe_quanxi\stepwise_signal_model\steps\step_11_3_beamspace_ml_search_acceleration\results_step11_3_stage1_coarse_to_fine_sanity\search_success_compare.png
[2026-06-05 16:49:56] Wrote plot: E:\matlab_code\bishe_quanxi\stepwise_signal_model\steps\step_11_3_beamspace_ml_search_acceleration\results_step11_3_stage1_coarse_to_fine_sanity\search_rmse_compare.png
[2026-06-05 16:49:56] Wrote plot: E:\matlab_code\bishe_quanxi\stepwise_signal_model\steps\step_11_3_beamspace_ml_search_acceleration\results_step11_3_stage1_coarse_to_fine_sanity\search_num_pairs_compare.png
[2026-06-05 16:49:56] Wrote plot: E:\matlab_code\bishe_quanxi\stepwise_signal_model\steps\step_11_3_beamspace_ml_search_acceleration\results_step11_3_stage1_coarse_to_fine_sanity\search_reduction_ratio.png
[2026-06-05 16:49:56] Wrote plot: E:\matlab_code\bishe_quanxi\stepwise_signal_model\steps\step_11_3_beamspace_ml_search_acceleration\results_step11_3_stage1_coarse_to_fine_sanity\search_full_grid_match_rate.png
[2026-06-05 16:49:56] Wrote plot: E:\matlab_code\bishe_quanxi\stepwise_signal_model\steps\step_11_3_beamspace_ml_search_acceleration\results_step11_3_stage1_coarse_to_fine_sanity\search_topK_miss_rate.png
[2026-06-05 16:49:56] Wrote plot: E:\matlab_code\bishe_quanxi\stepwise_signal_model\steps\step_11_3_beamspace_ml_search_acceleration\results_step11_3_stage1_coarse_to_fine_sanity\search_success_vs_topK.png
[2026-06-05 16:49:56] Wrote plot: E:\matlab_code\bishe_quanxi\stepwise_signal_model\steps\step_11_3_beamspace_ml_search_acceleration\results_step11_3_stage1_coarse_to_fine_sanity\search_success_vs_coarse_step.png
[2026-06-05 16:49:56] Keypoints:
[2026-06-05 16:49:56]   full_fine_success = 1
[2026-06-05 16:49:56]   coarse_only_success = 0.56
[2026-06-05 16:49:56]   coarse_to_fine_success = 0.56
[2026-06-05 16:49:56]   full_fine_rmse = 0.0985779409248
[2026-06-05 16:49:56]   coarse_to_fine_rmse = 0.149083682971
[2026-06-05 16:49:56]   full_fine_worst_case_success = 1
[2026-06-05 16:49:56]   coarse_to_fine_worst_case_success = 0
[2026-06-05 16:49:56]   coarse_to_fine_mean_num_pairs = 20718
[2026-06-05 16:49:56]   full_fine_mean_num_pairs = 65379
[2026-06-05 16:49:56]   complexity_reduction_ratio = 3.15566174341
[2026-06-05 16:49:56]   full_grid_match_rate = 0
[2026-06-05 16:49:56]   topK_miss_rate = 0.48
[2026-06-05 16:49:56]   recommended_topK = 5
[2026-06-05 16:49:56]   recommended_coarse_az_step = 0.16
[2026-06-05 16:49:56]   recommended_coarse_el_step = 0.24
[2026-06-05 16:49:56]   recommended_fine_az_step = 0.04
[2026-06-05 16:49:56]   recommended_fine_el_step = 0.06
[2026-06-05 16:49:56]   search_acceleration_pass_flag = 0
[2026-06-05 16:49:56]   recommended_next_step = tune_topK_or_refine_window
