Copyright 1986-2022 Xilinx, Inc. All Rights Reserved. Copyright 2022-2024 Advanced Micro Devices, Inc. All Rights Reserved.
--------------------------------------------------------------------------------------------------------------------------------------------------------------------------------------------------------------------------------
| Tool Version : Vivado v.2024.2 (win64) Build 5239630 Fri Nov 08 22:35:27 MST 2024
| Date         : Fri Jun 19 11:14:46 2026
| Host         : Aurora running 64-bit major release  (build 9200)
| Command      : report_timing_summary -file E:/matlab_code/bishe_quanxi/stepwise_signal_model/steps/step_13_fpga_soc_dbf_boundary/results_step13_fpga_soc_dbf_boundary/synth/b7_parallel_timing_summary.rpt -warn_on_violation
| Design       : dbf_core_z24_b7_ref_top
| Device       : 7z020-clg400
| Speed File   : -1  PRODUCTION 1.12 2019-11-22
| Design State : Synthesized
--------------------------------------------------------------------------------------------------------------------------------------------------------------------------------------------------------------------------------

Timing Summary Report

------------------------------------------------------------------------------------------------
| Timer Settings
| --------------
------------------------------------------------------------------------------------------------

  Enable Multi Corner Analysis               :  Yes
  Enable Pessimism Removal                   :  Yes
  Pessimism Removal Resolution               :  Nearest Common Node
  Enable Input Delay Default Clock           :  No
  Enable Preset / Clear Arcs                 :  No
  Disable Flight Delays                      :  No
  Ignore I/O Paths                           :  No
  Timing Early Launch at Borrowing Latches   :  No
  Borrow Time for Max Delay Exceptions       :  Yes
  Merge Timing Exceptions                    :  Yes
  Inter-SLR Compensation                     :  Conservative

  Corner  Analyze    Analyze    
  Name    Max Paths  Min Paths  
  ------  ---------  ---------  
  Slow    Yes        Yes        
  Fast    Yes        Yes        


------------------------------------------------------------------------------------------------
| Report Methodology
| ------------------
------------------------------------------------------------------------------------------------

No report available as report_methodology has not been run prior. Run report_methodology on the current design for the summary of methodology violations.



check_timing report

Table of Contents
-----------------
1. checking no_clock (0)
2. checking constant_clock (0)
3. checking pulse_width_clock (0)
4. checking unconstrained_internal_endpoints (0)
5. checking no_input_delay (287)
6. checking no_output_delay (1044)
7. checking multiple_clock (0)
8. checking generated_clocks (0)
9. checking loops (0)
10. checking partial_input_delay (0)
11. checking partial_output_delay (0)
12. checking latch_loops (0)

1. checking no_clock (0)
------------------------
 There are 0 register/latch pins with no clock.


2. checking constant_clock (0)
------------------------------
 There are 0 register/latch pins with constant_clock.


3. checking pulse_width_clock (0)
---------------------------------
 There are 0 register/latch pins which need pulse_width check


4. checking unconstrained_internal_endpoints (0)
------------------------------------------------
 There are 0 pins that are not constrained for maximum delay.

 There are 0 pins that are not constrained for maximum delay due to constant clock.


5. checking no_input_delay (287)
--------------------------------
 There are 287 input ports with no input delay specified. (HIGH)

 There are 0 input ports with no input delay but user has a false path constraint.


6. checking no_output_delay (1044)
----------------------------------
 There are 1044 ports with no output delay specified. (HIGH)

 There are 0 ports with no output delay but user has a false path constraint

 There are 0 ports with no output delay but with a timing clock defined on it or propagating through it


7. checking multiple_clock (0)
------------------------------
 There are 0 register/latch pins with multiple clocks.


8. checking generated_clocks (0)
--------------------------------
 There are 0 generated clocks that are not connected to a clock source.


9. checking loops (0)
---------------------
 There are 0 combinational loops in the design.


10. checking partial_input_delay (0)
------------------------------------
 There are 0 input ports with partial input delay specified.


11. checking partial_output_delay (0)
-------------------------------------
 There are 0 ports with partial output delay specified.


12. checking latch_loops (0)
----------------------------
 There are 0 combinational latch loops in the design through latch input



------------------------------------------------------------------------------------------------
| Design Timing Summary
| ---------------------
------------------------------------------------------------------------------------------------

    WNS(ns)      TNS(ns)  TNS Failing Endpoints  TNS Total Endpoints      WHS(ns)      THS(ns)  THS Failing Endpoints  THS Total Endpoints     WPWS(ns)     TPWS(ns)  TPWS Failing Endpoints  TPWS Total Endpoints  
    -------      -------  ---------------------  -------------------      -------      -------  ---------------------  -------------------     --------     --------  ----------------------  --------------------  
      1.675        0.000                      0                 1344        0.272        0.000                      0                 1344        2.000        0.000                       0                  1345  


All user specified timing constraints are met.


------------------------------------------------------------------------------------------------
| Clock Summary
| -------------
------------------------------------------------------------------------------------------------

Clock  Waveform(ns)         Period(ns)      Frequency(MHz)
-----  ------------         ----------      --------------
clk    {0.000 2.500}        5.000           200.000         


------------------------------------------------------------------------------------------------
| Intra Clock Table
| -----------------
------------------------------------------------------------------------------------------------

Clock             WNS(ns)      TNS(ns)  TNS Failing Endpoints  TNS Total Endpoints      WHS(ns)      THS(ns)  THS Failing Endpoints  THS Total Endpoints     WPWS(ns)     TPWS(ns)  TPWS Failing Endpoints  TPWS Total Endpoints  
-----             -------      -------  ---------------------  -------------------      -------      -------  ---------------------  -------------------     --------     --------  ----------------------  --------------------  
clk                 1.675        0.000                      0                 1344        0.272        0.000                      0                 1344        2.000        0.000                       0                  1345  


------------------------------------------------------------------------------------------------
| Inter Clock Table
| -----------------
------------------------------------------------------------------------------------------------

From Clock    To Clock          WNS(ns)      TNS(ns)  TNS Failing Endpoints  TNS Total Endpoints      WHS(ns)      THS(ns)  THS Failing Endpoints  THS Total Endpoints  
----------    --------          -------      -------  ---------------------  -------------------      -------      -------  ---------------------  -------------------  


------------------------------------------------------------------------------------------------
| Other Path Groups Table
| -----------------------
------------------------------------------------------------------------------------------------

Path Group    From Clock    To Clock          WNS(ns)      TNS(ns)  TNS Failing Endpoints  TNS Total Endpoints      WHS(ns)      THS(ns)  THS Failing Endpoints  THS Total Endpoints  
----------    ----------    --------          -------      -------  ---------------------  -------------------      -------      -------  ---------------------  -------------------  


------------------------------------------------------------------------------------------------
| Timing Details
| --------------
------------------------------------------------------------------------------------------------


---------------------------------------------------------------------------------------------------
From Clock:  clk
  To Clock:  clk

Setup :            0  Failing Endpoints,  Worst Slack        1.675ns,  Total Violation        0.000ns
Hold  :            0  Failing Endpoints,  Worst Slack        0.272ns,  Total Violation        0.000ns
PW    :            0  Failing Endpoints,  Worst Slack        2.000ns,  Total Violation        0.000ns
---------------------------------------------------------------------------------------------------


Max Delay Paths
--------------------------------------------------------------------------------------
Slack (MET) :             1.675ns  (required time - arrival time)
  Source:                 u_top/gen_lane[0].u_lane/u_accum/sum_im_reg[1]/C
                            (rising edge-triggered cell FDRE clocked by clk  {rise@0.000ns fall@2.500ns period=5.000ns})
  Destination:            u_top/gen_lane[0].u_lane/u_accum/acc_im_reg[45]/D
                            (rising edge-triggered cell FDRE clocked by clk  {rise@0.000ns fall@2.500ns period=5.000ns})
  Path Group:             clk
  Path Type:              Setup (Max at Slow Process Corner)
  Requirement:            5.000ns  (clk rise@5.000ns - clk rise@0.000ns)
  Data Path Delay:        3.350ns  (logic 2.853ns (85.164%)  route 0.497ns (14.836%))
  Logic Levels:           13  (CARRY4=12 LUT2=1)
  Clock Path Skew:        -0.049ns (DCD - SCD + CPR)
    Destination Clock Delay (DCD):    0.924ns = ( 5.924 - 5.000 ) 
    Source Clock Delay      (SCD):    0.973ns
    Clock Pessimism Removal (CPR):    0.000ns
  Clock Uncertainty:      0.035ns  ((TSJ^2 + TIJ^2)^1/2 + DJ) / 2 + PE
    Total System Jitter     (TSJ):    0.071ns
    Total Input Jitter      (TIJ):    0.000ns
    Discrete Jitter          (DJ):    0.000ns
    Phase Error              (PE):    0.000ns

    Location             Delay type                Incr(ns)  Path(ns)    Netlist Resource(s)
  -------------------------------------------------------------------    -------------------
                         (clock clk rise edge)        0.000     0.000 r  
                                                      0.000     0.000 r  clk (IN)
                         net (fo=1344, unset)         0.973     0.973    u_top/gen_lane[0].u_lane/u_accum/clk
                         FDRE                                         r  u_top/gen_lane[0].u_lane/u_accum/sum_im_reg[1]/C
  -------------------------------------------------------------------    -------------------
                         FDRE (Prop_fdre_C_Q)         0.518     1.491 r  u_top/gen_lane[0].u_lane/u_accum/sum_im_reg[1]/Q
                         net (fo=3, unplaced)         0.488     1.979    u_top/gen_lane[0].u_lane/u_accum/u_mac/sum_im_reg[1]
                         LUT2 (Prop_lut2_I0_O)        0.295     2.274 r  u_top/gen_lane[0].u_lane/u_accum/u_mac/next_sum_im_carry_i_3/O
                         net (fo=1, unplaced)         0.000     2.274    u_top/gen_lane[0].u_lane/u_accum/u_mac_n_140
                         CARRY4 (Prop_carry4_S[1]_CO[3])
                                                      0.533     2.807 r  u_top/gen_lane[0].u_lane/u_accum/next_sum_im_carry/CO[3]
                         net (fo=1, unplaced)         0.009     2.816    u_top/gen_lane[0].u_lane/u_accum/next_sum_im_carry_n_0
                         CARRY4 (Prop_carry4_CI_CO[3])
                                                      0.117     2.933 r  u_top/gen_lane[0].u_lane/u_accum/next_sum_im_carry__0/CO[3]
                         net (fo=1, unplaced)         0.000     2.933    u_top/gen_lane[0].u_lane/u_accum/next_sum_im_carry__0_n_0
                         CARRY4 (Prop_carry4_CI_CO[3])
                                                      0.117     3.050 r  u_top/gen_lane[0].u_lane/u_accum/next_sum_im_carry__1/CO[3]
                         net (fo=1, unplaced)         0.000     3.050    u_top/gen_lane[0].u_lane/u_accum/next_sum_im_carry__1_n_0
                         CARRY4 (Prop_carry4_CI_CO[3])
                                                      0.117     3.167 r  u_top/gen_lane[0].u_lane/u_accum/next_sum_im_carry__2/CO[3]
                         net (fo=1, unplaced)         0.000     3.167    u_top/gen_lane[0].u_lane/u_accum/next_sum_im_carry__2_n_0
                         CARRY4 (Prop_carry4_CI_CO[3])
                                                      0.117     3.284 r  u_top/gen_lane[0].u_lane/u_accum/next_sum_im_carry__3/CO[3]
                         net (fo=1, unplaced)         0.000     3.284    u_top/gen_lane[0].u_lane/u_accum/next_sum_im_carry__3_n_0
                         CARRY4 (Prop_carry4_CI_CO[3])
                                                      0.117     3.401 r  u_top/gen_lane[0].u_lane/u_accum/next_sum_im_carry__4/CO[3]
                         net (fo=1, unplaced)         0.000     3.401    u_top/gen_lane[0].u_lane/u_accum/next_sum_im_carry__4_n_0
                         CARRY4 (Prop_carry4_CI_CO[3])
                                                      0.117     3.518 r  u_top/gen_lane[0].u_lane/u_accum/next_sum_im_carry__5/CO[3]
                         net (fo=1, unplaced)         0.000     3.518    u_top/gen_lane[0].u_lane/u_accum/next_sum_im_carry__5_n_0
                         CARRY4 (Prop_carry4_CI_CO[3])
                                                      0.117     3.635 r  u_top/gen_lane[0].u_lane/u_accum/next_sum_im_carry__6/CO[3]
                         net (fo=1, unplaced)         0.000     3.635    u_top/gen_lane[0].u_lane/u_accum/next_sum_im_carry__6_n_0
                         CARRY4 (Prop_carry4_CI_CO[3])
                                                      0.117     3.752 r  u_top/gen_lane[0].u_lane/u_accum/next_sum_im_carry__7/CO[3]
                         net (fo=1, unplaced)         0.000     3.752    u_top/gen_lane[0].u_lane/u_accum/next_sum_im_carry__7_n_0
                         CARRY4 (Prop_carry4_CI_CO[3])
                                                      0.117     3.869 r  u_top/gen_lane[0].u_lane/u_accum/next_sum_im_carry__8/CO[3]
                         net (fo=1, unplaced)         0.000     3.869    u_top/gen_lane[0].u_lane/u_accum/next_sum_im_carry__8_n_0
                         CARRY4 (Prop_carry4_CI_CO[3])
                                                      0.117     3.986 r  u_top/gen_lane[0].u_lane/u_accum/next_sum_im_carry__9/CO[3]
                         net (fo=1, unplaced)         0.000     3.986    u_top/gen_lane[0].u_lane/u_accum/next_sum_im_carry__9_n_0
                         CARRY4 (Prop_carry4_CI_O[1])
                                                      0.337     4.323 r  u_top/gen_lane[0].u_lane/u_accum/next_sum_im_carry__10/O[1]
                         net (fo=1, unplaced)         0.000     4.323    u_top/gen_lane[0].u_lane/u_accum/next_sum_im[45]
                         FDRE                                         r  u_top/gen_lane[0].u_lane/u_accum/acc_im_reg[45]/D
  -------------------------------------------------------------------    -------------------

                         (clock clk rise edge)        5.000     5.000 r  
                                                      0.000     5.000 r  clk (IN)
                         net (fo=1344, unset)         0.924     5.924    u_top/gen_lane[0].u_lane/u_accum/clk
                         FDRE                                         r  u_top/gen_lane[0].u_lane/u_accum/acc_im_reg[45]/C
                         clock pessimism              0.000     5.924    
                         clock uncertainty           -0.035     5.889    
                         FDRE (Setup_fdre_C_D)        0.109     5.998    u_top/gen_lane[0].u_lane/u_accum/acc_im_reg[45]
  -------------------------------------------------------------------
                         required time                          5.998    
                         arrival time                          -4.323    
  -------------------------------------------------------------------
                         slack                                  1.675    





Min Delay Paths
--------------------------------------------------------------------------------------
Slack (MET) :             0.272ns  (arrival time - required time)
  Source:                 u_top/gen_lane[0].u_lane/u_accum/sum_im_reg[34]/C
                            (rising edge-triggered cell FDRE clocked by clk  {rise@0.000ns fall@2.500ns period=5.000ns})
  Destination:            u_top/gen_lane[0].u_lane/u_accum/sum_im_reg[34]/D
                            (rising edge-triggered cell FDRE clocked by clk  {rise@0.000ns fall@2.500ns period=5.000ns})
  Path Group:             clk
  Path Type:              Hold (Min at Fast Process Corner)
  Requirement:            0.000ns  (clk rise@0.000ns - clk rise@0.000ns)
  Data Path Delay:        0.427ns  (logic 0.274ns (64.104%)  route 0.153ns (35.896%))
  Logic Levels:           2  (CARRY4=1 LUT2=1)
  Clock Path Skew:        0.022ns (DCD - SCD - CPR)
    Destination Clock Delay (DCD):    0.432ns
    Source Clock Delay      (SCD):    0.410ns
    Clock Pessimism Removal (CPR):    -0.000ns

    Location             Delay type                Incr(ns)  Path(ns)    Netlist Resource(s)
  -------------------------------------------------------------------    -------------------
                         (clock clk rise edge)        0.000     0.000 r  
                                                      0.000     0.000 r  clk (IN)
                         net (fo=1344, unset)         0.410     0.410    u_top/gen_lane[0].u_lane/u_accum/clk
                         FDRE                                         r  u_top/gen_lane[0].u_lane/u_accum/sum_im_reg[34]/C
  -------------------------------------------------------------------    -------------------
                         FDRE (Prop_fdre_C_Q)         0.164     0.574 r  u_top/gen_lane[0].u_lane/u_accum/sum_im_reg[34]/Q
                         net (fo=2, unplaced)         0.153     0.728    u_top/gen_lane[0].u_lane/u_accum/u_mac/sum_im_reg[34]
                         LUT2 (Prop_lut2_I1_O)        0.045     0.773 r  u_top/gen_lane[0].u_lane/u_accum/u_mac/sum_im[32]_i_3/O
                         net (fo=1, unplaced)         0.000     0.773    u_top/gen_lane[0].u_lane/u_accum/u_mac/sum_im[32]_i_3_n_0
                         CARRY4 (Prop_carry4_S[2]_O[2])
                                                      0.065     0.838 r  u_top/gen_lane[0].u_lane/u_accum/u_mac/sum_im_reg[32]_i_1/O[2]
                         net (fo=1, unplaced)         0.000     0.838    u_top/gen_lane[0].u_lane/u_accum/u_mac_n_91
                         FDRE                                         r  u_top/gen_lane[0].u_lane/u_accum/sum_im_reg[34]/D
  -------------------------------------------------------------------    -------------------

                         (clock clk rise edge)        0.000     0.000 r  
                                                      0.000     0.000 r  clk (IN)
                         net (fo=1344, unset)         0.432     0.432    u_top/gen_lane[0].u_lane/u_accum/clk
                         FDRE                                         r  u_top/gen_lane[0].u_lane/u_accum/sum_im_reg[34]/C
                         clock pessimism              0.000     0.432    
                         FDRE (Hold_fdre_C_D)         0.134     0.566    u_top/gen_lane[0].u_lane/u_accum/sum_im_reg[34]
  -------------------------------------------------------------------
                         required time                         -0.566    
                         arrival time                           0.838    
  -------------------------------------------------------------------
                         slack                                  0.272    





Pulse Width Checks
--------------------------------------------------------------------------------------
Clock Name:         clk
Waveform(ns):       { 0.000 2.500 }
Period(ns):         5.000
Sources:            { clk }

Check Type        Corner  Lib Pin  Reference Pin  Required(ns)  Actual(ns)  Slack(ns)  Location  Pin
Min Period        n/a     FDRE/C   n/a            1.000         5.000       4.000                u_top/gen_lane[0].u_lane/u_accum/acc_im_reg[0]/C
Low Pulse Width   Slow    FDRE/C   n/a            0.500         2.500       2.000                u_top/gen_lane[0].u_lane/u_accum/acc_im_reg[0]/C
High Pulse Width  Slow    FDRE/C   n/a            0.500         2.500       2.000                u_top/gen_lane[0].u_lane/u_accum/acc_im_reg[0]/C



