Step 08 Route B FFT-guided adaptive window prototype 4d
Prototype scope: shrink the prototype4b FWHM-to-window mapping while keeping FFT coarse center fixed.
Route comparison: baseline_true_centerT vs fft_guided_centerT vs fft_guided_centerT_adaptive_window_shrunk.
Common experiment settings:
snr_list=[14 16 18 20 22 24 26 28], Metkl=200, T_snap=260, tol_deg=0.100
sep_factor_list=[6 7 8 9 10]
Route B internal settings: K_fbss=56, M_full=48, center_beam_count=37, search_scale_B=4.00
FFT settings: Nfft_spatial=4096, shrunk FWHM-driven adaptive window with gamma_search=1.05, gamma_span=1.35.
Adaptive bounds: search in [0.60, 1.40] x fixed, span in [0.80, 1.40] x fixed.

=== sep_factor = 6, theta_sep = 0.4667 deg ===
SNR=14 dB | baseline raw=200 tol=200 raw_rate=1.000 tol_rate=1.000 RMSE=0.0327 mean_num_peaks=2.00
SNR=14 dB | fft-guided raw=126 tol=126 raw_rate=0.630 tol_rate=0.630 RMSE=0.0332 mean_num_peaks=1.51 mean_fft_err=-3.7112 std_fft_err=20.8262
SNR=14 dB | adaptive-window-shrunk raw=134 tol=134 raw_rate=0.670 tol_rate=0.670 RMSE=0.0333 mean_num_peaks=1.57 mean_fwhm=2.2278 mean_search_adapt=2.1908 mean_span_adapt=3.0226
sample metkl=1 | center_true=13.0000 center_fft=-0.5622 err_fft=-13.5622 fwhm=1.9790 search_fixed=1.8667 search_adapt=2.0780 span_fixed=2.8000 span_adapt=2.8053 fallback_fwhm=0 doa_true=[12.81 13.21] doa_fft=[NaN NaN] doa_adapt=[NaN NaN]
SNR=16 dB | baseline raw=200 tol=200 raw_rate=1.000 tol_rate=1.000 RMSE=0.0232 mean_num_peaks=2.00
SNR=16 dB | fft-guided raw=180 tol=180 raw_rate=0.900 tol_rate=0.900 RMSE=0.0234 mean_num_peaks=1.87 mean_fft_err=-0.7584 std_fft_err=9.6908
SNR=16 dB | adaptive-window-shrunk raw=185 tol=185 raw_rate=0.925 tol_rate=0.925 RMSE=0.0229 mean_num_peaks=1.91 mean_fwhm=2.0697 mean_search_adapt=2.1286 mean_span_adapt=2.9010
sample metkl=1 | center_true=13.0000 center_fft=13.0763 err_fft=0.0763 fwhm=1.9400 search_fixed=1.8667 search_adapt=2.0370 span_fixed=2.8000 span_adapt=2.7499 fallback_fwhm=0 doa_true=[12.74 13.18] doa_fft=[12.74 13.17] doa_adapt=[12.74 13.18]
SNR=18 dB | baseline raw=200 tol=200 raw_rate=1.000 tol_rate=1.000 RMSE=0.0199 mean_num_peaks=2.00
SNR=18 dB | fft-guided raw=199 tol=199 raw_rate=0.995 tol_rate=0.995 RMSE=0.0200 mean_num_peaks=2.00 mean_fft_err=-0.0055 std_fft_err=0.2450
SNR=18 dB | adaptive-window-shrunk raw=200 tol=200 raw_rate=1.000 tol_rate=1.000 RMSE=0.0199 mean_num_peaks=2.00 mean_fwhm=2.0004 mean_search_adapt=2.0943 mean_span_adapt=2.8350
sample metkl=1 | center_true=13.0000 center_fft=13.1103 err_fft=0.1103 fwhm=1.9664 search_fixed=1.8667 search_adapt=2.0648 span_fixed=2.8000 span_adapt=2.7874 fallback_fwhm=0 doa_true=[12.77 13.23] doa_fft=[12.77 13.23] doa_adapt=[12.77 13.23]
SNR=20 dB | baseline raw=200 tol=200 raw_rate=1.000 tol_rate=1.000 RMSE=0.0144 mean_num_peaks=2.00
SNR=20 dB | fft-guided raw=200 tol=200 raw_rate=1.000 tol_rate=1.000 RMSE=0.0146 mean_num_peaks=2.00 mean_fft_err=-0.0046 std_fft_err=0.1850
SNR=20 dB | adaptive-window-shrunk raw=200 tol=200 raw_rate=1.000 tol_rate=1.000 RMSE=0.0145 mean_num_peaks=2.00 mean_fwhm=1.9821 mean_search_adapt=2.0812 mean_span_adapt=2.8096
sample metkl=1 | center_true=13.0000 center_fft=13.2461 err_fft=0.2461 fwhm=1.9508 search_fixed=1.8667 search_adapt=2.0483 span_fixed=2.8000 span_adapt=2.7652 fallback_fwhm=0 doa_true=[12.76 13.23] doa_fft=[12.76 13.22] doa_adapt=[12.76 13.22]
SNR=22 dB | baseline raw=200 tol=200 raw_rate=1.000 tol_rate=1.000 RMSE=0.0118 mean_num_peaks=2.00
SNR=22 dB | fft-guided raw=200 tol=200 raw_rate=1.000 tol_rate=1.000 RMSE=0.0119 mean_num_peaks=2.00 mean_fft_err=-0.0143 std_fft_err=0.1410
SNR=22 dB | adaptive-window-shrunk raw=200 tol=200 raw_rate=1.000 tol_rate=1.000 RMSE=0.0118 mean_num_peaks=2.00 mean_fwhm=1.9568 mean_search_adapt=2.0546 mean_span_adapt=2.7738
sample metkl=1 | center_true=13.0000 center_fft=12.8727 err_fft=-0.1273 fwhm=2.0971 search_fixed=1.8667 search_adapt=2.2019 span_fixed=2.8000 span_adapt=2.9726 fallback_fwhm=0 doa_true=[12.76 13.22] doa_fft=[12.75 13.21] doa_adapt=[12.75 13.21]
SNR=24 dB | baseline raw=200 tol=200 raw_rate=1.000 tol_rate=1.000 RMSE=0.0088 mean_num_peaks=2.00
SNR=24 dB | fft-guided raw=200 tol=200 raw_rate=1.000 tol_rate=1.000 RMSE=0.0088 mean_num_peaks=2.00 mean_fft_err=-0.0051 std_fft_err=0.1235
SNR=24 dB | adaptive-window-shrunk raw=200 tol=200 raw_rate=1.000 tol_rate=1.000 RMSE=0.0091 mean_num_peaks=2.00 mean_fwhm=1.9538 mean_search_adapt=2.0515 mean_span_adapt=2.7695
sample metkl=1 | center_true=13.0000 center_fft=13.1103 err_fft=0.1103 fwhm=2.0420 search_fixed=1.8667 search_adapt=2.1441 span_fixed=2.8000 span_adapt=2.8945 fallback_fwhm=0 doa_true=[12.77 13.23] doa_fft=[12.77 13.22] doa_adapt=[12.76 13.22]
SNR=26 dB | baseline raw=200 tol=200 raw_rate=1.000 tol_rate=1.000 RMSE=0.0073 mean_num_peaks=2.00
SNR=26 dB | fft-guided raw=200 tol=200 raw_rate=1.000 tol_rate=1.000 RMSE=0.0073 mean_num_peaks=2.00 mean_fft_err=-0.0004 std_fft_err=0.0925
SNR=26 dB | adaptive-window-shrunk raw=200 tol=200 raw_rate=1.000 tol_rate=1.000 RMSE=0.0073 mean_num_peaks=2.00 mean_fwhm=1.9617 mean_search_adapt=2.0598 mean_span_adapt=2.7808
sample metkl=1 | center_true=13.0000 center_fft=12.9405 err_fft=-0.0595 fwhm=1.9830 search_fixed=1.8667 search_adapt=2.0822 span_fixed=2.8000 span_adapt=2.8110 fallback_fwhm=0 doa_true=[12.76 13.23] doa_fft=[12.76 13.23] doa_adapt=[12.76 13.22]
SNR=28 dB | baseline raw=200 tol=200 raw_rate=1.000 tol_rate=1.000 RMSE=0.0062 mean_num_peaks=2.00
SNR=28 dB | fft-guided raw=200 tol=200 raw_rate=1.000 tol_rate=1.000 RMSE=0.0064 mean_num_peaks=2.00 mean_fft_err=0.0010 std_fft_err=0.0707
SNR=28 dB | adaptive-window-shrunk raw=200 tol=200 raw_rate=1.000 tol_rate=1.000 RMSE=0.0064 mean_num_peaks=2.00 mean_fwhm=1.9475 mean_search_adapt=2.0449 mean_span_adapt=2.7606
sample metkl=1 | center_true=13.0000 center_fft=13.1103 err_fft=0.1103 fwhm=1.9640 search_fixed=1.8667 search_adapt=2.0622 span_fixed=2.8000 span_adapt=2.7839 fallback_fwhm=0 doa_true=[12.78 13.24] doa_fft=[12.78 13.24] doa_adapt=[12.77 13.24]

=== sep_factor = 7, theta_sep = 0.4000 deg ===
SNR=14 dB | baseline raw=162 tol=159 raw_rate=0.810 tol_rate=0.795 RMSE=0.0543 mean_num_peaks=1.81
SNR=14 dB | fft-guided raw=104 tol=99 raw_rate=0.520 tol_rate=0.495 RMSE=0.0560 mean_num_peaks=1.37 mean_fft_err=-3.9593 std_fft_err=24.3801
SNR=14 dB | adaptive-window-shrunk raw=111 tol=102 raw_rate=0.555 tol_rate=0.510 RMSE=0.0558 mean_num_peaks=1.43 mean_fwhm=2.3004 mean_search_adapt=2.0659 mean_span_adapt=2.8705
sample metkl=1 | center_true=13.0000 center_fft=13.1442 err_fft=0.1442 fwhm=1.6639 search_fixed=1.6000 search_adapt=1.7471 span_fixed=2.4000 span_adapt=2.3586 fallback_fwhm=0 doa_true=[NaN NaN] doa_fft=[NaN NaN] doa_adapt=[NaN NaN]
SNR=16 dB | baseline raw=199 tol=199 raw_rate=0.995 tol_rate=0.995 RMSE=0.0374 mean_num_peaks=2.00
SNR=16 dB | fft-guided raw=176 tol=176 raw_rate=0.880 tol_rate=0.880 RMSE=0.0376 mean_num_peaks=1.83 mean_fft_err=-2.5331 std_fft_err=13.6300
SNR=16 dB | adaptive-window-shrunk raw=179 tol=179 raw_rate=0.895 tol_rate=0.895 RMSE=0.0374 mean_num_peaks=1.86 mean_fwhm=2.1212 mean_search_adapt=2.0765 mean_span_adapt=2.8729
sample metkl=1 | center_true=13.0000 center_fft=13.1103 err_fft=0.1103 fwhm=1.8511 search_fixed=1.6000 search_adapt=1.9437 span_fixed=2.4000 span_adapt=2.6239 fallback_fwhm=0 doa_true=[12.86 13.18] doa_fft=[12.86 13.18] doa_adapt=[12.86 13.18]
SNR=18 dB | baseline raw=200 tol=200 raw_rate=1.000 tol_rate=1.000 RMSE=0.0267 mean_num_peaks=2.00
SNR=18 dB | fft-guided raw=195 tol=195 raw_rate=0.975 tol_rate=0.975 RMSE=0.0263 mean_num_peaks=1.97 mean_fft_err=-0.5878 std_fft_err=6.3130
SNR=18 dB | adaptive-window-shrunk raw=198 tol=198 raw_rate=0.990 tol_rate=0.990 RMSE=0.0264 mean_num_peaks=1.99 mean_fwhm=2.0098 mean_search_adapt=2.0614 mean_span_adapt=2.8197
sample metkl=1 | center_true=13.0000 center_fft=13.5180 err_fft=0.5180 fwhm=1.7834 search_fixed=1.6000 search_adapt=1.8725 span_fixed=2.4000 span_adapt=2.5279 fallback_fwhm=0 doa_true=[12.79 13.16] doa_fft=[12.8 13.17] doa_adapt=[12.79 13.16]
SNR=20 dB | baseline raw=200 tol=200 raw_rate=1.000 tol_rate=1.000 RMSE=0.0208 mean_num_peaks=2.00
SNR=20 dB | fft-guided raw=200 tol=200 raw_rate=1.000 tol_rate=1.000 RMSE=0.0209 mean_num_peaks=2.00 mean_fft_err=-0.0160 std_fft_err=0.1763
SNR=20 dB | adaptive-window-shrunk raw=200 tol=200 raw_rate=1.000 tol_rate=1.000 RMSE=0.0208 mean_num_peaks=2.00 mean_fwhm=2.0041 mean_search_adapt=2.0780 mean_span_adapt=2.8344
sample metkl=1 | center_true=13.0000 center_fft=12.7031 err_fft=-0.2969 fwhm=2.0696 search_fixed=1.6000 search_adapt=2.1731 span_fixed=2.4000 span_adapt=2.9337 fallback_fwhm=0 doa_true=[12.81 13.17] doa_fft=[12.81 13.17] doa_adapt=[12.81 13.17]
SNR=22 dB | baseline raw=200 tol=200 raw_rate=1.000 tol_rate=1.000 RMSE=0.0177 mean_num_peaks=2.00
SNR=22 dB | fft-guided raw=200 tol=200 raw_rate=1.000 tol_rate=1.000 RMSE=0.0171 mean_num_peaks=2.00 mean_fft_err=0.0040 std_fft_err=0.1466
SNR=22 dB | adaptive-window-shrunk raw=200 tol=200 raw_rate=1.000 tol_rate=1.000 RMSE=0.0171 mean_num_peaks=2.00 mean_fwhm=1.9676 mean_search_adapt=2.0601 mean_span_adapt=2.7889
sample metkl=1 | center_true=13.0000 center_fft=13.1442 err_fft=0.1442 fwhm=1.9902 search_fixed=1.6000 search_adapt=2.0897 span_fixed=2.4000 span_adapt=2.8211 fallback_fwhm=0 doa_true=[12.78 13.2] doa_fft=[12.78 13.19] doa_adapt=[12.79 13.2]
SNR=24 dB | baseline raw=200 tol=200 raw_rate=1.000 tol_rate=1.000 RMSE=0.0121 mean_num_peaks=2.00
SNR=24 dB | fft-guided raw=200 tol=200 raw_rate=1.000 tol_rate=1.000 RMSE=0.0125 mean_num_peaks=2.00 mean_fft_err=0.0054 std_fft_err=0.1163
SNR=24 dB | adaptive-window-shrunk raw=200 tol=200 raw_rate=1.000 tol_rate=1.000 RMSE=0.0127 mean_num_peaks=2.00 mean_fwhm=1.9615 mean_search_adapt=2.0562 mean_span_adapt=2.7805
sample metkl=1 | center_true=13.0000 center_fft=12.6692 err_fft=-0.3308 fwhm=2.0538 search_fixed=1.6000 search_adapt=2.1564 span_fixed=2.4000 span_adapt=2.9112 fallback_fwhm=0 doa_true=[12.77 13.18] doa_fft=[12.77 13.18] doa_adapt=[12.77 13.18]
SNR=26 dB | baseline raw=200 tol=200 raw_rate=1.000 tol_rate=1.000 RMSE=0.0100 mean_num_peaks=2.00
SNR=26 dB | fft-guided raw=200 tol=200 raw_rate=1.000 tol_rate=1.000 RMSE=0.0099 mean_num_peaks=2.00 mean_fft_err=-0.0004 std_fft_err=0.0873
SNR=26 dB | adaptive-window-shrunk raw=200 tol=200 raw_rate=1.000 tol_rate=1.000 RMSE=0.0101 mean_num_peaks=2.00 mean_fwhm=1.9505 mean_search_adapt=2.0478 mean_span_adapt=2.7649
sample metkl=1 | center_true=13.0000 center_fft=13.0084 err_fft=0.0084 fwhm=1.8771 search_fixed=1.6000 search_adapt=1.9710 span_fixed=2.4000 span_adapt=2.6608 fallback_fwhm=0 doa_true=[12.79 13.18] doa_fft=[12.79 13.19] doa_adapt=[12.79 13.18]
SNR=28 dB | baseline raw=200 tol=200 raw_rate=1.000 tol_rate=1.000 RMSE=0.0082 mean_num_peaks=2.00
SNR=28 dB | fft-guided raw=200 tol=200 raw_rate=1.000 tol_rate=1.000 RMSE=0.0080 mean_num_peaks=2.00 mean_fft_err=0.0038 std_fft_err=0.0645
SNR=28 dB | adaptive-window-shrunk raw=200 tol=200 raw_rate=1.000 tol_rate=1.000 RMSE=0.0080 mean_num_peaks=2.00 mean_fwhm=1.9415 mean_search_adapt=2.0385 mean_span_adapt=2.7520
sample metkl=1 | center_true=13.0000 center_fft=13.1442 err_fft=0.1442 fwhm=2.0003 search_fixed=1.6000 search_adapt=2.1003 span_fixed=2.4000 span_adapt=2.8354 fallback_fwhm=0 doa_true=[12.8 13.19] doa_fft=[12.8 13.19] doa_adapt=[12.8 13.19]

=== sep_factor = 8, theta_sep = 0.3500 deg ===
SNR=14 dB | baseline raw=31 tol=31 raw_rate=0.155 tol_rate=0.155 RMSE=0.0610 mean_num_peaks=1.16
SNR=14 dB | fft-guided raw=16 tol=16 raw_rate=0.080 tol_rate=0.080 RMSE=0.0631 mean_num_peaks=0.82 mean_fft_err=-5.3313 std_fft_err=23.0698
SNR=14 dB | adaptive-window-shrunk raw=19 tol=19 raw_rate=0.095 tol_rate=0.095 RMSE=0.0626 mean_num_peaks=0.90 mean_fwhm=2.3696 mean_search_adapt=1.9243 mean_span_adapt=2.7738
sample metkl=1 | center_true=13.0000 center_fft=13.4160 err_fft=0.4160 fwhm=2.1442 search_fixed=1.4000 search_adapt=1.9600 span_fixed=2.1000 span_adapt=2.9400 fallback_fwhm=0 doa_true=[NaN NaN] doa_fft=[NaN NaN] doa_adapt=[NaN NaN]
SNR=16 dB | baseline raw=125 tol=121 raw_rate=0.625 tol_rate=0.605 RMSE=0.0521 mean_num_peaks=1.62
SNR=16 dB | fft-guided raw=116 tol=111 raw_rate=0.580 tol_rate=0.555 RMSE=0.0518 mean_num_peaks=1.53 mean_fft_err=-0.2167 std_fft_err=8.7719
SNR=16 dB | adaptive-window-shrunk raw=119 tol=114 raw_rate=0.595 tol_rate=0.570 RMSE=0.0521 mean_num_peaks=1.56 mean_fwhm=2.0226 mean_search_adapt=1.9221 mean_span_adapt=2.7294
sample metkl=1 | center_true=13.0000 center_fft=12.9745 err_fft=-0.0255 fwhm=1.7715 search_fixed=1.4000 search_adapt=1.8601 span_fixed=2.1000 span_adapt=2.5111 fallback_fwhm=0 doa_true=[12.93 13.15] doa_fft=[12.93 13.15] doa_adapt=[12.93 13.15]
SNR=18 dB | baseline raw=177 tol=174 raw_rate=0.885 tol_rate=0.870 RMSE=0.0421 mean_num_peaks=1.89
SNR=18 dB | fft-guided raw=174 tol=171 raw_rate=0.870 tol_rate=0.855 RMSE=0.0424 mean_num_peaks=1.86 mean_fft_err=-0.3837 std_fft_err=5.3453
SNR=18 dB | adaptive-window-shrunk raw=174 tol=171 raw_rate=0.870 tol_rate=0.855 RMSE=0.0422 mean_num_peaks=1.86 mean_fwhm=1.9824 mean_search_adapt=1.9369 mean_span_adapt=2.7421
sample metkl=1 | center_true=13.0000 center_fft=13.2121 err_fft=0.2121 fwhm=1.9815 search_fixed=1.4000 search_adapt=1.9600 span_fixed=2.1000 span_adapt=2.8088 fallback_fwhm=0 doa_true=[NaN NaN] doa_fft=[NaN NaN] doa_adapt=[NaN NaN]
SNR=20 dB | baseline raw=199 tol=198 raw_rate=0.995 tol_rate=0.990 RMSE=0.0305 mean_num_peaks=2.00
SNR=20 dB | fft-guided raw=199 tol=198 raw_rate=0.995 tol_rate=0.990 RMSE=0.0304 mean_num_peaks=2.00 mean_fft_err=-0.0036 std_fft_err=0.1784
SNR=20 dB | adaptive-window-shrunk raw=199 tol=198 raw_rate=0.995 tol_rate=0.990 RMSE=0.0305 mean_num_peaks=2.00 mean_fwhm=1.9734 mean_search_adapt=1.9475 mean_span_adapt=2.7659
sample metkl=1 | center_true=13.0000 center_fft=13.2121 err_fft=0.2121 fwhm=1.9318 search_fixed=1.4000 search_adapt=1.9600 span_fixed=2.1000 span_adapt=2.7383 fallback_fwhm=0 doa_true=[12.85 13.18] doa_fft=[12.85 13.18] doa_adapt=[12.85 13.18]
SNR=22 dB | baseline raw=200 tol=200 raw_rate=1.000 tol_rate=1.000 RMSE=0.0231 mean_num_peaks=2.00
SNR=22 dB | fft-guided raw=200 tol=200 raw_rate=1.000 tol_rate=1.000 RMSE=0.0230 mean_num_peaks=2.00 mean_fft_err=0.0013 std_fft_err=0.1346
SNR=22 dB | adaptive-window-shrunk raw=200 tol=200 raw_rate=1.000 tol_rate=1.000 RMSE=0.0229 mean_num_peaks=2.00 mean_fwhm=1.9591 mean_search_adapt=1.9483 mean_span_adapt=2.7534
sample metkl=1 | center_true=13.0000 center_fft=13.1103 err_fft=0.1103 fwhm=2.1565 search_fixed=1.4000 search_adapt=1.9600 span_fixed=2.1000 span_adapt=2.9400 fallback_fwhm=0 doa_true=[12.86 13.19] doa_fft=[12.86 13.19] doa_adapt=[12.86 13.19]
SNR=24 dB | baseline raw=200 tol=200 raw_rate=1.000 tol_rate=1.000 RMSE=0.0160 mean_num_peaks=2.00
SNR=24 dB | fft-guided raw=200 tol=200 raw_rate=1.000 tol_rate=1.000 RMSE=0.0164 mean_num_peaks=2.00 mean_fft_err=0.0025 std_fft_err=0.1089
SNR=24 dB | adaptive-window-shrunk raw=200 tol=200 raw_rate=1.000 tol_rate=1.000 RMSE=0.0164 mean_num_peaks=2.00 mean_fwhm=1.9499 mean_search_adapt=1.9527 mean_span_adapt=2.7591
sample metkl=1 | center_true=13.0000 center_fft=12.9066 err_fft=-0.0934 fwhm=2.0675 search_fixed=1.4000 search_adapt=1.9600 span_fixed=2.1000 span_adapt=2.9307 fallback_fwhm=0 doa_true=[12.84 13.19] doa_fft=[12.85 13.19] doa_adapt=[12.85 13.19]
SNR=26 dB | baseline raw=200 tol=200 raw_rate=1.000 tol_rate=1.000 RMSE=0.0134 mean_num_peaks=2.00
SNR=26 dB | fft-guided raw=200 tol=200 raw_rate=1.000 tol_rate=1.000 RMSE=0.0132 mean_num_peaks=2.00 mean_fft_err=0.0025 std_fft_err=0.0862
SNR=26 dB | adaptive-window-shrunk raw=200 tol=200 raw_rate=1.000 tol_rate=1.000 RMSE=0.0131 mean_num_peaks=2.00 mean_fwhm=1.9414 mean_search_adapt=1.9567 mean_span_adapt=2.7512
sample metkl=1 | center_true=13.0000 center_fft=12.9405 err_fft=-0.0595 fwhm=1.9157 search_fixed=1.4000 search_adapt=1.9600 span_fixed=2.1000 span_adapt=2.7156 fallback_fwhm=0 doa_true=[12.82 13.16] doa_fft=[12.82 13.16] doa_adapt=[12.82 13.16]
SNR=28 dB | baseline raw=200 tol=200 raw_rate=1.000 tol_rate=1.000 RMSE=0.0112 mean_num_peaks=2.00
SNR=28 dB | fft-guided raw=200 tol=200 raw_rate=1.000 tol_rate=1.000 RMSE=0.0110 mean_num_peaks=2.00 mean_fft_err=0.0055 std_fft_err=0.0682
SNR=28 dB | adaptive-window-shrunk raw=200 tol=200 raw_rate=1.000 tol_rate=1.000 RMSE=0.0110 mean_num_peaks=2.00 mean_fwhm=1.9417 mean_search_adapt=1.9584 mean_span_adapt=2.7514
sample metkl=1 | center_true=13.0000 center_fft=13.0424 err_fft=0.0424 fwhm=1.9259 search_fixed=1.4000 search_adapt=1.9600 span_fixed=2.1000 span_adapt=2.7299 fallback_fwhm=0 doa_true=[12.81 13.16] doa_fft=[12.81 13.16] doa_adapt=[12.81 13.16]

=== sep_factor = 9, theta_sep = 0.3111 deg ===
SNR=14 dB | baseline raw=1 tol=1 raw_rate=0.005 tol_rate=0.005 RMSE=0.0660 mean_num_peaks=1.00
SNR=14 dB | fft-guided raw=2 tol=2 raw_rate=0.010 tol_rate=0.010 RMSE=0.0662 mean_num_peaks=0.74 mean_fft_err=-2.4809 std_fft_err=19.4208
SNR=14 dB | adaptive-window-shrunk raw=2 tol=2 raw_rate=0.010 tol_rate=0.010 RMSE=0.0616 mean_num_peaks=0.84 mean_fwhm=2.2553 mean_search_adapt=1.7395 mean_span_adapt=2.5713
sample metkl=1 | center_true=13.0000 center_fft=12.7031 err_fft=-0.2969 fwhm=2.0405 search_fixed=1.2444 search_adapt=1.7422 span_fixed=1.8667 span_adapt=2.6133 fallback_fwhm=0 doa_true=[NaN NaN] doa_fft=[NaN NaN] doa_adapt=[NaN NaN]
SNR=16 dB | baseline raw=13 tol=12 raw_rate=0.065 tol_rate=0.060 RMSE=0.0572 mean_num_peaks=1.06
SNR=16 dB | fft-guided raw=11 tol=10 raw_rate=0.055 tol_rate=0.050 RMSE=0.0536 mean_num_peaks=0.94 mean_fft_err=-0.3574 std_fft_err=13.2250
SNR=16 dB | adaptive-window-shrunk raw=12 tol=10 raw_rate=0.060 tol_rate=0.050 RMSE=0.0598 mean_num_peaks=0.98 mean_fwhm=2.1349 mean_search_adapt=1.7380 mean_span_adapt=2.5745
sample metkl=1 | center_true=13.0000 center_fft=-69.3227 err_fft=-82.3227 fwhm=5.8167 search_fixed=1.2444 search_adapt=1.7422 span_fixed=1.8667 span_adapt=2.6133 fallback_fwhm=0 doa_true=[NaN NaN] doa_fft=[NaN NaN] doa_adapt=[NaN NaN]
SNR=18 dB | baseline raw=78 tol=76 raw_rate=0.390 tol_rate=0.380 RMSE=0.0552 mean_num_peaks=1.39
SNR=18 dB | fft-guided raw=80 tol=78 raw_rate=0.400 tol_rate=0.390 RMSE=0.0546 mean_num_peaks=1.38 mean_fft_err=-0.2298 std_fft_err=4.1685
SNR=18 dB | adaptive-window-shrunk raw=77 tol=74 raw_rate=0.385 tol_rate=0.370 RMSE=0.0555 mean_num_peaks=1.38 mean_fwhm=1.9778 mean_search_adapt=1.7415 mean_span_adapt=2.5850
sample metkl=1 | center_true=13.0000 center_fft=13.0424 err_fft=0.0424 fwhm=1.8150 search_fixed=1.2444 search_adapt=1.7422 span_fixed=1.8667 span_adapt=2.5728 fallback_fwhm=0 doa_true=[12.83 13.1] doa_fft=[12.83 13.1] doa_adapt=[12.83 13.1]
SNR=20 dB | baseline raw=165 tol=164 raw_rate=0.825 tol_rate=0.820 RMSE=0.0430 mean_num_peaks=1.82
SNR=20 dB | fft-guided raw=164 tol=164 raw_rate=0.820 tol_rate=0.820 RMSE=0.0431 mean_num_peaks=1.82 mean_fft_err=0.0034 std_fft_err=0.1845
SNR=20 dB | adaptive-window-shrunk raw=164 tol=163 raw_rate=0.820 tol_rate=0.815 RMSE=0.0430 mean_num_peaks=1.82 mean_fwhm=1.9657 mean_search_adapt=1.7420 mean_span_adapt=2.5955
sample metkl=1 | center_true=13.0000 center_fft=13.0763 err_fft=0.0763 fwhm=1.8280 search_fixed=1.2444 search_adapt=1.7422 span_fixed=1.8667 span_adapt=2.5912 fallback_fwhm=0 doa_true=[12.87 13.12] doa_fft=[12.86 13.11] doa_adapt=[12.87 13.12]
SNR=22 dB | baseline raw=198 tol=198 raw_rate=0.990 tol_rate=0.990 RMSE=0.0306 mean_num_peaks=1.99
SNR=22 dB | fft-guided raw=197 tol=197 raw_rate=0.985 tol_rate=0.985 RMSE=0.0304 mean_num_peaks=1.99 mean_fft_err=-0.0107 std_fft_err=0.1499
SNR=22 dB | adaptive-window-shrunk raw=197 tol=197 raw_rate=0.985 tol_rate=0.985 RMSE=0.0300 mean_num_peaks=1.99 mean_fwhm=1.9449 mean_search_adapt=1.7422 mean_span_adapt=2.5999
sample metkl=1 | center_true=13.0000 center_fft=13.0424 err_fft=0.0424 fwhm=1.8970 search_fixed=1.2444 search_adapt=1.7422 span_fixed=1.8667 span_adapt=2.6133 fallback_fwhm=0 doa_true=[12.86 13.11] doa_fft=[12.86 13.11] doa_adapt=[12.86 13.11]
SNR=24 dB | baseline raw=200 tol=200 raw_rate=1.000 tol_rate=1.000 RMSE=0.0238 mean_num_peaks=2.00
SNR=24 dB | fft-guided raw=200 tol=200 raw_rate=1.000 tol_rate=1.000 RMSE=0.0238 mean_num_peaks=2.00 mean_fft_err=-0.0004 std_fft_err=0.1096
SNR=24 dB | adaptive-window-shrunk raw=200 tol=200 raw_rate=1.000 tol_rate=1.000 RMSE=0.0237 mean_num_peaks=2.00 mean_fwhm=1.9502 mean_search_adapt=1.7422 mean_span_adapt=2.6077
sample metkl=1 | center_true=13.0000 center_fft=13.1442 err_fft=0.1442 fwhm=1.9317 search_fixed=1.2444 search_adapt=1.7422 span_fixed=1.8667 span_adapt=2.6133 fallback_fwhm=0 doa_true=[12.86 13.15] doa_fft=[12.86 13.14] doa_adapt=[12.86 13.14]
SNR=26 dB | baseline raw=200 tol=200 raw_rate=1.000 tol_rate=1.000 RMSE=0.0181 mean_num_peaks=2.00
SNR=26 dB | fft-guided raw=200 tol=200 raw_rate=1.000 tol_rate=1.000 RMSE=0.0182 mean_num_peaks=2.00 mean_fft_err=0.0016 std_fft_err=0.0864
SNR=26 dB | adaptive-window-shrunk raw=200 tol=200 raw_rate=1.000 tol_rate=1.000 RMSE=0.0183 mean_num_peaks=2.00 mean_fwhm=1.9370 mean_search_adapt=1.7422 mean_span_adapt=2.6108
sample metkl=1 | center_true=13.0000 center_fft=12.9745 err_fft=-0.0255 fwhm=1.9079 search_fixed=1.2444 search_adapt=1.7422 span_fixed=1.8667 span_adapt=2.6133 fallback_fwhm=0 doa_true=[12.86 13.16] doa_fft=[12.86 13.16] doa_adapt=[12.86 13.16]
SNR=28 dB | baseline raw=200 tol=200 raw_rate=1.000 tol_rate=1.000 RMSE=0.0137 mean_num_peaks=2.00
SNR=28 dB | fft-guided raw=200 tol=200 raw_rate=1.000 tol_rate=1.000 RMSE=0.0138 mean_num_peaks=2.00 mean_fft_err=-0.0023 std_fft_err=0.0683
SNR=28 dB | adaptive-window-shrunk raw=200 tol=200 raw_rate=1.000 tol_rate=1.000 RMSE=0.0138 mean_num_peaks=2.00 mean_fwhm=1.9364 mean_search_adapt=1.7422 mean_span_adapt=2.6130
sample metkl=1 | center_true=13.0000 center_fft=12.9745 err_fft=-0.0255 fwhm=1.9242 search_fixed=1.2444 search_adapt=1.7422 span_fixed=1.8667 span_adapt=2.6133 fallback_fwhm=0 doa_true=[12.86 13.17] doa_fft=[12.86 13.16] doa_adapt=[12.86 13.16]

=== sep_factor = 10, theta_sep = 0.2800 deg ===
SNR=14 dB | baseline raw=0 tol=0 raw_rate=0.000 tol_rate=0.000 RMSE=NaN mean_num_peaks=1.00
SNR=14 dB | fft-guided raw=0 tol=0 raw_rate=0.000 tol_rate=0.000 RMSE=NaN mean_num_peaks=0.76 mean_fft_err=-5.5067 std_fft_err=21.2736
SNR=14 dB | adaptive-window-shrunk raw=0 tol=0 raw_rate=0.000 tol_rate=0.000 RMSE=NaN mean_num_peaks=0.83 mean_fwhm=2.1942 mean_search_adapt=1.5655 mean_span_adapt=2.3385
sample metkl=1 | center_true=13.0000 center_fft=13.3820 err_fft=0.3820 fwhm=2.3604 search_fixed=1.1200 search_adapt=1.5680 span_fixed=1.6800 span_adapt=2.3520 fallback_fwhm=0 doa_true=[NaN NaN] doa_fft=[NaN NaN] doa_adapt=[NaN NaN]
SNR=16 dB | baseline raw=1 tol=1 raw_rate=0.005 tol_rate=0.005 RMSE=0.0430 mean_num_peaks=1.00
SNR=16 dB | fft-guided raw=1 tol=1 raw_rate=0.005 tol_rate=0.005 RMSE=0.0443 mean_num_peaks=0.91 mean_fft_err=-1.2925 std_fft_err=10.6458
SNR=16 dB | adaptive-window-shrunk raw=1 tol=1 raw_rate=0.005 tol_rate=0.005 RMSE=0.0415 mean_num_peaks=0.95 mean_fwhm=2.0598 mean_search_adapt=1.5680 mean_span_adapt=2.3504
sample metkl=1 | center_true=13.0000 center_fft=13.3141 err_fft=0.3141 fwhm=1.7788 search_fixed=1.1200 search_adapt=1.5680 span_fixed=1.6800 span_adapt=2.3520 fallback_fwhm=0 doa_true=[NaN NaN] doa_fft=[NaN NaN] doa_adapt=[NaN NaN]
SNR=18 dB | baseline raw=15 tol=14 raw_rate=0.075 tol_rate=0.070 RMSE=0.0730 mean_num_peaks=1.07
SNR=18 dB | fft-guided raw=13 tol=11 raw_rate=0.065 tol_rate=0.055 RMSE=0.0744 mean_num_peaks=1.04 mean_fft_err=0.3077 std_fft_err=4.6803
SNR=18 dB | adaptive-window-shrunk raw=15 tol=13 raw_rate=0.075 tol_rate=0.065 RMSE=0.0736 mean_num_peaks=1.06 mean_fwhm=2.0259 mean_search_adapt=1.5680 mean_span_adapt=2.3518
sample metkl=1 | center_true=13.0000 center_fft=13.0084 err_fft=0.0084 fwhm=1.8848 search_fixed=1.1200 search_adapt=1.5680 span_fixed=1.6800 span_adapt=2.3520 fallback_fwhm=0 doa_true=[NaN NaN] doa_fft=[NaN NaN] doa_adapt=[NaN NaN]
SNR=20 dB | baseline raw=62 tol=61 raw_rate=0.310 tol_rate=0.305 RMSE=0.0473 mean_num_peaks=1.31
SNR=20 dB | fft-guided raw=59 tol=57 raw_rate=0.295 tol_rate=0.285 RMSE=0.0471 mean_num_peaks=1.29 mean_fft_err=-0.0036 std_fft_err=0.1794
SNR=20 dB | adaptive-window-shrunk raw=61 tol=59 raw_rate=0.305 tol_rate=0.295 RMSE=0.0477 mean_num_peaks=1.30 mean_fwhm=1.9605 mean_search_adapt=1.5680 mean_span_adapt=2.3520
sample metkl=1 | center_true=13.0000 center_fft=13.0084 err_fft=0.0084 fwhm=2.5604 search_fixed=1.1200 search_adapt=1.5680 span_fixed=1.6800 span_adapt=2.3520 fallback_fwhm=0 doa_true=[12.98 13.07] doa_fft=[12.98 13.07] doa_adapt=[12.98 13.06]
SNR=22 dB | baseline raw=144 tol=144 raw_rate=0.720 tol_rate=0.720 RMSE=0.0410 mean_num_peaks=1.72
SNR=22 dB | fft-guided raw=144 tol=144 raw_rate=0.720 tol_rate=0.720 RMSE=0.0409 mean_num_peaks=1.72 mean_fft_err=-0.0063 std_fft_err=0.1309
SNR=22 dB | adaptive-window-shrunk raw=145 tol=145 raw_rate=0.725 tol_rate=0.725 RMSE=0.0411 mean_num_peaks=1.73 mean_fwhm=1.9513 mean_search_adapt=1.5680 mean_span_adapt=2.3520
sample metkl=1 | center_true=13.0000 center_fft=13.1782 err_fft=0.1782 fwhm=1.9454 search_fixed=1.1200 search_adapt=1.5680 span_fixed=1.6800 span_adapt=2.3520 fallback_fwhm=0 doa_true=[12.9 13.11] doa_fft=[12.9 13.11] doa_adapt=[12.9 13.1]
SNR=24 dB | baseline raw=190 tol=190 raw_rate=0.950 tol_rate=0.950 RMSE=0.0300 mean_num_peaks=1.95
SNR=24 dB | fft-guided raw=191 tol=191 raw_rate=0.955 tol_rate=0.955 RMSE=0.0305 mean_num_peaks=1.96 mean_fft_err=-0.0073 std_fft_err=0.1089
SNR=24 dB | adaptive-window-shrunk raw=190 tol=189 raw_rate=0.950 tol_rate=0.945 RMSE=0.0301 mean_num_peaks=1.95 mean_fwhm=1.9472 mean_search_adapt=1.5680 mean_span_adapt=2.3520
sample metkl=1 | center_true=13.0000 center_fft=13.0763 err_fft=0.0763 fwhm=1.9116 search_fixed=1.1200 search_adapt=1.5680 span_fixed=1.6800 span_adapt=2.3520 fallback_fwhm=0 doa_true=[12.86 13.11] doa_fft=[12.86 13.12] doa_adapt=[12.86 13.11]
SNR=26 dB | baseline raw=199 tol=199 raw_rate=0.995 tol_rate=0.995 RMSE=0.0226 mean_num_peaks=2.00
SNR=26 dB | fft-guided raw=199 tol=199 raw_rate=0.995 tol_rate=0.995 RMSE=0.0227 mean_num_peaks=2.00 mean_fft_err=0.0055 std_fft_err=0.0849
SNR=26 dB | adaptive-window-shrunk raw=199 tol=199 raw_rate=0.995 tol_rate=0.995 RMSE=0.0225 mean_num_peaks=2.00 mean_fwhm=1.9348 mean_search_adapt=1.5680 mean_span_adapt=2.3520
sample metkl=1 | center_true=13.0000 center_fft=13.0424 err_fft=0.0424 fwhm=2.0519 search_fixed=1.1200 search_adapt=1.5680 span_fixed=1.6800 span_adapt=2.3520 fallback_fwhm=0 doa_true=[12.9 13.18] doa_fft=[12.9 13.18] doa_adapt=[12.91 13.18]
SNR=28 dB | baseline raw=200 tol=200 raw_rate=1.000 tol_rate=1.000 RMSE=0.0181 mean_num_peaks=2.00
SNR=28 dB | fft-guided raw=200 tol=200 raw_rate=1.000 tol_rate=1.000 RMSE=0.0180 mean_num_peaks=2.00 mean_fft_err=0.0027 std_fft_err=0.0718
SNR=28 dB | adaptive-window-shrunk raw=200 tol=200 raw_rate=1.000 tol_rate=1.000 RMSE=0.0179 mean_num_peaks=2.00 mean_fwhm=1.9318 mean_search_adapt=1.5680 mean_span_adapt=2.3520
sample metkl=1 | center_true=13.0000 center_fft=12.9066 err_fft=-0.0934 fwhm=1.9729 search_fixed=1.1200 search_adapt=1.5680 span_fixed=1.6800 span_adapt=2.3520 fallback_fwhm=0 doa_true=[12.88 13.14] doa_fft=[12.88 13.14] doa_adapt=[12.88 13.14]

SNR90 summary | bw/6 baseline=14 dB fft-guided=16 dB adaptive-window-shrunk=16 dB
SNR90 summary | bw/7 baseline=16 dB fft-guided=18 dB adaptive-window-shrunk=18 dB
SNR90 summary | bw/8 baseline=20 dB fft-guided=20 dB adaptive-window-shrunk=20 dB
SNR90 summary | bw/9 baseline=22 dB fft-guided=22 dB adaptive-window-shrunk=22 dB
SNR90 summary | bw/10 baseline=24 dB fft-guided=24 dB adaptive-window-shrunk=24 dB
