Step11.2 Stage4 recommended W robustness confirmation starts
Script: E:\matlab_code\bishe_quanxi\stepwise_signal_model\steps\step_11_2_beamspace_w_design\stage4_recommended_w_robustness_confirmation\run_stage4_recommended_w_robustness_confirmation
Result directory: E:\matlab_code\bishe_quanxi\stepwise_signal_model\steps\step_11_2_beamspace_w_design\results_step11_2_recommended_w_robustness_confirmation
W_pool M=117, mode=legacy_build_cyl_azel_beam_transform_with_fallback_centers
A_patch columns=294, pair_set rows=10
Built W cases=6, elapsed 2.16 s
Scenarios=5, Metkl=30, total trials=900
Backend validation finished: rows=900, elapsed 26.77 s
Wrote trial CSV: E:\matlab_code\bishe_quanxi\stepwise_signal_model\steps\step_11_2_beamspace_w_design\results_step11_2_recommended_w_robustness_confirmation\step11_2_w_robustness_trial.csv
Wrote summary CSV: E:\matlab_code\bishe_quanxi\stepwise_signal_model\steps\step_11_2_beamspace_w_design\results_step11_2_recommended_w_robustness_confirmation\step11_2_w_robustness_summary.csv
Wrote keypoints CSV: E:\matlab_code\bishe_quanxi\stepwise_signal_model\steps\step_11_2_beamspace_w_design\results_step11_2_recommended_w_robustness_confirmation\step11_2_w_robustness_keypoints.csv
Wrote result MAT: E:\matlab_code\bishe_quanxi\stepwise_signal_model\steps\step_11_2_beamspace_w_design\results_step11_2_recommended_w_robustness_confirmation\step11_2_w_robustness_result.mat
Wrote plot: E:\matlab_code\bishe_quanxi\stepwise_signal_model\steps\step_11_2_beamspace_w_design\results_step11_2_recommended_w_robustness_confirmation\w_robustness_success_compare.png
Wrote plot: E:\matlab_code\bishe_quanxi\stepwise_signal_model\steps\step_11_2_beamspace_w_design\results_step11_2_recommended_w_robustness_confirmation\w_robustness_rmse_compare.png
Wrote plot: E:\matlab_code\bishe_quanxi\stepwise_signal_model\steps\step_11_2_beamspace_w_design\results_step11_2_recommended_w_robustness_confirmation\w_robustness_worst_case_compare.png
Wrote plot: E:\matlab_code\bishe_quanxi\stepwise_signal_model\steps\step_11_2_beamspace_w_design\results_step11_2_recommended_w_robustness_confirmation\w_robustness_b7_vs_b25.png
Keypoints:
  b7_success = 1
  b7_rmse = 0.0991391728928
  b7_worst_case_success = 1
  best_success_overall = 1
  best_rmse_overall = 0.0991391728928
  best_worst_case_success = 1
  best_method_overall = greedy_combined_B7
  b7_minus_best_success_gap = 0
  b7_rmse_over_best_ratio = 1
  b7_worst_case_minus_best_worst_case = 0
  b25_combined_success = 0.8
  b25_lowcorr_success = 0.8
  robustness_pass_flag = 1
  recommended_final_W = greedy_combined
  recommended_final_B = 7
  recommended_next_step = finalize_step11_2_w_design_evidence_summary
