Step 08.7 level3 2D rank1 coherent covfit minimal validation
Scope: non-oracle covfit PoC only. No fullscan, no V2, no complex-gain q, no edits to step 8.6.
Geometry: Q=65, Nel=32, theta_sep=0.263775445 deg.
Run control: Metkl=20, SNR=[0 8 16], T_snap=260.
2D MUSIC K=[20,8], covfit K=[8,4], az_covfit_grid=31, el_common_grid=15.
Scenario A/elB_0 SNR=0: el_true=[0.00 0.00], el_assumed=0.00
  level2_rank1_fallback_baseline                joint=1.000 az=1.000 el=1.000 rmse=[0.0308 0.0000] peaks=2.00 reason=ok
  level2_el_bank_baseline                       joint=0.500 az=1.000 el=0.500 rmse=[0.0286 0.5000] peaks=2.00 reason=el_error
  level3_2d_fbss_music_grid                     joint=0.000 az=0.000 el=0.000 rmse=[NaN NaN] peaks=1.00 reason=insufficient_peak_or_pair
  level3_common_el_rank1_covfit                 joint=1.000 az=1.000 el=1.000 rmse=[0.0746 0.0000] peaks=2.00 reason=ok
  level3_pair_el_local_rank1_covfit             joint=0.000 az=0.000 el=0.000 rmse=[NaN NaN] peaks=1.00 reason=insufficient_peak_or_pair
  level3_oracle_el_rank1_covfit_upper_bound     joint=1.000 az=1.000 el=1.000 rmse=[0.0316 0.5000] peaks=2.00 reason=ok
Scenario A/elB_0 SNR=8: el_true=[0.00 0.00], el_assumed=0.00
  level2_rank1_fallback_baseline                joint=1.000 az=1.000 el=1.000 rmse=[0.0244 0.0000] peaks=2.00 reason=ok
  level2_el_bank_baseline                       joint=0.200 az=1.000 el=0.200 rmse=[0.0171 1.1500] peaks=2.00 reason=el_error
  level3_2d_fbss_music_grid                     joint=0.000 az=0.000 el=0.000 rmse=[NaN NaN] peaks=1.00 reason=insufficient_peak_or_pair
  level3_common_el_rank1_covfit                 joint=0.000 az=0.000 el=1.000 rmse=[0.2681 0.0000] peaks=2.00 reason=az_error
  level3_pair_el_local_rank1_covfit             joint=0.000 az=0.000 el=0.000 rmse=[NaN NaN] peaks=1.00 reason=insufficient_peak_or_pair
  level3_oracle_el_rank1_covfit_upper_bound     joint=1.000 az=1.000 el=1.000 rmse=[0.0400 0.0000] peaks=2.00 reason=ok
Scenario A/elB_0 SNR=16: el_true=[0.00 0.00], el_assumed=0.00
  level2_rank1_fallback_baseline                joint=1.000 az=1.000 el=1.000 rmse=[0.0304 0.0000] peaks=2.00 reason=ok
  level2_el_bank_baseline                       joint=0.000 az=1.000 el=0.000 rmse=[0.0332 2.7000] peaks=2.00 reason=el_error
  level3_2d_fbss_music_grid                     joint=0.000 az=0.000 el=0.000 rmse=[NaN NaN] peaks=1.00 reason=insufficient_peak_or_pair
  level3_common_el_rank1_covfit                 joint=0.000 az=0.000 el=1.000 rmse=[0.2681 0.0000] peaks=2.00 reason=az_error
  level3_pair_el_local_rank1_covfit             joint=0.000 az=0.000 el=0.000 rmse=[NaN NaN] peaks=1.00 reason=insufficient_peak_or_pair
  level3_oracle_el_rank1_covfit_upper_bound     joint=1.000 az=1.000 el=1.000 rmse=[0.0400 0.5000] peaks=2.00 reason=ok
Scenario A/elB_1 SNR=0: el_true=[0.00 1.00], el_assumed=0.00
  level2_rank1_fallback_baseline                joint=0.000 az=0.950 el=0.000 rmse=[0.0456 0.7071] peaks=2.00 reason=el_error
  level2_el_bank_baseline                       joint=0.000 az=0.550 el=0.000 rmse=[0.0722 1.5811] peaks=2.00 reason=az_error
  level3_2d_fbss_music_grid                     joint=0.000 az=0.000 el=1.000 rmse=[0.0936 0.3536] peaks=6.00 reason=az_error
  level3_common_el_rank1_covfit                 joint=0.000 az=1.000 el=0.000 rmse=[0.0919 0.7071] peaks=2.00 reason=el_error
  level3_pair_el_local_rank1_covfit             joint=1.000 az=1.000 el=1.000 rmse=[0.0519 0.0000] peaks=2.00 reason=ok
  level3_oracle_el_rank1_covfit_upper_bound     joint=1.000 az=1.000 el=1.000 rmse=[0.0400 0.0000] peaks=2.00 reason=ok
Scenario A/elB_1 SNR=8: el_true=[0.00 1.00], el_assumed=0.00
  level2_rank1_fallback_baseline                joint=0.000 az=0.950 el=0.000 rmse=[0.0451 0.7071] peaks=2.00 reason=el_error
  level2_el_bank_baseline                       joint=0.000 az=0.400 el=0.000 rmse=[0.0763 1.6296] peaks=2.00 reason=az_error
  level3_2d_fbss_music_grid                     joint=1.000 az=1.000 el=1.000 rmse=[0.0119 0.0000] peaks=5.00 reason=ok
  level3_common_el_rank1_covfit                 joint=0.000 az=0.000 el=0.000 rmse=[0.2681 0.7071] peaks=2.00 reason=az_error
  level3_pair_el_local_rank1_covfit             joint=1.000 az=1.000 el=1.000 rmse=[0.0681 0.0000] peaks=2.00 reason=ok
  level3_oracle_el_rank1_covfit_upper_bound     joint=1.000 az=1.000 el=1.000 rmse=[0.0400 0.0000] peaks=2.00 reason=ok
Scenario A/elB_1 SNR=16: el_true=[0.00 1.00], el_assumed=0.00
  level2_rank1_fallback_baseline                joint=0.000 az=0.950 el=0.000 rmse=[0.0369 0.7071] peaks=2.00 reason=el_error
  level2_el_bank_baseline                       joint=0.000 az=0.500 el=0.000 rmse=[0.0805 1.7766] peaks=2.00 reason=az_error
  level3_2d_fbss_music_grid                     joint=1.000 az=1.000 el=1.000 rmse=[0.0119 0.0000] peaks=5.00 reason=ok
  level3_common_el_rank1_covfit                 joint=0.000 az=0.000 el=0.000 rmse=[0.1081 0.7071] peaks=2.00 reason=az_error
  level3_pair_el_local_rank1_covfit             joint=1.000 az=1.000 el=1.000 rmse=[0.0719 0.0000] peaks=2.00 reason=ok
  level3_oracle_el_rank1_covfit_upper_bound     joint=1.000 az=1.000 el=1.000 rmse=[0.0400 0.0000] peaks=2.00 reason=ok
Scenario A/elB_2 SNR=0: el_true=[0.00 2.00], el_assumed=0.00
  level2_rank1_fallback_baseline                joint=0.000 az=0.000 el=0.000 rmse=[0.1250 1.4142] peaks=2.00 reason=az_error
  level2_el_bank_baseline                       joint=0.000 az=0.000 el=0.000 rmse=[0.1347 1.7019] peaks=2.00 reason=az_error
  level3_2d_fbss_music_grid                     joint=1.000 az=1.000 el=1.000 rmse=[0.0119 0.0000] peaks=5.00 reason=ok
  level3_common_el_rank1_covfit                 joint=0.000 az=1.000 el=0.000 rmse=[0.0919 1.0000] peaks=2.00 reason=el_error
  level3_pair_el_local_rank1_covfit             joint=1.000 az=1.000 el=1.000 rmse=[0.0119 0.0000] peaks=2.00 reason=ok
  level3_oracle_el_rank1_covfit_upper_bound     joint=1.000 az=1.000 el=1.000 rmse=[0.0200 0.0000] peaks=2.00 reason=ok
Scenario A/elB_2 SNR=8: el_true=[0.00 2.00], el_assumed=0.00
  level2_rank1_fallback_baseline                joint=0.000 az=0.000 el=0.000 rmse=[0.1208 1.4142] peaks=2.00 reason=az_error
  level2_el_bank_baseline                       joint=0.000 az=0.250 el=0.000 rmse=[0.1006 2.5915] peaks=2.00 reason=az_error
  level3_2d_fbss_music_grid                     joint=1.000 az=1.000 el=1.000 rmse=[0.0119 0.0000] peaks=5.00 reason=ok
  level3_common_el_rank1_covfit                 joint=0.000 az=1.000 el=0.000 rmse=[0.0919 1.0000] peaks=2.00 reason=el_error
  level3_pair_el_local_rank1_covfit             joint=1.000 az=1.000 el=1.000 rmse=[0.0119 0.0000] peaks=2.00 reason=ok
  level3_oracle_el_rank1_covfit_upper_bound     joint=1.000 az=1.000 el=1.000 rmse=[0.0000 0.0000] peaks=2.00 reason=ok
Scenario A/elB_2 SNR=16: el_true=[0.00 2.00], el_assumed=0.00
  level2_rank1_fallback_baseline                joint=0.000 az=0.000 el=0.000 rmse=[0.1211 1.4142] peaks=2.00 reason=az_error
  level2_el_bank_baseline                       joint=0.000 az=0.150 el=0.000 rmse=[0.1039 4.7348] peaks=2.00 reason=az_error
  level3_2d_fbss_music_grid                     joint=1.000 az=1.000 el=1.000 rmse=[0.0119 0.0000] peaks=5.00 reason=ok
  level3_common_el_rank1_covfit                 joint=0.000 az=1.000 el=0.000 rmse=[0.0919 1.0000] peaks=2.00 reason=el_error
  level3_pair_el_local_rank1_covfit             joint=1.000 az=1.000 el=1.000 rmse=[0.0119 0.0000] peaks=2.00 reason=ok
  level3_oracle_el_rank1_covfit_upper_bound     joint=1.000 az=1.000 el=1.000 rmse=[0.0200 0.0000] peaks=2.00 reason=ok
Scenario A/elB_5 SNR=0: el_true=[0.00 5.00], el_assumed=0.00
  level2_rank1_fallback_baseline                joint=0.000 az=0.000 el=0.000 rmse=[0.1410 3.5355] peaks=2.00 reason=az_error
  level2_el_bank_baseline                       joint=0.000 az=0.000 el=0.000 rmse=[0.1379 3.6412] peaks=2.00 reason=az_error
  level3_2d_fbss_music_grid                     joint=1.000 az=1.000 el=1.000 rmse=[0.0119 0.0000] peaks=2.00 reason=ok
  level3_common_el_rank1_covfit                 joint=0.000 az=0.000 el=0.000 rmse=[0.1923 2.5495] peaks=2.00 reason=az_error
  level3_pair_el_local_rank1_covfit             joint=1.000 az=1.000 el=1.000 rmse=[0.0688 0.0000] peaks=2.00 reason=ok
  level3_oracle_el_rank1_covfit_upper_bound     joint=1.000 az=1.000 el=1.000 rmse=[0.0316 0.0000] peaks=2.00 reason=ok
Scenario A/elB_5 SNR=8: el_true=[0.00 5.00], el_assumed=0.00
  level2_rank1_fallback_baseline                joint=0.000 az=0.000 el=0.000 rmse=[0.1374 3.5355] peaks=2.00 reason=az_error
  level2_el_bank_baseline                       joint=0.000 az=0.000 el=0.000 rmse=[0.1379 3.9419] peaks=2.00 reason=az_error
  level3_2d_fbss_music_grid                     joint=1.000 az=1.000 el=1.000 rmse=[0.0119 0.0000] peaks=2.00 reason=ok
  level3_common_el_rank1_covfit                 joint=0.000 az=1.000 el=0.000 rmse=[0.0746 2.5495] peaks=2.00 reason=el_error
  level3_pair_el_local_rank1_covfit             joint=1.000 az=1.000 el=1.000 rmse=[0.0233 0.0000] peaks=2.00 reason=ok
  level3_oracle_el_rank1_covfit_upper_bound     joint=1.000 az=1.000 el=1.000 rmse=[0.0283 0.0000] peaks=2.00 reason=ok
Scenario A/elB_5 SNR=16: el_true=[0.00 5.00], el_assumed=0.00
  level2_rank1_fallback_baseline                joint=0.000 az=0.000 el=0.000 rmse=[0.1373 3.5355] peaks=2.00 reason=az_error
  level2_el_bank_baseline                       joint=0.000 az=0.000 el=0.000 rmse=[0.1400 4.5222] peaks=2.00 reason=az_error
  level3_2d_fbss_music_grid                     joint=1.000 az=1.000 el=1.000 rmse=[0.0119 0.0000] peaks=2.00 reason=ok
  level3_common_el_rank1_covfit                 joint=0.000 az=1.000 el=0.000 rmse=[0.0681 2.5495] peaks=2.00 reason=el_error
  level3_pair_el_local_rank1_covfit             joint=1.000 az=1.000 el=1.000 rmse=[0.0081 0.0000] peaks=2.00 reason=ok
  level3_oracle_el_rank1_covfit_upper_bound     joint=1.000 az=1.000 el=1.000 rmse=[0.0000 0.0000] peaks=2.00 reason=ok
Scenario A/elB_10 SNR=0: el_true=[0.00 10.00], el_assumed=0.00
  level2_rank1_fallback_baseline                joint=0.000 az=0.000 el=0.000 rmse=[0.1443 7.0711] peaks=2.00 reason=az_error
  level2_el_bank_baseline                       joint=0.000 az=0.000 el=0.000 rmse=[0.1508 6.8778] peaks=2.00 reason=az_error
  level3_2d_fbss_music_grid                     joint=1.000 az=1.000 el=1.000 rmse=[0.0102 0.0000] peaks=2.00 reason=ok
  level3_common_el_rank1_covfit                 joint=0.000 az=0.000 el=0.000 rmse=[0.1002 5.0000] peaks=2.00 reason=az_error
  level3_pair_el_local_rank1_covfit             joint=1.000 az=1.000 el=1.000 rmse=[0.0408 0.0000] peaks=2.00 reason=ok
  level3_oracle_el_rank1_covfit_upper_bound     joint=1.000 az=1.000 el=1.000 rmse=[0.0400 0.0000] peaks=2.00 reason=ok
Scenario A/elB_10 SNR=8: el_true=[0.00 10.00], el_assumed=0.00
  level2_rank1_fallback_baseline                joint=0.000 az=0.000 el=0.000 rmse=[0.1337 7.0711] peaks=2.00 reason=az_error
  level2_el_bank_baseline                       joint=0.000 az=0.000 el=0.000 rmse=[0.1417 7.0880] peaks=2.00 reason=az_error
  level3_2d_fbss_music_grid                     joint=1.000 az=1.000 el=1.000 rmse=[0.0102 0.0000] peaks=2.00 reason=ok
  level3_common_el_rank1_covfit                 joint=0.000 az=0.000 el=0.000 rmse=[0.1297 5.0000] peaks=2.00 reason=az_error
  level3_pair_el_local_rank1_covfit             joint=1.000 az=1.000 el=1.000 rmse=[0.0081 0.0000] peaks=2.00 reason=ok
  level3_oracle_el_rank1_covfit_upper_bound     joint=1.000 az=1.000 el=1.000 rmse=[0.0000 0.0000] peaks=2.00 reason=ok
Scenario A/elB_10 SNR=16: el_true=[0.00 10.00], el_assumed=0.00
  level2_rank1_fallback_baseline                joint=0.000 az=0.000 el=0.000 rmse=[0.1377 7.0711] peaks=2.00 reason=az_error
  level2_el_bank_baseline                       joint=0.000 az=0.000 el=0.000 rmse=[0.1392 7.1891] peaks=2.00 reason=az_error
  level3_2d_fbss_music_grid                     joint=1.000 az=1.000 el=1.000 rmse=[0.0102 0.0000] peaks=2.00 reason=ok
  level3_common_el_rank1_covfit                 joint=0.000 az=0.000 el=0.000 rmse=[0.1881 5.0000] peaks=2.00 reason=az_error
  level3_pair_el_local_rank1_covfit             joint=1.000 az=1.000 el=1.000 rmse=[0.0081 0.0000] peaks=2.00 reason=ok
  level3_oracle_el_rank1_covfit_upper_bound     joint=1.000 az=1.000 el=1.000 rmse=[0.0000 0.0000] peaks=2.00 reason=ok
Scenario B/el0_0 SNR=0: el_true=[0.00 0.00], el_assumed=0.00
  level2_rank1_fallback_baseline                joint=1.000 az=1.000 el=1.000 rmse=[0.0238 0.0000] peaks=2.00 reason=ok
  level2_el_bank_baseline                       joint=0.400 az=1.000 el=0.400 rmse=[0.0264 0.6000] peaks=2.00 reason=el_error
  level3_2d_fbss_music_grid                     joint=0.000 az=0.000 el=0.000 rmse=[NaN NaN] peaks=1.00 reason=insufficient_peak_or_pair
  level3_common_el_rank1_covfit                 joint=1.000 az=1.000 el=1.000 rmse=[0.0746 0.0000] peaks=2.00 reason=ok
  level3_pair_el_local_rank1_covfit             joint=0.000 az=0.000 el=0.000 rmse=[NaN NaN] peaks=1.00 reason=insufficient_peak_or_pair
  level3_oracle_el_rank1_covfit_upper_bound     joint=1.000 az=1.000 el=1.000 rmse=[0.0283 0.5000] peaks=2.00 reason=ok
Scenario B/el0_0 SNR=8: el_true=[0.00 0.00], el_assumed=0.00
  level2_rank1_fallback_baseline                joint=1.000 az=1.000 el=1.000 rmse=[0.0214 0.0000] peaks=2.00 reason=ok
  level2_el_bank_baseline                       joint=0.100 az=1.000 el=0.100 rmse=[0.0311 1.3500] peaks=2.00 reason=el_error
  level3_2d_fbss_music_grid                     joint=0.000 az=0.000 el=0.000 rmse=[NaN NaN] peaks=1.00 reason=insufficient_peak_or_pair
  level3_common_el_rank1_covfit                 joint=1.000 az=1.000 el=1.000 rmse=[0.0919 0.0000] peaks=2.00 reason=ok
  level3_pair_el_local_rank1_covfit             joint=0.000 az=0.000 el=0.000 rmse=[NaN NaN] peaks=1.00 reason=insufficient_peak_or_pair
  level3_oracle_el_rank1_covfit_upper_bound     joint=1.000 az=1.000 el=1.000 rmse=[0.0316 0.5000] peaks=2.00 reason=ok
Scenario B/el0_0 SNR=16: el_true=[0.00 0.00], el_assumed=0.00
  level2_rank1_fallback_baseline                joint=1.000 az=1.000 el=1.000 rmse=[0.0231 0.0000] peaks=2.00 reason=ok
  level2_el_bank_baseline                       joint=0.000 az=1.000 el=0.000 rmse=[0.0282 3.0000] peaks=2.00 reason=el_error
  level3_2d_fbss_music_grid                     joint=0.000 az=0.000 el=0.000 rmse=[NaN NaN] peaks=1.00 reason=insufficient_peak_or_pair
  level3_common_el_rank1_covfit                 joint=0.000 az=0.000 el=1.000 rmse=[0.2281 0.0000] peaks=2.00 reason=az_error
  level3_pair_el_local_rank1_covfit             joint=0.000 az=0.000 el=0.000 rmse=[NaN NaN] peaks=1.00 reason=insufficient_peak_or_pair
  level3_oracle_el_rank1_covfit_upper_bound     joint=1.000 az=1.000 el=1.000 rmse=[0.0400 0.0000] peaks=2.00 reason=ok
Scenario B/el0_2 SNR=0: el_true=[0.00 0.00], el_assumed=2.00
  level2_rank1_fallback_baseline                joint=0.000 az=1.000 el=0.000 rmse=[0.0594 2.0000] peaks=2.00 reason=el_error
  level2_el_bank_baseline                       joint=0.700 az=1.000 el=0.700 rmse=[0.0256 0.3000] peaks=2.00 reason=el_error
  level3_2d_fbss_music_grid                     joint=0.000 az=0.000 el=0.000 rmse=[NaN NaN] peaks=1.00 reason=insufficient_peak_or_pair
  level3_common_el_rank1_covfit                 joint=0.000 az=0.000 el=1.000 rmse=[0.2681 0.0000] peaks=2.00 reason=az_error
  level3_pair_el_local_rank1_covfit             joint=0.000 az=0.000 el=0.000 rmse=[NaN NaN] peaks=1.00 reason=insufficient_peak_or_pair
  level3_oracle_el_rank1_covfit_upper_bound     joint=1.000 az=1.000 el=1.000 rmse=[0.0316 0.5000] peaks=2.00 reason=ok
Scenario B/el0_2 SNR=8: el_true=[0.00 0.00], el_assumed=2.00
  level2_rank1_fallback_baseline                joint=0.000 az=1.000 el=0.000 rmse=[0.0410 2.0000] peaks=2.00 reason=el_error
  level2_el_bank_baseline                       joint=0.100 az=1.000 el=0.100 rmse=[0.0176 1.1000] peaks=2.00 reason=el_error
  level3_2d_fbss_music_grid                     joint=0.000 az=0.000 el=0.000 rmse=[NaN NaN] peaks=1.00 reason=insufficient_peak_or_pair
  level3_common_el_rank1_covfit                 joint=1.000 az=1.000 el=1.000 rmse=[0.0919 0.0000] peaks=2.00 reason=ok
  level3_pair_el_local_rank1_covfit             joint=0.000 az=0.000 el=0.000 rmse=[NaN NaN] peaks=1.00 reason=insufficient_peak_or_pair
  level3_oracle_el_rank1_covfit_upper_bound     joint=1.000 az=1.000 el=1.000 rmse=[0.0316 0.0000] peaks=2.00 reason=ok
Scenario B/el0_2 SNR=16: el_true=[0.00 0.00], el_assumed=2.00
  level2_rank1_fallback_baseline                joint=0.000 az=1.000 el=0.000 rmse=[0.0272 2.0000] peaks=2.00 reason=el_error
  level2_el_bank_baseline                       joint=0.000 az=1.000 el=0.000 rmse=[0.0306 2.3500] peaks=2.00 reason=el_error
  level3_2d_fbss_music_grid                     joint=0.000 az=0.000 el=0.000 rmse=[NaN NaN] peaks=1.00 reason=insufficient_peak_or_pair
  level3_common_el_rank1_covfit                 joint=0.000 az=0.000 el=1.000 rmse=[0.1481 0.0000] peaks=2.00 reason=az_error
  level3_pair_el_local_rank1_covfit             joint=0.000 az=0.000 el=0.000 rmse=[NaN NaN] peaks=1.00 reason=insufficient_peak_or_pair
  level3_oracle_el_rank1_covfit_upper_bound     joint=1.000 az=1.000 el=1.000 rmse=[0.0400 0.0000] peaks=2.00 reason=ok
Scenario B/el0_5 SNR=0: el_true=[0.00 0.00], el_assumed=5.00
  level2_rank1_fallback_baseline                joint=0.000 az=0.950 el=0.000 rmse=[0.0638 5.0000] peaks=2.00 reason=el_error
  level2_el_bank_baseline                       joint=0.350 az=1.000 el=0.350 rmse=[0.0364 0.6500] peaks=2.00 reason=el_error
  level3_2d_fbss_music_grid                     joint=0.000 az=0.000 el=0.000 rmse=[NaN NaN] peaks=1.00 reason=insufficient_peak_or_pair
  level3_common_el_rank1_covfit                 joint=1.000 az=1.000 el=1.000 rmse=[0.0919 0.0000] peaks=2.00 reason=ok
  level3_pair_el_local_rank1_covfit             joint=0.000 az=0.000 el=0.000 rmse=[NaN NaN] peaks=1.00 reason=insufficient_peak_or_pair
  level3_oracle_el_rank1_covfit_upper_bound     joint=1.000 az=1.000 el=1.000 rmse=[0.0316 0.0000] peaks=2.00 reason=ok
Scenario B/el0_5 SNR=8: el_true=[0.00 0.00], el_assumed=5.00
  level2_rank1_fallback_baseline                joint=0.000 az=1.000 el=0.000 rmse=[0.0436 5.0000] peaks=2.00 reason=el_error
  level2_el_bank_baseline                       joint=0.050 az=1.000 el=0.050 rmse=[0.0302 1.4000] peaks=2.00 reason=el_error
  level3_2d_fbss_music_grid                     joint=0.000 az=0.000 el=0.000 rmse=[NaN NaN] peaks=1.00 reason=insufficient_peak_or_pair
  level3_common_el_rank1_covfit                 joint=1.000 az=1.000 el=1.000 rmse=[0.0119 0.0000] peaks=2.00 reason=ok
  level3_pair_el_local_rank1_covfit             joint=0.000 az=0.000 el=0.000 rmse=[NaN NaN] peaks=1.00 reason=insufficient_peak_or_pair
  level3_oracle_el_rank1_covfit_upper_bound     joint=1.000 az=1.000 el=1.000 rmse=[0.0200 0.0000] peaks=2.00 reason=ok
Scenario B/el0_5 SNR=16: el_true=[0.00 0.00], el_assumed=5.00
  level2_rank1_fallback_baseline                joint=0.000 az=1.000 el=0.000 rmse=[0.0493 5.0000] peaks=2.00 reason=el_error
  level2_el_bank_baseline                       joint=0.000 az=1.000 el=0.000 rmse=[0.0320 2.7500] peaks=2.00 reason=el_error
  level3_2d_fbss_music_grid                     joint=0.000 az=0.000 el=0.000 rmse=[NaN NaN] peaks=1.00 reason=insufficient_peak_or_pair
  level3_common_el_rank1_covfit                 joint=1.000 az=1.000 el=1.000 rmse=[0.0919 0.0000] peaks=2.00 reason=ok
  level3_pair_el_local_rank1_covfit             joint=0.000 az=0.000 el=0.000 rmse=[NaN NaN] peaks=1.00 reason=insufficient_peak_or_pair
  level3_oracle_el_rank1_covfit_upper_bound     joint=1.000 az=1.000 el=1.000 rmse=[0.0400 0.0000] peaks=2.00 reason=ok
Scenario B/el0_10 SNR=0: el_true=[0.00 0.00], el_assumed=10.00
  level2_rank1_fallback_baseline                joint=0.000 az=0.100 el=0.000 rmse=[0.1313 10.0000] peaks=2.00 reason=az_error
  level2_el_bank_baseline                       joint=0.500 az=1.000 el=0.500 rmse=[0.0354 0.5000] peaks=2.00 reason=el_error
  level3_2d_fbss_music_grid                     joint=0.000 az=0.000 el=0.000 rmse=[NaN NaN] peaks=1.00 reason=insufficient_peak_or_pair
  level3_common_el_rank1_covfit                 joint=1.000 az=1.000 el=1.000 rmse=[0.0919 0.0000] peaks=2.00 reason=ok
  level3_pair_el_local_rank1_covfit             joint=0.000 az=0.000 el=0.000 rmse=[NaN NaN] peaks=1.00 reason=insufficient_peak_or_pair
  level3_oracle_el_rank1_covfit_upper_bound     joint=1.000 az=1.000 el=1.000 rmse=[0.0400 0.5000] peaks=2.00 reason=ok
Scenario B/el0_10 SNR=8: el_true=[0.00 0.00], el_assumed=10.00
  level2_rank1_fallback_baseline                joint=0.000 az=0.450 el=0.000 rmse=[0.0946 10.0000] peaks=2.00 reason=az_error
  level2_el_bank_baseline                       joint=0.250 az=1.000 el=0.250 rmse=[0.0246 1.0500] peaks=2.00 reason=el_error
  level3_2d_fbss_music_grid                     joint=0.000 az=0.000 el=0.000 rmse=[NaN NaN] peaks=1.00 reason=insufficient_peak_or_pair
  level3_common_el_rank1_covfit                 joint=0.000 az=0.000 el=1.000 rmse=[0.2681 0.0000] peaks=2.00 reason=az_error
  level3_pair_el_local_rank1_covfit             joint=0.000 az=0.000 el=0.000 rmse=[NaN NaN] peaks=1.00 reason=insufficient_peak_or_pair
  level3_oracle_el_rank1_covfit_upper_bound     joint=1.000 az=1.000 el=1.000 rmse=[0.0316 0.0000] peaks=2.00 reason=ok
Scenario B/el0_10 SNR=16: el_true=[0.00 0.00], el_assumed=10.00
  level2_rank1_fallback_baseline                joint=0.000 az=0.600 el=0.000 rmse=[0.0951 10.0000] peaks=2.00 reason=az_error
  level2_el_bank_baseline                       joint=0.000 az=1.000 el=0.000 rmse=[0.0234 2.6500] peaks=2.00 reason=el_error
  level3_2d_fbss_music_grid                     joint=0.000 az=0.000 el=0.000 rmse=[NaN NaN] peaks=1.00 reason=insufficient_peak_or_pair
  level3_common_el_rank1_covfit                 joint=0.000 az=0.000 el=1.000 rmse=[0.1081 0.0000] peaks=2.00 reason=az_error
  level3_pair_el_local_rank1_covfit             joint=0.000 az=0.000 el=0.000 rmse=[NaN NaN] peaks=1.00 reason=insufficient_peak_or_pair
  level3_oracle_el_rank1_covfit_upper_bound     joint=1.000 az=1.000 el=1.000 rmse=[0.0400 0.0000] peaks=2.00 reason=ok
Finished in 188.44 sec.
Outputs written to E:\matlab_code\bishe_quanxi\stepwise_signal_model\steps\step_08_7_routeB_array_level3\results_step8_7_level3_rank1_covfit_minimal
