Copyright 1986-2022 Xilinx, Inc. All Rights Reserved. Copyright 2022-2024 Advanced Micro Devices, Inc. All Rights Reserved.
----------------------------------------------------------------------------------------------------------------------------------------------
| Tool Version : Vivado v.2024.2 (win64) Build 5239630 Fri Nov 08 22:35:27 MST 2024
| Date         : Sun Jun 21 11:44:05 2026
| Host         : Aurora running 64-bit major release  (build 9200)
| Command      : report_timing_summary -file <STEP14_DIR>/results_step14_dbf_ip_soc_integration/reference_bd/step14_3a_bd_post_route_timing_summary.rpt
| Design       : dbf_reference_bd_wrapper
| Device       : 7z020-clg400
| Speed File   : -1  PRODUCTION 1.12 2019-11-22
| Design State : Physopt postRoute
----------------------------------------------------------------------------------------------------------------------------------------------

Timing Summary Report

------------------------------------------------------------------------------------------------
| Timer Settings
| --------------
------------------------------------------------------------------------------------------------

  Enable Multi Corner Analysis               :  Yes
  Enable Pessimism Removal                   :  Yes
  Pessimism Removal Resolution               :  Nearest Common Node
  Enable Input Delay Default Clock           :  No
  Enable Preset / Clear Arcs                 :  No
  Disable Flight Delays                      :  No
  Ignore I/O Paths                           :  No
  Timing Early Launch at Borrowing Latches   :  No
  Borrow Time for Max Delay Exceptions       :  Yes
  Merge Timing Exceptions                    :  Yes
  Inter-SLR Compensation                     :  Conservative

  Corner  Analyze    Analyze    
  Name    Max Paths  Min Paths  
  ------  ---------  ---------  
  Slow    Yes        Yes        
  Fast    Yes        Yes        


------------------------------------------------------------------------------------------------
| Report Methodology
| ------------------
------------------------------------------------------------------------------------------------

Rule       Severity  Description                    Violations  
---------  --------  -----------------------------  ----------  
TIMING-18  Warning   Missing input or output delay  153         

Note: This report is based on the most recent report_methodology run and may not be up-to-date. Run report_methodology on the current design for the latest report.



check_timing report

Table of Contents
-----------------
1. checking no_clock (0)
2. checking constant_clock (0)
3. checking pulse_width_clock (0)
4. checking unconstrained_internal_endpoints (0)
5. checking no_input_delay (40)
6. checking no_output_delay (114)
7. checking multiple_clock (0)
8. checking generated_clocks (0)
9. checking loops (0)
10. checking partial_input_delay (0)
11. checking partial_output_delay (0)
12. checking latch_loops (0)

1. checking no_clock (0)
------------------------
 There are 0 register/latch pins with no clock.


2. checking constant_clock (0)
------------------------------
 There are 0 register/latch pins with constant_clock.


3. checking pulse_width_clock (0)
---------------------------------
 There are 0 register/latch pins which need pulse_width check


4. checking unconstrained_internal_endpoints (0)
------------------------------------------------
 There are 0 pins that are not constrained for maximum delay.

 There are 0 pins that are not constrained for maximum delay due to constant clock.


5. checking no_input_delay (40)
-------------------------------
 There are 39 input ports with no input delay specified. (HIGH)

 There is 1 input port with no input delay but user has a false path constraint. (MEDIUM)


6. checking no_output_delay (114)
---------------------------------
 There are 114 ports with no output delay specified. (HIGH)

 There are 0 ports with no output delay but user has a false path constraint

 There are 0 ports with no output delay but with a timing clock defined on it or propagating through it


7. checking multiple_clock (0)
------------------------------
 There are 0 register/latch pins with multiple clocks.


8. checking generated_clocks (0)
--------------------------------
 There are 0 generated clocks that are not connected to a clock source.


9. checking loops (0)
---------------------
 There are 0 combinational loops in the design.


10. checking partial_input_delay (0)
------------------------------------
 There are 0 input ports with partial input delay specified.


11. checking partial_output_delay (0)
-------------------------------------
 There are 0 ports with partial output delay specified.


12. checking latch_loops (0)
----------------------------
 There are 0 combinational latch loops in the design through latch input



------------------------------------------------------------------------------------------------
| Design Timing Summary
| ---------------------
------------------------------------------------------------------------------------------------

    WNS(ns)      TNS(ns)  TNS Failing Endpoints  TNS Total Endpoints      WHS(ns)      THS(ns)  THS Failing Endpoints  THS Total Endpoints     WPWS(ns)     TPWS(ns)  TPWS Failing Endpoints  TPWS Total Endpoints  
    -------      -------  ---------------------  -------------------      -------      -------  ---------------------  -------------------     --------     --------  ----------------------  --------------------  
     -0.076       -0.079                      2                13471        0.096        0.000                      0                13471        1.116        0.000                       0                  5160  


Timing constraints are not met.


------------------------------------------------------------------------------------------------
| Clock Summary
| -------------
------------------------------------------------------------------------------------------------

Clock  Waveform(ns)         Period(ns)      Frequency(MHz)
-----  ------------         ----------      --------------
aclk   {0.000 2.500}        5.000           200.000         


------------------------------------------------------------------------------------------------
| Intra Clock Table
| -----------------
------------------------------------------------------------------------------------------------

Clock             WNS(ns)      TNS(ns)  TNS Failing Endpoints  TNS Total Endpoints      WHS(ns)      THS(ns)  THS Failing Endpoints  THS Total Endpoints     WPWS(ns)     TPWS(ns)  TPWS Failing Endpoints  TPWS Total Endpoints  
-----             -------      -------  ---------------------  -------------------      -------      -------  ---------------------  -------------------     --------     --------  ----------------------  --------------------  
aclk               -0.076       -0.079                      2                13471        0.096        0.000                      0                13471        1.116        0.000                       0                  5160  


------------------------------------------------------------------------------------------------
| Inter Clock Table
| -----------------
------------------------------------------------------------------------------------------------

From Clock    To Clock          WNS(ns)      TNS(ns)  TNS Failing Endpoints  TNS Total Endpoints      WHS(ns)      THS(ns)  THS Failing Endpoints  THS Total Endpoints  
----------    --------          -------      -------  ---------------------  -------------------      -------      -------  ---------------------  -------------------  


------------------------------------------------------------------------------------------------
| Other Path Groups Table
| -----------------------
------------------------------------------------------------------------------------------------

Path Group    From Clock    To Clock          WNS(ns)      TNS(ns)  TNS Failing Endpoints  TNS Total Endpoints      WHS(ns)      THS(ns)  THS Failing Endpoints  THS Total Endpoints  
----------    ----------    --------          -------      -------  ---------------------  -------------------      -------      -------  ---------------------  -------------------  


------------------------------------------------------------------------------------------------
| Timing Details
| --------------
------------------------------------------------------------------------------------------------


---------------------------------------------------------------------------------------------------
From Clock:  aclk
  To Clock:  aclk

Setup :            2  Failing Endpoints,  Worst Slack       -0.076ns,  Total Violation       -0.079ns
Hold  :            0  Failing Endpoints,  Worst Slack        0.096ns,  Total Violation        0.000ns
PW    :            0  Failing Endpoints,  Worst Slack        1.116ns,  Total Violation        0.000ns
---------------------------------------------------------------------------------------------------


Max Delay Paths
--------------------------------------------------------------------------------------
Slack (VIOLATED) :        -0.076ns  (required time - arrival time)
  Source:                 dbf_reference_bd_i/dbf_axis_0/inst/u_system/u_w_provider/wr_yr_s1_reg_i_10__2_psdsp_1/C
                            (rising edge-triggered cell FDRE clocked by aclk  {rise@0.000ns fall@2.500ns period=5.000ns})
  Destination:            dbf_reference_bd_i/dbf_axis_0/inst/u_system/u_datapath/u_core/gen_lane[3].u_lane/u_accum/u_mac/wr_yi_s1_reg/A[8]
                            (rising edge-triggered cell DSP48E1 clocked by aclk  {rise@0.000ns fall@2.500ns period=5.000ns})
  Path Group:             aclk
  Path Type:              Setup (Max at Slow Process Corner)
  Requirement:            5.000ns  (aclk rise@5.000ns - aclk rise@0.000ns)
  Data Path Delay:        1.270ns  (logic 0.456ns (35.904%)  route 0.814ns (64.096%))
  Logic Levels:           0  
  Clock Path Skew:        -0.049ns (DCD - SCD + CPR)
    Destination Clock Delay (DCD):    0.924ns = ( 5.924 - 5.000 ) 
    Source Clock Delay      (SCD):    0.973ns
    Clock Pessimism Removal (CPR):    0.000ns
  Clock Uncertainty:      0.035ns  ((TSJ^2 + TIJ^2)^1/2 + DJ) / 2 + PE
    Total System Jitter     (TSJ):    0.071ns
    Total Input Jitter      (TIJ):    0.000ns
    Discrete Jitter          (DJ):    0.000ns
    Phase Error              (PE):    0.000ns

    Location             Delay type                Incr(ns)  Path(ns)    Netlist Resource(s)
  -------------------------------------------------------------------    -------------------
                         (clock aclk rise edge)       0.000     0.000 r  
                                                      0.000     0.000 r  aclk (IN)
                         net (fo=5173, unset)         0.973     0.973    dbf_reference_bd_i/dbf_axis_0/inst/u_system/u_w_provider/aclk
    SLICE_X11Y27         FDRE                                         r  dbf_reference_bd_i/dbf_axis_0/inst/u_system/u_w_provider/wr_yr_s1_reg_i_10__2_psdsp_1/C
  -------------------------------------------------------------------    -------------------
    SLICE_X11Y27         FDRE (Prop_fdre_C_Q)         0.456     1.429 r  dbf_reference_bd_i/dbf_axis_0/inst/u_system/u_w_provider/wr_yr_s1_reg_i_10__2_psdsp_1/Q
                         net (fo=1, routed)           0.814     2.243    dbf_reference_bd_i/dbf_axis_0/inst/u_system/u_datapath/u_core/gen_lane[3].u_lane/u_accum/u_mac/wr_yr_s1_reg_i_10__2_psdsp_n_1_alias
    DSP48_X0Y13          DSP48E1                                      r  dbf_reference_bd_i/dbf_axis_0/inst/u_system/u_datapath/u_core/gen_lane[3].u_lane/u_accum/u_mac/wr_yi_s1_reg/A[8]
  -------------------------------------------------------------------    -------------------

                         (clock aclk rise edge)       5.000     5.000 r  
                                                      0.000     5.000 r  aclk (IN)
                         net (fo=5173, unset)         0.924     5.924    dbf_reference_bd_i/dbf_axis_0/inst/u_system/u_datapath/u_core/gen_lane[3].u_lane/u_accum/u_mac/aclk
    DSP48_X0Y13          DSP48E1                                      r  dbf_reference_bd_i/dbf_axis_0/inst/u_system/u_datapath/u_core/gen_lane[3].u_lane/u_accum/u_mac/wr_yi_s1_reg/CLK
                         clock pessimism              0.000     5.924    
                         clock uncertainty           -0.035     5.889    
    DSP48_X0Y13          DSP48E1 (Setup_dsp48e1_CLK_A[8])
                                                     -3.722     2.167    dbf_reference_bd_i/dbf_axis_0/inst/u_system/u_datapath/u_core/gen_lane[3].u_lane/u_accum/u_mac/wr_yi_s1_reg
  -------------------------------------------------------------------
                         required time                          2.167    
                         arrival time                          -2.243    
  -------------------------------------------------------------------
                         slack                                 -0.076    





Min Delay Paths
--------------------------------------------------------------------------------------
Slack (MET) :             0.096ns  (arrival time - required time)
  Source:                 dbf_reference_bd_i/dbf_axis_0/inst/u_system/u_datapath/u_core/gen_lane[5].u_lane/u_quant_re/neg_word_s4_reg[17]/C
                            (rising edge-triggered cell FDRE clocked by aclk  {rise@0.000ns fall@2.500ns period=5.000ns})
  Destination:            dbf_reference_bd_i/dbf_axis_0/inst/u_system/u_datapath/u_core/gen_lane[5].u_lane/u_quant_re/z_out_reg[17]/D
                            (rising edge-triggered cell FDRE clocked by aclk  {rise@0.000ns fall@2.500ns period=5.000ns})
  Path Group:             aclk
  Path Type:              Hold (Min at Fast Process Corner)
  Requirement:            0.000ns  (aclk rise@0.000ns - aclk rise@0.000ns)
  Data Path Delay:        0.238ns  (logic 0.186ns (78.117%)  route 0.052ns (21.883%))
  Logic Levels:           1  (LUT4=1)
  Clock Path Skew:        0.022ns (DCD - SCD - CPR)
    Destination Clock Delay (DCD):    0.432ns
    Source Clock Delay      (SCD):    0.410ns
    Clock Pessimism Removal (CPR):    -0.000ns

    Location             Delay type                Incr(ns)  Path(ns)    Netlist Resource(s)
  -------------------------------------------------------------------    -------------------
                         (clock aclk rise edge)       0.000     0.000 r  
                                                      0.000     0.000 r  aclk (IN)
                         net (fo=5173, unset)         0.410     0.410    dbf_reference_bd_i/dbf_axis_0/inst/u_system/u_datapath/u_core/gen_lane[5].u_lane/u_quant_re/aclk
    SLICE_X19Y19         FDRE                                         r  dbf_reference_bd_i/dbf_axis_0/inst/u_system/u_datapath/u_core/gen_lane[5].u_lane/u_quant_re/neg_word_s4_reg[17]/C
  -------------------------------------------------------------------    -------------------
    SLICE_X19Y19         FDRE (Prop_fdre_C_Q)         0.141     0.551 r  dbf_reference_bd_i/dbf_axis_0/inst/u_system/u_datapath/u_core/gen_lane[5].u_lane/u_quant_re/neg_word_s4_reg[17]/Q
                         net (fo=1, routed)           0.052     0.603    dbf_reference_bd_i/dbf_axis_0/inst/u_system/u_datapath/u_core/gen_lane[5].u_lane/u_quant_re/neg_word_s4[17]
    SLICE_X18Y19         LUT4 (Prop_lut4_I3_O)        0.045     0.648 r  dbf_reference_bd_i/dbf_axis_0/inst/u_system/u_datapath/u_core/gen_lane[5].u_lane/u_quant_re/z_out[17]_i_1/O
                         net (fo=1, routed)           0.000     0.648    dbf_reference_bd_i/dbf_axis_0/inst/u_system/u_datapath/u_core/gen_lane[5].u_lane/u_quant_re/z_out[17]_i_1_n_0
    SLICE_X18Y19         FDRE                                         r  dbf_reference_bd_i/dbf_axis_0/inst/u_system/u_datapath/u_core/gen_lane[5].u_lane/u_quant_re/z_out_reg[17]/D
  -------------------------------------------------------------------    -------------------

                         (clock aclk rise edge)       0.000     0.000 r  
                                                      0.000     0.000 r  aclk (IN)
                         net (fo=5173, unset)         0.432     0.432    dbf_reference_bd_i/dbf_axis_0/inst/u_system/u_datapath/u_core/gen_lane[5].u_lane/u_quant_re/aclk
    SLICE_X18Y19         FDRE                                         r  dbf_reference_bd_i/dbf_axis_0/inst/u_system/u_datapath/u_core/gen_lane[5].u_lane/u_quant_re/z_out_reg[17]/C
                         clock pessimism              0.000     0.432    
    SLICE_X18Y19         FDRE (Hold_fdre_C_D)         0.121     0.553    dbf_reference_bd_i/dbf_axis_0/inst/u_system/u_datapath/u_core/gen_lane[5].u_lane/u_quant_re/z_out_reg[17]
  -------------------------------------------------------------------
                         required time                         -0.553    
                         arrival time                           0.648    
  -------------------------------------------------------------------
                         slack                                  0.096    





Pulse Width Checks
--------------------------------------------------------------------------------------
Clock Name:         aclk
Waveform(ns):       { 0.000 2.500 }
Period(ns):         5.000
Sources:            { aclk }

Check Type        Corner  Lib Pin      Reference Pin  Required(ns)  Actual(ns)  Slack(ns)  Location     Pin
Min Period        n/a     DSP48E1/CLK  n/a            3.884         5.000       1.116      DSP48_X1Y2   dbf_reference_bd_i/dbf_axis_0/inst/u_system/u_datapath/u_core/gen_lane[1].u_lane/u_accum/u_mac/wr_yi_s1_reg/CLK
Low Pulse Width   Slow    FDRE/C       n/a            0.500         2.500       2.000      SLICE_X15Y7  dbf_reference_bd_i/axis_in_fifo_0/inst/gen_fifo.xpm_fifo_axis_inst/gaxis_rst_sync.xpm_cdc_sync_rst_inst/syncstages_ff_reg[0]/C
High Pulse Width  Slow    FDRE/C       n/a            0.500         2.500       2.000      SLICE_X15Y7  dbf_reference_bd_i/axis_in_fifo_0/inst/gen_fifo.xpm_fifo_axis_inst/gaxis_rst_sync.xpm_cdc_sync_rst_inst/syncstages_ff_reg[0]/C



