Copyright 1986-2022 Xilinx, Inc. All Rights Reserved. Copyright 2022-2024 Advanced Micro Devices, Inc. All Rights Reserved.
---------------------------------------------------------------------------------------------------------------------------------------------
| Tool Version : Vivado v.2024.2 (win64) Build 5239630 Fri Nov 08 22:35:27 MST 2024
| Date         : Sun Jun 21 11:44:12 2026
| Host         : Aurora running 64-bit major release  (build 9200)
| Command      : report_methodology -file <STEP14_DIR>/results_step14_dbf_ip_soc_integration/reference_bd/step14_3a_bd_post_route_methodology.rpt
| Design       : dbf_reference_bd_wrapper
| Device       : xc7z020clg400-1
| Speed File   : -1
| Design State : Fully Routed
---------------------------------------------------------------------------------------------------------------------------------------------

Report Methodology

Table of Contents
-----------------
1. REPORT SUMMARY
2. REPORT DETAILS

1. REPORT SUMMARY
-----------------
            Netlist: netlist
          Floorplan: checkpoint_dbf_reference_bd_wrapper_routed
      Design limits: <entire design considered>
             Max checks: <unlimited>
             Checks found: 153
+-----------+----------+-------------------------------+--------+
| Rule      | Severity | Description                   | Checks |
+-----------+----------+-------------------------------+--------+
| TIMING-18 | Warning  | Missing input or output delay | 153    |
+-----------+----------+-------------------------------+--------+

2. REPORT DETAILS
-----------------
TIMING-18#1 Warning
Missing input or output delay  
An input delay is missing on M_AXIS_Z_tready relative to the rising and/or falling clock edge(s) of aclk.
Related violations: <none>

TIMING-18#2 Warning
Missing input or output delay  
An input delay is missing on S_AXIS_Y_tdata[0] relative to the rising and/or falling clock edge(s) of aclk.
Related violations: <none>

TIMING-18#3 Warning
Missing input or output delay  
An input delay is missing on S_AXIS_Y_tdata[10] relative to the rising and/or falling clock edge(s) of aclk.
Related violations: <none>

TIMING-18#4 Warning
Missing input or output delay  
An input delay is missing on S_AXIS_Y_tdata[11] relative to the rising and/or falling clock edge(s) of aclk.
Related violations: <none>

TIMING-18#5 Warning
Missing input or output delay  
An input delay is missing on S_AXIS_Y_tdata[12] relative to the rising and/or falling clock edge(s) of aclk.
Related violations: <none>

TIMING-18#6 Warning
Missing input or output delay  
An input delay is missing on S_AXIS_Y_tdata[13] relative to the rising and/or falling clock edge(s) of aclk.
Related violations: <none>

TIMING-18#7 Warning
Missing input or output delay  
An input delay is missing on S_AXIS_Y_tdata[14] relative to the rising and/or falling clock edge(s) of aclk.
Related violations: <none>

TIMING-18#8 Warning
Missing input or output delay  
An input delay is missing on S_AXIS_Y_tdata[15] relative to the rising and/or falling clock edge(s) of aclk.
Related violations: <none>

TIMING-18#9 Warning
Missing input or output delay  
An input delay is missing on S_AXIS_Y_tdata[16] relative to the rising and/or falling clock edge(s) of aclk.
Related violations: <none>

TIMING-18#10 Warning
Missing input or output delay  
An input delay is missing on S_AXIS_Y_tdata[17] relative to the rising and/or falling clock edge(s) of aclk.
Related violations: <none>

TIMING-18#11 Warning
Missing input or output delay  
An input delay is missing on S_AXIS_Y_tdata[18] relative to the rising and/or falling clock edge(s) of aclk.
Related violations: <none>

TIMING-18#12 Warning
Missing input or output delay  
An input delay is missing on S_AXIS_Y_tdata[19] relative to the rising and/or falling clock edge(s) of aclk.
Related violations: <none>

TIMING-18#13 Warning
Missing input or output delay  
An input delay is missing on S_AXIS_Y_tdata[1] relative to the rising and/or falling clock edge(s) of aclk.
Related violations: <none>

TIMING-18#14 Warning
Missing input or output delay  
An input delay is missing on S_AXIS_Y_tdata[20] relative to the rising and/or falling clock edge(s) of aclk.
Related violations: <none>

TIMING-18#15 Warning
Missing input or output delay  
An input delay is missing on S_AXIS_Y_tdata[21] relative to the rising and/or falling clock edge(s) of aclk.
Related violations: <none>

TIMING-18#16 Warning
Missing input or output delay  
An input delay is missing on S_AXIS_Y_tdata[22] relative to the rising and/or falling clock edge(s) of aclk.
Related violations: <none>

TIMING-18#17 Warning
Missing input or output delay  
An input delay is missing on S_AXIS_Y_tdata[23] relative to the rising and/or falling clock edge(s) of aclk.
Related violations: <none>

TIMING-18#18 Warning
Missing input or output delay  
An input delay is missing on S_AXIS_Y_tdata[24] relative to the rising and/or falling clock edge(s) of aclk.
Related violations: <none>

TIMING-18#19 Warning
Missing input or output delay  
An input delay is missing on S_AXIS_Y_tdata[25] relative to the rising and/or falling clock edge(s) of aclk.
Related violations: <none>

TIMING-18#20 Warning
Missing input or output delay  
An input delay is missing on S_AXIS_Y_tdata[26] relative to the rising and/or falling clock edge(s) of aclk.
Related violations: <none>

TIMING-18#21 Warning
Missing input or output delay  
An input delay is missing on S_AXIS_Y_tdata[27] relative to the rising and/or falling clock edge(s) of aclk.
Related violations: <none>

TIMING-18#22 Warning
Missing input or output delay  
An input delay is missing on S_AXIS_Y_tdata[28] relative to the rising and/or falling clock edge(s) of aclk.
Related violations: <none>

TIMING-18#23 Warning
Missing input or output delay  
An input delay is missing on S_AXIS_Y_tdata[29] relative to the rising and/or falling clock edge(s) of aclk.
Related violations: <none>

TIMING-18#24 Warning
Missing input or output delay  
An input delay is missing on S_AXIS_Y_tdata[2] relative to the rising and/or falling clock edge(s) of aclk.
Related violations: <none>

TIMING-18#25 Warning
Missing input or output delay  
An input delay is missing on S_AXIS_Y_tdata[30] relative to the rising and/or falling clock edge(s) of aclk.
Related violations: <none>

TIMING-18#26 Warning
Missing input or output delay  
An input delay is missing on S_AXIS_Y_tdata[31] relative to the rising and/or falling clock edge(s) of aclk.
Related violations: <none>

TIMING-18#27 Warning
Missing input or output delay  
An input delay is missing on S_AXIS_Y_tdata[3] relative to the rising and/or falling clock edge(s) of aclk.
Related violations: <none>

TIMING-18#28 Warning
Missing input or output delay  
An input delay is missing on S_AXIS_Y_tdata[4] relative to the rising and/or falling clock edge(s) of aclk.
Related violations: <none>

TIMING-18#29 Warning
Missing input or output delay  
An input delay is missing on S_AXIS_Y_tdata[5] relative to the rising and/or falling clock edge(s) of aclk.
Related violations: <none>

TIMING-18#30 Warning
Missing input or output delay  
An input delay is missing on S_AXIS_Y_tdata[6] relative to the rising and/or falling clock edge(s) of aclk.
Related violations: <none>

TIMING-18#31 Warning
Missing input or output delay  
An input delay is missing on S_AXIS_Y_tdata[7] relative to the rising and/or falling clock edge(s) of aclk.
Related violations: <none>

TIMING-18#32 Warning
Missing input or output delay  
An input delay is missing on S_AXIS_Y_tdata[8] relative to the rising and/or falling clock edge(s) of aclk.
Related violations: <none>

TIMING-18#33 Warning
Missing input or output delay  
An input delay is missing on S_AXIS_Y_tdata[9] relative to the rising and/or falling clock edge(s) of aclk.
Related violations: <none>

TIMING-18#34 Warning
Missing input or output delay  
An input delay is missing on S_AXIS_Y_tkeep[0] relative to the rising and/or falling clock edge(s) of aclk.
Related violations: <none>

TIMING-18#35 Warning
Missing input or output delay  
An input delay is missing on S_AXIS_Y_tkeep[1] relative to the rising and/or falling clock edge(s) of aclk.
Related violations: <none>

TIMING-18#36 Warning
Missing input or output delay  
An input delay is missing on S_AXIS_Y_tkeep[2] relative to the rising and/or falling clock edge(s) of aclk.
Related violations: <none>

TIMING-18#37 Warning
Missing input or output delay  
An input delay is missing on S_AXIS_Y_tkeep[3] relative to the rising and/or falling clock edge(s) of aclk.
Related violations: <none>

TIMING-18#38 Warning
Missing input or output delay  
An input delay is missing on S_AXIS_Y_tlast relative to the rising and/or falling clock edge(s) of aclk.
Related violations: <none>

TIMING-18#39 Warning
Missing input or output delay  
An input delay is missing on S_AXIS_Y_tvalid relative to the rising and/or falling clock edge(s) of aclk.
Related violations: <none>

TIMING-18#40 Warning
Missing input or output delay  
An output delay is missing on M_AXIS_Z_tdata[0] relative to the rising and/or falling clock edge(s) of aclk.
Related violations: <none>

TIMING-18#41 Warning
Missing input or output delay  
An output delay is missing on M_AXIS_Z_tdata[10] relative to the rising and/or falling clock edge(s) of aclk.
Related violations: <none>

TIMING-18#42 Warning
Missing input or output delay  
An output delay is missing on M_AXIS_Z_tdata[11] relative to the rising and/or falling clock edge(s) of aclk.
Related violations: <none>

TIMING-18#43 Warning
Missing input or output delay  
An output delay is missing on M_AXIS_Z_tdata[12] relative to the rising and/or falling clock edge(s) of aclk.
Related violations: <none>

TIMING-18#44 Warning
Missing input or output delay  
An output delay is missing on M_AXIS_Z_tdata[13] relative to the rising and/or falling clock edge(s) of aclk.
Related violations: <none>

TIMING-18#45 Warning
Missing input or output delay  
An output delay is missing on M_AXIS_Z_tdata[14] relative to the rising and/or falling clock edge(s) of aclk.
Related violations: <none>

TIMING-18#46 Warning
Missing input or output delay  
An output delay is missing on M_AXIS_Z_tdata[15] relative to the rising and/or falling clock edge(s) of aclk.
Related violations: <none>

TIMING-18#47 Warning
Missing input or output delay  
An output delay is missing on M_AXIS_Z_tdata[16] relative to the rising and/or falling clock edge(s) of aclk.
Related violations: <none>

TIMING-18#48 Warning
Missing input or output delay  
An output delay is missing on M_AXIS_Z_tdata[17] relative to the rising and/or falling clock edge(s) of aclk.
Related violations: <none>

TIMING-18#49 Warning
Missing input or output delay  
An output delay is missing on M_AXIS_Z_tdata[18] relative to the rising and/or falling clock edge(s) of aclk.
Related violations: <none>

TIMING-18#50 Warning
Missing input or output delay  
An output delay is missing on M_AXIS_Z_tdata[19] relative to the rising and/or falling clock edge(s) of aclk.
Related violations: <none>

TIMING-18#51 Warning
Missing input or output delay  
An output delay is missing on M_AXIS_Z_tdata[1] relative to the rising and/or falling clock edge(s) of aclk.
Related violations: <none>

TIMING-18#52 Warning
Missing input or output delay  
An output delay is missing on M_AXIS_Z_tdata[20] relative to the rising and/or falling clock edge(s) of aclk.
Related violations: <none>

TIMING-18#53 Warning
Missing input or output delay  
An output delay is missing on M_AXIS_Z_tdata[21] relative to the rising and/or falling clock edge(s) of aclk.
Related violations: <none>

TIMING-18#54 Warning
Missing input or output delay  
An output delay is missing on M_AXIS_Z_tdata[22] relative to the rising and/or falling clock edge(s) of aclk.
Related violations: <none>

TIMING-18#55 Warning
Missing input or output delay  
An output delay is missing on M_AXIS_Z_tdata[23] relative to the rising and/or falling clock edge(s) of aclk.
Related violations: <none>

TIMING-18#56 Warning
Missing input or output delay  
An output delay is missing on M_AXIS_Z_tdata[24] relative to the rising and/or falling clock edge(s) of aclk.
Related violations: <none>

TIMING-18#57 Warning
Missing input or output delay  
An output delay is missing on M_AXIS_Z_tdata[25] relative to the rising and/or falling clock edge(s) of aclk.
Related violations: <none>

TIMING-18#58 Warning
Missing input or output delay  
An output delay is missing on M_AXIS_Z_tdata[26] relative to the rising and/or falling clock edge(s) of aclk.
Related violations: <none>

TIMING-18#59 Warning
Missing input or output delay  
An output delay is missing on M_AXIS_Z_tdata[27] relative to the rising and/or falling clock edge(s) of aclk.
Related violations: <none>

TIMING-18#60 Warning
Missing input or output delay  
An output delay is missing on M_AXIS_Z_tdata[28] relative to the rising and/or falling clock edge(s) of aclk.
Related violations: <none>

TIMING-18#61 Warning
Missing input or output delay  
An output delay is missing on M_AXIS_Z_tdata[29] relative to the rising and/or falling clock edge(s) of aclk.
Related violations: <none>

TIMING-18#62 Warning
Missing input or output delay  
An output delay is missing on M_AXIS_Z_tdata[2] relative to the rising and/or falling clock edge(s) of aclk.
Related violations: <none>

TIMING-18#63 Warning
Missing input or output delay  
An output delay is missing on M_AXIS_Z_tdata[30] relative to the rising and/or falling clock edge(s) of aclk.
Related violations: <none>

TIMING-18#64 Warning
Missing input or output delay  
An output delay is missing on M_AXIS_Z_tdata[31] relative to the rising and/or falling clock edge(s) of aclk.
Related violations: <none>

TIMING-18#65 Warning
Missing input or output delay  
An output delay is missing on M_AXIS_Z_tdata[32] relative to the rising and/or falling clock edge(s) of aclk.
Related violations: <none>

TIMING-18#66 Warning
Missing input or output delay  
An output delay is missing on M_AXIS_Z_tdata[33] relative to the rising and/or falling clock edge(s) of aclk.
Related violations: <none>

TIMING-18#67 Warning
Missing input or output delay  
An output delay is missing on M_AXIS_Z_tdata[34] relative to the rising and/or falling clock edge(s) of aclk.
Related violations: <none>

TIMING-18#68 Warning
Missing input or output delay  
An output delay is missing on M_AXIS_Z_tdata[35] relative to the rising and/or falling clock edge(s) of aclk.
Related violations: <none>

TIMING-18#69 Warning
Missing input or output delay  
An output delay is missing on M_AXIS_Z_tdata[36] relative to the rising and/or falling clock edge(s) of aclk.
Related violations: <none>

TIMING-18#70 Warning
Missing input or output delay  
An output delay is missing on M_AXIS_Z_tdata[37] relative to the rising and/or falling clock edge(s) of aclk.
Related violations: <none>

TIMING-18#71 Warning
Missing input or output delay  
An output delay is missing on M_AXIS_Z_tdata[38] relative to the rising and/or falling clock edge(s) of aclk.
Related violations: <none>

TIMING-18#72 Warning
Missing input or output delay  
An output delay is missing on M_AXIS_Z_tdata[39] relative to the rising and/or falling clock edge(s) of aclk.
Related violations: <none>

TIMING-18#73 Warning
Missing input or output delay  
An output delay is missing on M_AXIS_Z_tdata[3] relative to the rising and/or falling clock edge(s) of aclk.
Related violations: <none>

TIMING-18#74 Warning
Missing input or output delay  
An output delay is missing on M_AXIS_Z_tdata[40] relative to the rising and/or falling clock edge(s) of aclk.
Related violations: <none>

TIMING-18#75 Warning
Missing input or output delay  
An output delay is missing on M_AXIS_Z_tdata[41] relative to the rising and/or falling clock edge(s) of aclk.
Related violations: <none>

TIMING-18#76 Warning
Missing input or output delay  
An output delay is missing on M_AXIS_Z_tdata[42] relative to the rising and/or falling clock edge(s) of aclk.
Related violations: <none>

TIMING-18#77 Warning
Missing input or output delay  
An output delay is missing on M_AXIS_Z_tdata[43] relative to the rising and/or falling clock edge(s) of aclk.
Related violations: <none>

TIMING-18#78 Warning
Missing input or output delay  
An output delay is missing on M_AXIS_Z_tdata[44] relative to the rising and/or falling clock edge(s) of aclk.
Related violations: <none>

TIMING-18#79 Warning
Missing input or output delay  
An output delay is missing on M_AXIS_Z_tdata[45] relative to the rising and/or falling clock edge(s) of aclk.
Related violations: <none>

TIMING-18#80 Warning
Missing input or output delay  
An output delay is missing on M_AXIS_Z_tdata[46] relative to the rising and/or falling clock edge(s) of aclk.
Related violations: <none>

TIMING-18#81 Warning
Missing input or output delay  
An output delay is missing on M_AXIS_Z_tdata[47] relative to the rising and/or falling clock edge(s) of aclk.
Related violations: <none>

TIMING-18#82 Warning
Missing input or output delay  
An output delay is missing on M_AXIS_Z_tdata[48] relative to the rising and/or falling clock edge(s) of aclk.
Related violations: <none>

TIMING-18#83 Warning
Missing input or output delay  
An output delay is missing on M_AXIS_Z_tdata[49] relative to the rising and/or falling clock edge(s) of aclk.
Related violations: <none>

TIMING-18#84 Warning
Missing input or output delay  
An output delay is missing on M_AXIS_Z_tdata[4] relative to the rising and/or falling clock edge(s) of aclk.
Related violations: <none>

TIMING-18#85 Warning
Missing input or output delay  
An output delay is missing on M_AXIS_Z_tdata[50] relative to the rising and/or falling clock edge(s) of aclk.
Related violations: <none>

TIMING-18#86 Warning
Missing input or output delay  
An output delay is missing on M_AXIS_Z_tdata[51] relative to the rising and/or falling clock edge(s) of aclk.
Related violations: <none>

TIMING-18#87 Warning
Missing input or output delay  
An output delay is missing on M_AXIS_Z_tdata[52] relative to the rising and/or falling clock edge(s) of aclk.
Related violations: <none>

TIMING-18#88 Warning
Missing input or output delay  
An output delay is missing on M_AXIS_Z_tdata[53] relative to the rising and/or falling clock edge(s) of aclk.
Related violations: <none>

TIMING-18#89 Warning
Missing input or output delay  
An output delay is missing on M_AXIS_Z_tdata[54] relative to the rising and/or falling clock edge(s) of aclk.
Related violations: <none>

TIMING-18#90 Warning
Missing input or output delay  
An output delay is missing on M_AXIS_Z_tdata[55] relative to the rising and/or falling clock edge(s) of aclk.
Related violations: <none>

TIMING-18#91 Warning
Missing input or output delay  
An output delay is missing on M_AXIS_Z_tdata[56] relative to the rising and/or falling clock edge(s) of aclk.
Related violations: <none>

TIMING-18#92 Warning
Missing input or output delay  
An output delay is missing on M_AXIS_Z_tdata[57] relative to the rising and/or falling clock edge(s) of aclk.
Related violations: <none>

TIMING-18#93 Warning
Missing input or output delay  
An output delay is missing on M_AXIS_Z_tdata[58] relative to the rising and/or falling clock edge(s) of aclk.
Related violations: <none>

TIMING-18#94 Warning
Missing input or output delay  
An output delay is missing on M_AXIS_Z_tdata[59] relative to the rising and/or falling clock edge(s) of aclk.
Related violations: <none>

TIMING-18#95 Warning
Missing input or output delay  
An output delay is missing on M_AXIS_Z_tdata[5] relative to the rising and/or falling clock edge(s) of aclk.
Related violations: <none>

TIMING-18#96 Warning
Missing input or output delay  
An output delay is missing on M_AXIS_Z_tdata[60] relative to the rising and/or falling clock edge(s) of aclk.
Related violations: <none>

TIMING-18#97 Warning
Missing input or output delay  
An output delay is missing on M_AXIS_Z_tdata[61] relative to the rising and/or falling clock edge(s) of aclk.
Related violations: <none>

TIMING-18#98 Warning
Missing input or output delay  
An output delay is missing on M_AXIS_Z_tdata[62] relative to the rising and/or falling clock edge(s) of aclk.
Related violations: <none>

TIMING-18#99 Warning
Missing input or output delay  
An output delay is missing on M_AXIS_Z_tdata[63] relative to the rising and/or falling clock edge(s) of aclk.
Related violations: <none>

TIMING-18#100 Warning
Missing input or output delay  
An output delay is missing on M_AXIS_Z_tdata[6] relative to the rising and/or falling clock edge(s) of aclk.
Related violations: <none>

TIMING-18#101 Warning
Missing input or output delay  
An output delay is missing on M_AXIS_Z_tdata[7] relative to the rising and/or falling clock edge(s) of aclk.
Related violations: <none>

TIMING-18#102 Warning
Missing input or output delay  
An output delay is missing on M_AXIS_Z_tdata[8] relative to the rising and/or falling clock edge(s) of aclk.
Related violations: <none>

TIMING-18#103 Warning
Missing input or output delay  
An output delay is missing on M_AXIS_Z_tdata[9] relative to the rising and/or falling clock edge(s) of aclk.
Related violations: <none>

TIMING-18#104 Warning
Missing input or output delay  
An output delay is missing on M_AXIS_Z_tkeep[0] relative to the rising and/or falling clock edge(s) of aclk.
Related violations: <none>

TIMING-18#105 Warning
Missing input or output delay  
An output delay is missing on M_AXIS_Z_tkeep[1] relative to the rising and/or falling clock edge(s) of aclk.
Related violations: <none>

TIMING-18#106 Warning
Missing input or output delay  
An output delay is missing on M_AXIS_Z_tkeep[2] relative to the rising and/or falling clock edge(s) of aclk.
Related violations: <none>

TIMING-18#107 Warning
Missing input or output delay  
An output delay is missing on M_AXIS_Z_tkeep[3] relative to the rising and/or falling clock edge(s) of aclk.
Related violations: <none>

TIMING-18#108 Warning
Missing input or output delay  
An output delay is missing on M_AXIS_Z_tkeep[4] relative to the rising and/or falling clock edge(s) of aclk.
Related violations: <none>

TIMING-18#109 Warning
Missing input or output delay  
An output delay is missing on M_AXIS_Z_tkeep[5] relative to the rising and/or falling clock edge(s) of aclk.
Related violations: <none>

TIMING-18#110 Warning
Missing input or output delay  
An output delay is missing on M_AXIS_Z_tkeep[6] relative to the rising and/or falling clock edge(s) of aclk.
Related violations: <none>

TIMING-18#111 Warning
Missing input or output delay  
An output delay is missing on M_AXIS_Z_tkeep[7] relative to the rising and/or falling clock edge(s) of aclk.
Related violations: <none>

TIMING-18#112 Warning
Missing input or output delay  
An output delay is missing on M_AXIS_Z_tlast relative to the rising and/or falling clock edge(s) of aclk.
Related violations: <none>

TIMING-18#113 Warning
Missing input or output delay  
An output delay is missing on M_AXIS_Z_tvalid relative to the rising and/or falling clock edge(s) of aclk.
Related violations: <none>

TIMING-18#114 Warning
Missing input or output delay  
An output delay is missing on S_AXIS_Y_tready relative to the rising and/or falling clock edge(s) of aclk.
Related violations: <none>

TIMING-18#115 Warning
Missing input or output delay  
An output delay is missing on dbf_status_bad_tkeep relative to the rising and/or falling clock edge(s) of aclk.
Related violations: <none>

TIMING-18#116 Warning
Missing input or output delay  
An output delay is missing on dbf_status_busy relative to the rising and/or falling clock edge(s) of aclk.
Related violations: <none>

TIMING-18#117 Warning
Missing input or output delay  
An output delay is missing on dbf_status_clip_seen relative to the rising and/or falling clock edge(s) of aclk.
Related violations: <none>

TIMING-18#118 Warning
Missing input or output delay  
An output delay is missing on dbf_status_early_tlast relative to the rising and/or falling clock edge(s) of aclk.
Related violations: <none>

TIMING-18#119 Warning
Missing input or output delay  
An output delay is missing on dbf_status_frame_count[0] relative to the rising and/or falling clock edge(s) of aclk.
Related violations: <none>

TIMING-18#120 Warning
Missing input or output delay  
An output delay is missing on dbf_status_frame_count[10] relative to the rising and/or falling clock edge(s) of aclk.
Related violations: <none>

TIMING-18#121 Warning
Missing input or output delay  
An output delay is missing on dbf_status_frame_count[11] relative to the rising and/or falling clock edge(s) of aclk.
Related violations: <none>

TIMING-18#122 Warning
Missing input or output delay  
An output delay is missing on dbf_status_frame_count[12] relative to the rising and/or falling clock edge(s) of aclk.
Related violations: <none>

TIMING-18#123 Warning
Missing input or output delay  
An output delay is missing on dbf_status_frame_count[13] relative to the rising and/or falling clock edge(s) of aclk.
Related violations: <none>

TIMING-18#124 Warning
Missing input or output delay  
An output delay is missing on dbf_status_frame_count[14] relative to the rising and/or falling clock edge(s) of aclk.
Related violations: <none>

TIMING-18#125 Warning
Missing input or output delay  
An output delay is missing on dbf_status_frame_count[15] relative to the rising and/or falling clock edge(s) of aclk.
Related violations: <none>

TIMING-18#126 Warning
Missing input or output delay  
An output delay is missing on dbf_status_frame_count[16] relative to the rising and/or falling clock edge(s) of aclk.
Related violations: <none>

TIMING-18#127 Warning
Missing input or output delay  
An output delay is missing on dbf_status_frame_count[17] relative to the rising and/or falling clock edge(s) of aclk.
Related violations: <none>

TIMING-18#128 Warning
Missing input or output delay  
An output delay is missing on dbf_status_frame_count[18] relative to the rising and/or falling clock edge(s) of aclk.
Related violations: <none>

TIMING-18#129 Warning
Missing input or output delay  
An output delay is missing on dbf_status_frame_count[19] relative to the rising and/or falling clock edge(s) of aclk.
Related violations: <none>

TIMING-18#130 Warning
Missing input or output delay  
An output delay is missing on dbf_status_frame_count[1] relative to the rising and/or falling clock edge(s) of aclk.
Related violations: <none>

TIMING-18#131 Warning
Missing input or output delay  
An output delay is missing on dbf_status_frame_count[20] relative to the rising and/or falling clock edge(s) of aclk.
Related violations: <none>

TIMING-18#132 Warning
Missing input or output delay  
An output delay is missing on dbf_status_frame_count[21] relative to the rising and/or falling clock edge(s) of aclk.
Related violations: <none>

TIMING-18#133 Warning
Missing input or output delay  
An output delay is missing on dbf_status_frame_count[22] relative to the rising and/or falling clock edge(s) of aclk.
Related violations: <none>

TIMING-18#134 Warning
Missing input or output delay  
An output delay is missing on dbf_status_frame_count[23] relative to the rising and/or falling clock edge(s) of aclk.
Related violations: <none>

TIMING-18#135 Warning
Missing input or output delay  
An output delay is missing on dbf_status_frame_count[24] relative to the rising and/or falling clock edge(s) of aclk.
Related violations: <none>

TIMING-18#136 Warning
Missing input or output delay  
An output delay is missing on dbf_status_frame_count[25] relative to the rising and/or falling clock edge(s) of aclk.
Related violations: <none>

TIMING-18#137 Warning
Missing input or output delay  
An output delay is missing on dbf_status_frame_count[26] relative to the rising and/or falling clock edge(s) of aclk.
Related violations: <none>

TIMING-18#138 Warning
Missing input or output delay  
An output delay is missing on dbf_status_frame_count[27] relative to the rising and/or falling clock edge(s) of aclk.
Related violations: <none>

TIMING-18#139 Warning
Missing input or output delay  
An output delay is missing on dbf_status_frame_count[28] relative to the rising and/or falling clock edge(s) of aclk.
Related violations: <none>

TIMING-18#140 Warning
Missing input or output delay  
An output delay is missing on dbf_status_frame_count[29] relative to the rising and/or falling clock edge(s) of aclk.
Related violations: <none>

TIMING-18#141 Warning
Missing input or output delay  
An output delay is missing on dbf_status_frame_count[2] relative to the rising and/or falling clock edge(s) of aclk.
Related violations: <none>

TIMING-18#142 Warning
Missing input or output delay  
An output delay is missing on dbf_status_frame_count[30] relative to the rising and/or falling clock edge(s) of aclk.
Related violations: <none>

TIMING-18#143 Warning
Missing input or output delay  
An output delay is missing on dbf_status_frame_count[31] relative to the rising and/or falling clock edge(s) of aclk.
Related violations: <none>

TIMING-18#144 Warning
Missing input or output delay  
An output delay is missing on dbf_status_frame_count[3] relative to the rising and/or falling clock edge(s) of aclk.
Related violations: <none>

TIMING-18#145 Warning
Missing input or output delay  
An output delay is missing on dbf_status_frame_count[4] relative to the rising and/or falling clock edge(s) of aclk.
Related violations: <none>

TIMING-18#146 Warning
Missing input or output delay  
An output delay is missing on dbf_status_frame_count[5] relative to the rising and/or falling clock edge(s) of aclk.
Related violations: <none>

TIMING-18#147 Warning
Missing input or output delay  
An output delay is missing on dbf_status_frame_count[6] relative to the rising and/or falling clock edge(s) of aclk.
Related violations: <none>

TIMING-18#148 Warning
Missing input or output delay  
An output delay is missing on dbf_status_frame_count[7] relative to the rising and/or falling clock edge(s) of aclk.
Related violations: <none>

TIMING-18#149 Warning
Missing input or output delay  
An output delay is missing on dbf_status_frame_count[8] relative to the rising and/or falling clock edge(s) of aclk.
Related violations: <none>

TIMING-18#150 Warning
Missing input or output delay  
An output delay is missing on dbf_status_frame_count[9] relative to the rising and/or falling clock edge(s) of aclk.
Related violations: <none>

TIMING-18#151 Warning
Missing input or output delay  
An output delay is missing on dbf_status_missing_tlast relative to the rising and/or falling clock edge(s) of aclk.
Related violations: <none>

TIMING-18#152 Warning
Missing input or output delay  
An output delay is missing on dbf_status_overflow_seen relative to the rising and/or falling clock edge(s) of aclk.
Related violations: <none>

TIMING-18#153 Warning
Missing input or output delay  
An output delay is missing on dbf_status_protocol_error relative to the rising and/or falling clock edge(s) of aclk.
Related violations: <none>


